test_gate_and_both_admission_backstops (tests.test_survey_longform_publication_integration_v2.LongformPublicationIntegrationV2Tests.test_gate_and_both_admission_backstops) ... ok
test_healthy_frozen_released_readback (tests.test_survey_longform_publication_integration_v2.LongformPublicationIntegrationV2Tests.test_healthy_frozen_released_readback) ... ok
test_mechanical_only_change_rebinds_without_reader_drift (tests.test_survey_longform_publication_integration_v2.LongformPublicationIntegrationV2Tests.test_mechanical_only_change_rebinds_without_reader_drift) ... ok
test_pure_serializer_scanner_and_review_probes (tests.test_survey_longform_publication_integration_v2.LongformPublicationIntegrationV2Tests.test_pure_serializer_scanner_and_review_probes) ... ok
test_receipt_replay_tamper_matrix_and_tool_guards (tests.test_survey_longform_publication_integration_v2.LongformPublicationIntegrationV2Tests.test_receipt_replay_tamper_matrix_and_tool_guards) ... ok
test_two_pass_initial_reviewer_gating (tests.test_survey_longform_publication_integration_v2.LongformPublicationIntegrationV2Tests.test_two_pass_initial_reviewer_gating) ... ok

----------------------------------------------------------------------
Ran 6 tests in 753.158s

OK
{
  "issue_id": "SP001",
  "structured_surface": "sources/SP001/publication/v2/reader-surface-input-v2.json",
  "surface_sha256": "f40db7f6f88f099e13162f51296d0b24874922d80a7ef31fd85329b85a957cd5",
  "status": "SURFACE_MATERIALIZED"
}
{
  "issue_id": "SP001",
  "source_root": "sources/SP001",
  "survey_root": "surveys/special/SP001",
  "source_manifest": "sources/SP001/publication/v2/validated-source-manifest.json",
  "main_tex": "surveys/special/SP001/main.tex",
  "bibliography": "surveys/special/SP001/references.bib",
  "style": "surveys/special/SP001/jgaisurvey.sty"
}
{
  "issue_id": "SP001",
  "structured_surface": "sources/SP001/publication/v2/reader-surface-input-v2.json",
  "surface_sha256": "f40db7f6f88f099e13162f51296d0b24874922d80a7ef31fd85329b85a957cd5",
  "status": "SURFACE_MATERIALIZED"
}
{
  "issue_id": "SP001",
  "source_root": "sources/SP001",
  "survey_root": "surveys/special/SP001",
  "source_manifest": "sources/SP001/publication/v2/validated-source-manifest.json",
  "main_tex": "surveys/special/SP001/main.tex",
  "bibliography": "surveys/special/SP001/references.bib",
  "style": "surveys/special/SP001/jgaisurvey.sty"
}
{
  "issue_id": "SP001",
  "structured_surface": "sources/SP001/publication/v2/reader-surface-input-v2.json",
  "surface_sha256": "f40db7f6f88f099e13162f51296d0b24874922d80a7ef31fd85329b85a957cd5",
  "status": "SURFACE_MATERIALIZED"
}
{
  "issue_id": "SP001",
  "source_root": "sources/SP001",
  "survey_root": "surveys/special/SP001",
  "source_manifest": "sources/SP001/publication/v2/validated-source-manifest.json",
  "main_tex": "surveys/special/SP001/main.tex",
  "bibliography": "surveys/special/SP001/references.bib",
  "style": "surveys/special/SP001/jgaisurvey.sty"
}
{
  "issue_id": "SP001",
  "structured_surface": "sources/SP001/publication/v2/reader-surface-input-v2.json",
  "surface_sha256": "f40db7f6f88f099e13162f51296d0b24874922d80a7ef31fd85329b85a957cd5",
  "status": "SURFACE_MATERIALIZED"
}
{
  "issue_id": "SP001",
  "source_root": "sources/SP001",
  "survey_root": "surveys/special/SP001",
  "source_manifest": "sources/SP001/publication/v2/validated-source-manifest.json",
  "main_tex": "surveys/special/SP001/main.tex",
  "bibliography": "surveys/special/SP001/references.bib",
  "style": "surveys/special/SP001/jgaisurvey.sty"
}
{
  "issue_id": "SP001",
  "structured_surface": "sources/SP001/publication/v2/reader-surface-input-v2.json",
  "surface_sha256": "f40db7f6f88f099e13162f51296d0b24874922d80a7ef31fd85329b85a957cd5",
  "status": "SURFACE_MATERIALIZED"
}
