COMMAND: combined read-only identity, status, remote, alternates, inherited Git environment, hardlink, runtime, and SHA-256 inventory
CWD: /tmp/jgas-rephase-increment-a-sol-copy, /tmp/jgas-rephase-increment-a-parent-witness, /tmp/jgas-rephase-freeze-b1b2
EXIT_CODE: 0
COMBINED_STDOUT_STDERR:
CANDIDATE_IDENTITY
1a9649129d1745fed0b98db46ef15f014407e6fc
5e933aa54034ed227216252a2c8707a59f293acf
bf32edf98ba8f605169d7188bbc764de74ee4f6e
1a9649129d1745fed0b98db46ef15f014407e6fc
5e933aa54034ed227216252a2c8707a59f293acf
bf32edf98ba8f605169d7188bbc764de74ee4f6e
Re:Phase Sol Co-Worker
rephase-sol@example.invalid
Bind Reader Gate to exact stage manuscript
STATUS
?? scripts/__pycache__/
?? tests/__pycache__/
REMOTE
origin	https://example.invalid/rephase-increment-a.git (fetch)
origin	https://example.invalid/rephase-increment-a.git (push)
ALTERNATES
NO_ALTERNATES
INHERITED_GIT_ENV
NONE
LINKCOUNT_GT_1
ORIGIN_CONFIG
https://example.invalid/rephase-increment-a.git
RUNTIME
Python 3.12.14
<stdin>:3: DeprecationWarning: Accessing jsonschema.__version__ is deprecated and will be removed in a future release. Use importlib.metadata directly to query for jsonschema's version.
executable=/tmp/jgas-rephase-application-venv/bin/python
jsonschema=4.23.0
pypdf=6.16.2
CANDIDATE_HASHES
a61322106d964dfdd7945e7df8d7a16d34bf0110c257615e205a776f13659070  scripts/survey_agent_control_v2.py
3be61aefb2b0e67a9cc5bf477486bfe02322318219d031eb50607816728d9be8  scripts/survey_reader_surface_gate_v2.py
7cdb1cdc6bb6245affc79c052c8b450fe9cdb30ee7080742d88b670b9aa65265  scripts/survey_stage_validation_v2.py
69e72162f691fa542e57e44a1398080d650ad9442b2745935f8f3044478496f0  tests/test_survey_exact_manuscript_admission_v2.py
PARENT_IDENTITY
bf32edf98ba8f605169d7188bbc764de74ee4f6e
ebd351479ec222a08b8ea67ae4aae64ad0eb927e
d38f023ce200619f7f49ce17a348755f05e0e021
?? scripts/__pycache__/
?? tests/__pycache__/
origin	https://example.invalid/rephase-increment-a-parent-witness.git (fetch)
origin	https://example.invalid/rephase-increment-a-parent-witness.git (push)
NO_ALTERNATES
PARENT_LINKCOUNT_GT_1
ORIGINAL_F1_IDENTITY_AND_HASHES
bf32edf98ba8f605169d7188bbc764de74ee4f6e
ebd351479ec222a08b8ea67ae4aae64ad0eb927e
d38f023ce200619f7f49ce17a348755f05e0e021
b3e97e81e5e3dedd1807b769fe177160b4d85a9d543e132e10fbe6766e2fd062  docs/survey-production-core-v2-authority.md
4be54267872f4b18b3f8f9118e74064add10e8bc32f036c371c3166cc2b96efb  docs/survey-production-core-v2-execution-record-policy.md
65a6f179f462317c19b5a1169fd8235754efabd0d2e8b2ffc743a6ee50f5b532  docs/survey-production-core-v2-redesign-authority.md
c67d2badad59bd58977e9060792e3dbe89c1c6b9bada8ef4af599c3ce700adad  docs/survey-production-core-v2-session-bootstrap.md
a7861a05e09386328706b91878144abea228774b3d8d0cf37d10cf2583997443  scripts/survey_execution_record_v2.py
14a523589b0a9661edd30c6110a2e63278764aeba5a79e8360446c2d541a8a66  scripts/survey_stage_validation_v2.py
4198b5225d75f73055d9a4138952c97284369ef9314856a795899f53bbc10711  tests/test_survey_findings_v2.py
6a1c83da7fff56e99d53df60e6cd1ec14e91df5c06231dda01f7a5c40cb1f0c1  tests/test_survey_freeze_stage_boundary_v2.py
?? scripts/__pycache__/
?? tests/__pycache__/
