COMMAND: packet file/hash comparison, fresh patch hash comparison, and f1 delta git apply --check
EXIT_CODE: 0
NOTE: application.patch hash comparison was exact; its later temporary-index apply diagnostic is recorded separately.
COMBINED_STDOUT_STDERR:
PACKET_FILES
README.md 2501
affected-regression.log 491
application.patch 83377
candidate-commit.txt 193
candidate-files/scripts/survey_agent_control_v2.py 83997
candidate-files/scripts/survey_reader_surface_gate_v2.py 79790
candidate-files/scripts/survey_stage_validation_v2.py 34336
candidate-files/tests/test_survey_exact_manuscript_admission_v2.py 23347
candidate.json 1703
commands.md 2079
dedicated-unittest.log 2642
failure-history.md 3463
increment-a.patch 34160
isolation.log 3171
parent-witness.log 3431
setup-failure.log 711
CANDIDATE_FILE_HASH_COMPARE
a61322106d964dfdd7945e7df8d7a16d34bf0110c257615e205a776f13659070  scripts/survey_agent_control_v2.py
a61322106d964dfdd7945e7df8d7a16d34bf0110c257615e205a776f13659070  /mnt/d/Git/reconstruct-japanese-generative-ai-survey/notes/rephase-1-increment-a/candidate-files/scripts/survey_agent_control_v2.py
3be61aefb2b0e67a9cc5bf477486bfe02322318219d031eb50607816728d9be8  scripts/survey_reader_surface_gate_v2.py
3be61aefb2b0e67a9cc5bf477486bfe02322318219d031eb50607816728d9be8  /mnt/d/Git/reconstruct-japanese-generative-ai-survey/notes/rephase-1-increment-a/candidate-files/scripts/survey_reader_surface_gate_v2.py
7cdb1cdc6bb6245affc79c052c8b450fe9cdb30ee7080742d88b670b9aa65265  scripts/survey_stage_validation_v2.py
7cdb1cdc6bb6245affc79c052c8b450fe9cdb30ee7080742d88b670b9aa65265  /mnt/d/Git/reconstruct-japanese-generative-ai-survey/notes/rephase-1-increment-a/candidate-files/scripts/survey_stage_validation_v2.py
69e72162f691fa542e57e44a1398080d650ad9442b2745935f8f3044478496f0  tests/test_survey_exact_manuscript_admission_v2.py
69e72162f691fa542e57e44a1398080d650ad9442b2745935f8f3044478496f0  /mnt/d/Git/reconstruct-japanese-generative-ai-survey/notes/rephase-1-increment-a/candidate-files/tests/test_survey_exact_manuscript_admission_v2.py
PATCH_HASH_COMPARE
e5ab9712869ad02b3db7c51cae8371028468f93b7f3fda7fb500efa57c1fc0a1  -
e5ab9712869ad02b3db7c51cae8371028468f93b7f3fda7fb500efa57c1fc0a1  /mnt/d/Git/reconstruct-japanese-generative-ai-survey/notes/rephase-1-increment-a/increment-a.patch
0f4bee2c53e96a2f7dd58a76bee2bdc4040e77114f4102ec3523940886d2bb41  -
0f4bee2c53e96a2f7dd58a76bee2bdc4040e77114f4102ec3523940886d2bb41  /mnt/d/Git/reconstruct-japanese-generative-ai-survey/notes/rephase-1-increment-a/application.patch
DELTA_APPLY_CHECK
OK
