extracted-head=PASS b40de600e9ed1f80cb278213ccf17aa5f3cd9de3
extracted-tree-present=PASS 657032438c6e
shallow-untouched=PASS 774dd39a951c9ac3818e83dfffd4c7666efb0a20
extracted-clean=PASS 
final-ref=PASS 222a37e9ee2aa96724a491f2c04c2583a86b9650
final-tree=PASS dbabeed5e70d79b51abb09b64666ca9e1d0fd5dd
chain-log=PASS 222a37e9e ff6c67f68 490414cef b40de600e 774dd39a9
link:222a37e9e=PASS 
link:ff6c67f68=PASS 
link:490414cef=PASS 
shallow-cutoff=PASS shallow=774dd39a9
merge-base=PASS b40de600e ancestor of 222a37e9e
tree:scripts/survey_profiled_freeze_v2.py=PASS 100644 blob 433c6096e23b6eec4b4869aa932d81bed037be64	scripts/survey_profiled_freeze_v2.py
bytes:scripts/survey_profiled_freeze_v2.py=PASS object=6736B worktree=6736B
index:scripts/survey_profiled_freeze_v2.py=PASS 100644 433c6096e23b6eec4b4869aa932d81bed037be64 0	scripts/su
tree:scripts/survey_publication_v2.py=PASS 100644 blob 90cd35066955de2948e03c76aa55c20166f5de3f	scripts/survey_publication_v2.py
bytes:scripts/survey_publication_v2.py=PASS object=51835B worktree=51835B
index:scripts/survey_publication_v2.py=PASS 100644 90cd35066955de2948e03c76aa55c20166f5de3f 0	scripts/su
tree:tests/test_survey_dm001_019_freeze_equivalence_v2.py=PASS 100644 blob be394ef626cc7ea87403f2307d729f938eff692e	tests/test_survey_dm001_019_freeze_equivalence_v2.py
bytes:tests/test_survey_dm001_019_freeze_equivalence_v2.py=PASS object=92171B worktree=92171B
index:tests/test_survey_dm001_019_freeze_equivalence_v2.py=PASS 100644 be394ef626cc7ea87403f2307d729f938eff692e 0	tests/test
object:222a37e9ee2a=PASS 
object:ff6c67f68e12=PASS 
object:490414cef5be=PASS 
object:dbabeed5e70d=PASS 
object:86b7656fba15=PASS 
object:433c6096e23b=PASS 
object:90cd35066955=PASS 
object:8cffefa65c63=PASS 
object:be394ef626cc=PASS 
object:664c796da983=PASS 
object:25241450abe2=PASS 
object:30a42fee14b0=PASS 
object:0823690775e7=PASS 
object:4f49114cec90=PASS 
object:f5009749e1b2=PASS 
object:5ef87c92a4a6=PASS 
object:8d218aa939d2=PASS 
object:12f22e87f9e0=PASS 
object:c6397f6b56de=PASS 
object:03cc6f9e4098=PASS 
full-tree-refs=PASS 32153 entries
no-real-remotes=PASS remotes='origin\thttps://example.invalid/rephase-candidate-recovery.git (fetch)\norigin\thttps://example.invalid/rephase-candidate-recovery.git (push)'
no-alternates=PASS 
own-store=PASS ino=41687 dev=45
CHAIN_BASE=b40de600e9ed1f80cb278213ccf17aa5f3cd9de3 CHAIN_LEN=4 NEW_OBJECTS=20
RESTORE_RESULT=OK FINAL=222a37e9ee2aa96724a491f2c04c2583a86b9650 TREE=dbabeed5e70d79b51abb09b64666ca9e1d0fd5dd
