== hash gates ==
/home/eariver/git/reconstruct-japanese-generative-ai-survey/notes/rephase-1-candidate-recovery/m3-20261003T0445Z/candidate-partial-b40de60.tar.gz: OK
/home/eariver/git/reconstruct-japanese-generative-ai-survey/notes/rephase-1-dm001-019-implementation/evidence-final-20261003T145621Z/20-packaging/successor-pack.pack: OK
/home/eariver/git/reconstruct-japanese-generative-ai-survey/notes/rephase-1-dm003-w1-implementation/evidence-20261004T072423Z/w1-222-to-e1705b7.pack: OK
/home/eariver/git/reconstruct-japanese-generative-ai-survey/notes/rephase-1-dm004-implementation/evidence-20261004T234535Z/dm004-e1705b7-to-6ffed32.pack: OK
== absent destination ==
== extract archive ==
AGENTS.md
README.md
config
docs
schemas
.git
origin	https://example.invalid/rephase-candidate-recovery.git (fetch)
origin	https://example.invalid/rephase-candidate-recovery.git (push)
== import packs in order ==
== object availability ==
final commit present
e170 present
222 present
== switch actual HEAD ==
Already on 'dm004-final'
HEAD is now at 6ffed32 DM-004 tests: drop unused shutil import
== identity and cleanliness ==
6ffed32298fdaf87874a643b0f9f9b8f837c0256
c3d6ad6ffdadf2d5780a3cd5109555c87fe394cc
22598f1c88f65c2ac08b94203f1e56670113d287
6ffed32 DM-004 tests: drop unused shutil import
22598f1 DM-004 tests: fix remaining sentinel name typo in failfast assertion
d80b5ee DM-004 tests: unique fixture issues, FROZEN-named release checkpoint, sentinel typo fix
3dc4288 DM-004: add read-only validate-state CLI reusing shared agent State validation
e1705b7 DM003-W1: require approved Preview Human==checkpoint agreement in shared State validation
222a37e DM-001/019 final hardening: no close retry, Freeze recheck before Manifest, sentinel/drift tests
ff6c67f DM-001/019 correction: nested/dotdot preflight, collision revalidation, close propagation, PDF alias, snapshot recheck, lstat cleanup
490414c DM-001/019 joint Freeze boundary: shared authority/preflight/pair-writer plus equivalence tests
== alternates check ==
no alternates
== changed-file bytes ==
7c6450c2bb39dd80ff0814bd175dd1cee433b63b
76e4fe5a27b1fc84416c254624a067d1c7f68801
06de5b4742a261759e369f23a2ec1b4ff27ea555c16e754e0a4b6c63012af634  /tmp/opencode/jgas-dm004-restore-20261004T235816Z/candidate-partial-b40de60/scripts/survey_agent_control_v2.py
131eb7b03dcaadaed35d7e855c5ba1903031479c52a7f20887c4ffc882a3b36d  /tmp/opencode/jgas-dm004-restore-20261004T235816Z/candidate-partial-b40de60/tests/test_survey_dm004_release_validate_state_v2.py
RESTORE-DONE
