== chain to 774 ==
490414c DM-001/019 joint Freeze boundary: shared authority/preflight/pair-writer plus equivalence tests
b40de60 Candidate recovery: fixed-baseline 32-path content (A/B/CLI/R1) for DM-001/019 Freeze boundary
774dd39 Merge pull request #496 from eariver/fix/core-v2-prepublication-reader-surface-gate-20260914
== shallow ==
774dd39a951c9ac3818e83dfffd4c7666efb0a20
== modes/blob-bytes ==
100644 blob 7c6450c2bb39dd80ff0814bd175dd1cee433b63b	scripts/survey_agent_control_v2.py
100644 blob 76e4fe5a27b1fc84416c254624a067d1c7f68801	tests/test_survey_dm004_release_validate_state_v2.py
== cmp restored vs impl ==
controller-equal
test-equal
== loose-object inodes impl vs restore ==
6ffed32298fdaf87874a643b0f9f9b8f837c0256 impl=45:55499 restore=45:56960
e1705b7fed01369767ab9d827c0360117d54aa1f impl=45:53505 restore=45:56947
7c6450c2bb39dd80ff0814bd175dd1cee433b63b impl=45:54262 restore=45:56970
== remotes ==
origin	https://example.invalid/rephase-candidate-recovery.git (fetch)
origin	https://example.invalid/rephase-candidate-recovery.git (push)
== status ==
(empty=clean)
