### restore verify (read-only, post-checkout)
e1705b7fed01369767ab9d827c0360117d54aa1f
3d21322587b9e4d3d05d7ae9ef66fbd1d74d3557
e1705b7fed01369767ab9d827c0360117d54aa1f 222a37e9ee2aa96724a491f2c04c2583a86b9650
--- status:
STATUS_END
origin	https://example.invalid/rephase-candidate-recovery.git (fetch)
origin	https://example.invalid/rephase-candidate-recovery.git (push)
--- alternates:
ls: cannot access '.git/objects/info/alternates': No such file or directory
--- shallow:
true
774dd39a951c9ac3818e83dfffd4c7666efb0a20
--- member gates:
PRESENT e1705b7fed01369767ab9d827c0360117d54aa1f
PRESENT 3d21322587b9e4d3d05d7ae9ef66fbd1d74d3557
PRESENT 79b277347028a9880195ededeea5546c6bf9447a
PRESENT d58db79b8ce43a2cb55814a38ff7542ff556f86a
PRESENT 467bd658eeec7139f49b70619cb40f2b0d2628c2
PRESENT 25a7881e573b91e58a9f68f92e8cb3ee77335d9f
PRESENT 0eb328b1a1ac9d41302e3a229836a3d9273c6bbd
--- chain:
commit e1705b7fed01369767ab9d827c0360117d54aa1f
e1705b7fed01369767ab9d827c0360117d54aa1f 222a37e9ee2aa96724a491f2c04c2583a86b9650
commit 222a37e9ee2aa96724a491f2c04c2583a86b9650
222a37e9ee2aa96724a491f2c04c2583a86b9650 ff6c67f68e12b3093901248219f2de2872e54d73
commit ff6c67f68e12b3093901248219f2de2872e54d73
ff6c67f68e12b3093901248219f2de2872e54d73 490414cef5be71d3b373171d8abeb0674b1f1c71
commit 490414cef5be71d3b373171d8abeb0674b1f1c71
490414cef5be71d3b373171d8abeb0674b1f1c71 b40de600e9ed1f80cb278213ccf17aa5f3cd9de3
commit b40de600e9ed1f80cb278213ccf17aa5f3cd9de3
b40de600e9ed1f80cb278213ccf17aa5f3cd9de3 774dd39a951c9ac3818e83dfffd4c7666efb0a20
commit 774dd39a951c9ac3818e83dfffd4c7666efb0a20
774dd39a951c9ac3818e83dfffd4c7666efb0a20 
--- w1 pack verify:
--- 20 pack verify:
