=== PRE identity ===
409b292756dd1277b9dfae87679934c0d2ce251c
pre_head_exit:0
8ce3699861505f32d1d60bdc185d4d4f635aedb2
pre_tree_exit:0
?? schemas/longform-reader-input-v2.schema.json
?? scripts/survey_longform_derivation_v2.py
?? tests/test_survey_longform_derivation_v2.py
pre_status_exit:0
=== PRE guard: only 3 intended new paths ===
untracked_lines:3
?? schemas/longform-reader-input-v2.schema.json
?? scripts/survey_longform_derivation_v2.py
?? tests/test_survey_longform_derivation_v2.py
=== PRE guard: no tracked modifications ===
tracked_diff_exit:0
=== PRE guard: no GIT overrides ===
(no GIT overrides)
=== PRE file snapshot ===
c35eed84b5fe05fdd218581a919fd8aae732ccd4c2bbc9a0c159d8a43e17ba26  /tmp/opencode/jgas-lf1-design-20261009T001653Z/scripts/survey_longform_derivation_v2.py
71156a53b776a82928519b0a3f821cf40bd4279550e0bc4973c7ed27394e588b  /tmp/opencode/jgas-lf1-design-20261009T001653Z/schemas/longform-reader-input-v2.schema.json
f99e1f2190536d7a1f81771bddc95932a8fb15f6fe0213e1875d271b53a2dc90  /tmp/opencode/jgas-lf1-design-20261009T001653Z/tests/test_survey_longform_derivation_v2.py
sha_exit:0
=== RUN ===
20261009T010448Z
F.
======================================================================
FAIL: test_needs_more_evidence_refuses (tests.test_survey_longform_derivation_v2.LongformDerivationV2Tests.test_needs_more_evidence_refuses)
----------------------------------------------------------------------
Traceback (most recent call last):
  File "/tmp/opencode/jgas-lf1-design-20261009T001653Z/tests/test_survey_longform_derivation_v2.py", line 730, in test_needs_more_evidence_refuses
    chain = self._complete_authorities(self._chain(card_status="NEEDS_MORE", views_materiality="HOLD"))
                                       ~~~~~~~~~~~^^^^^^^^^^^^^^^^^^^^^^^^^^^^^^^^^^^^^^^^^^^^^^^^^^^^
  File "/tmp/opencode/jgas-lf1-design-20261009T001653Z/tests/test_survey_longform_derivation_v2.py", line 124, in _chain
    return self._chain_screened(
           ~~~~~~~~~~~~~~~~~~~~^
        helper, root, cfg, head, profile_path, state_path, issue,
        ^^^^^^^^^^^^^^^^^^^^^^^^^^^^^^^^^^^^^^^^^^^^^^^^^^^^^^^^^
        discovery_path, screening, dids, card_hook, card_status, npackages, views_materiality,
        ^^^^^^^^^^^^^^^^^^^^^^^^^^^^^^^^^^^^^^^^^^^^^^^^^^^^^^^^^^^^^^^^^^^^^^^^^^^^^^^^^^^^^^
    )
    ^
  File "/tmp/opencode/jgas-lf1-design-20261009T001653Z/tests/test_survey_longform_derivation_v2.py", line 297, in _chain_screened
    self.assertEqual(summary["readiness"]["status"], "READY_FOR_ARCHITECTURE_REVIEW")
    ~~~~~~~~~~~~~~~~^^^^^^^^^^^^^^^^^^^^^^^^^^^^^^^^^^^^^^^^^^^^^^^^^^^^^^^^^^^^^^^^^
AssertionError: 'BLOCKED' != 'READY_FOR_ARCHITECTURE_REVIEW'
- BLOCKED
+ READY_FOR_ARCHITECTURE_REVIEW


----------------------------------------------------------------------
Ran 2 tests in 65.609s

FAILED (failures=1)
unittest_exit:1
=== POST guard: only 3 intended new paths ===
?? schemas/longform-reader-input-v2.schema.json
?? scripts/survey_longform_derivation_v2.py
?? tests/test_survey_longform_derivation_v2.py
=== POST guard: no tracked modifications ===
tracked_diff_exit:0
=== POST file snapshot ===
c35eed84b5fe05fdd218581a919fd8aae732ccd4c2bbc9a0c159d8a43e17ba26  /tmp/opencode/jgas-lf1-design-20261009T001653Z/scripts/survey_longform_derivation_v2.py
71156a53b776a82928519b0a3f821cf40bd4279550e0bc4973c7ed27394e588b  /tmp/opencode/jgas-lf1-design-20261009T001653Z/schemas/longform-reader-input-v2.schema.json
f99e1f2190536d7a1f81771bddc95932a8fb15f6fe0213e1875d271b53a2dc90  /tmp/opencode/jgas-lf1-design-20261009T001653Z/tests/test_survey_longform_derivation_v2.py
sha_exit:0
DONE
