=== PRE identity ===
409b292756dd1277b9dfae87679934c0d2ce251c
pre_head_exit:0
8ce3699861505f32d1d60bdc185d4d4f635aedb2
pre_tree_exit:0
?? schemas/longform-reader-input-v2.schema.json
?? scripts/survey_longform_derivation_v2.py
?? tests/test_survey_longform_derivation_v2.py
pre_status_exit:0
=== PRE guard: only 3 intended new paths ===
untracked_lines:3
?? schemas/longform-reader-input-v2.schema.json
?? scripts/survey_longform_derivation_v2.py
?? tests/test_survey_longform_derivation_v2.py
=== PRE guard: no tracked modifications ===
tracked_diff_exit:0
=== PRE guard: no GIT overrides ===
(no GIT overrides)
=== PRE file snapshot ===
32d85f36edb7546474f674842a7acd22927ba06af2b97ab0c1888b1ccb7cafc4  /tmp/opencode/jgas-lf1-design-20261009T001653Z/scripts/survey_longform_derivation_v2.py
71156a53b776a82928519b0a3f821cf40bd4279550e0bc4973c7ed27394e588b  /tmp/opencode/jgas-lf1-design-20261009T001653Z/schemas/longform-reader-input-v2.schema.json
c41ac888cb240c715ffe61d9cc217a2330d5bdfd5ccfb6ad155673bcaad3502e  /tmp/opencode/jgas-lf1-design-20261009T001653Z/tests/test_survey_longform_derivation_v2.py
sha_exit:0
=== RUN ===
20261009T003943Z
E
======================================================================
ERROR: test_valid_single_did_projects_every_category (tests.test_survey_longform_derivation_v2.LongformDerivationV2Tests.test_valid_single_did_projects_every_category)
----------------------------------------------------------------------
Traceback (most recent call last):
  File "/tmp/opencode/jgas-lf1-design-20261009T001653Z/tests/test_survey_longform_derivation_v2.py", line 608, in test_valid_single_did_projects_every_category
    state_path = self._current_state(chain)
  File "/tmp/opencode/jgas-lf1-design-20261009T001653Z/tests/test_survey_longform_derivation_v2.py", line 578, in _current_state
    synthesis_input = drafting.build_synthesis_input(
        self.root, chain["profile_path"], chain["source_root"] / "architecture-v2.json",
    ...<5 lines>...
        ],
    )
  File "/tmp/opencode/jgas-lf1-design-20261009T001653Z/scripts/survey_drafting_v2_base.py", line 736, in build_synthesis_input
    raise ValueError("Draft Result invalid before Synthesis: " + "; ".join(errors))
ValueError: Draft Result invalid before Synthesis: Draft Result basis does not bind exact Package/prompt bytes

----------------------------------------------------------------------
Ran 1 test in 56.837s

FAILED (errors=1)
unittest_exit:1
=== POST guard: only 3 intended new paths ===
?? schemas/longform-reader-input-v2.schema.json
?? scripts/survey_longform_derivation_v2.py
?? tests/test_survey_longform_derivation_v2.py
=== POST guard: no tracked modifications ===
tracked_diff_exit:0
=== POST file snapshot ===
32d85f36edb7546474f674842a7acd22927ba06af2b97ab0c1888b1ccb7cafc4  /tmp/opencode/jgas-lf1-design-20261009T001653Z/scripts/survey_longform_derivation_v2.py
71156a53b776a82928519b0a3f821cf40bd4279550e0bc4973c7ed27394e588b  /tmp/opencode/jgas-lf1-design-20261009T001653Z/schemas/longform-reader-input-v2.schema.json
c41ac888cb240c715ffe61d9cc217a2330d5bdfd5ccfb6ad155673bcaad3502e  /tmp/opencode/jgas-lf1-design-20261009T001653Z/tests/test_survey_longform_derivation_v2.py
sha_exit:0
DONE
