=== R1 round2 final suite (committed successor) ===
HEAD: b74db679f03908048db91420a8f262d412b8f58c
TREE: 515b5e93a29ba82d87f6fa81c7ecbaf2c3701bb0
PARENT: 57853cb76d3189b862f1edabe46b83cfc0c7bd29
DATE-UTC: 2026-09-29T13:36:58Z
CWD: /tmp/jgas-rephase-mechanical-r1-20260928T000710Z
ARGV: /tmp/jgas-rephase-application-venv/bin/python3.12 -m unittest tests.test_survey_gate_cli_persisted_review_v2 -v
PYTHON: Python 3.12.14
DEPS: attrs 26.1.0;jsonschema 4.23.0;jsonschema-specifications 2025.9.1;pypdf 6.16.2;referencing 0.37.0;rpds-py 2026.6.3;typing_extensions 4.16.0;
SOURCE-SHA256:
b8baaadbc167c89a77a54ae83c61598012faa31eb2924576e942a68c635e0a5c  scripts/survey_weekly_mechanical_refresh_v2.py
5e38b86b609e2726f9a3af6f0686426b4237b9d6e388e39d8efc360f6ede4bc0  scripts/survey_agent_control_v2.py
818b173544b7f048300ba610d7cf7942693f22938305600312f3f54ac6318f4f  scripts/survey_reader_surface_gate_v2.py
1cb1f705cd2481b93ddacc93e5c20e2f0adf1622effe86e5ccf0fce4ce6ed2cc  scripts/survey_weekly_derivation_v2.py
06d157fd8f4a65a832f4a764035c47dc97665b8481fa86b0c8db29b31a040b04  tests/test_survey_weekly_mechanical_refresh_v2.py
c6b6e24579a594f47030489ed99799de1604854edf979abc68c550e22d070457  tests/test_survey_publication_revalidation_v2.py
901b6d03163ea9f6f748cd4082c3c30dfdae539b3e51c169da39497bd2b6f57c  docs/weekly-mechanical-refresh.md
--- unittest start ---
test_authority_object_and_findings_separation (tests.test_survey_gate_cli_persisted_review_v2.GateCliPersistedReviewV2Tests.test_authority_object_and_findings_separation) ... ok
test_direct_primary_cli_admission_absolute_relative_and_cwd (tests.test_survey_gate_cli_persisted_review_v2.GateCliPersistedReviewV2Tests.test_direct_primary_cli_admission_absolute_relative_and_cwd) ... ok
test_direct_primary_cli_negative_cases (tests.test_survey_gate_cli_persisted_review_v2.GateCliPersistedReviewV2Tests.test_direct_primary_cli_negative_cases) ... ok
test_generated_weekly_cli_admission_and_readback (tests.test_survey_gate_cli_persisted_review_v2.GateCliPersistedReviewV2Tests.test_generated_weekly_cli_admission_and_readback) ... ok
test_unrelated_same_issue_manuscript_rejected (tests.test_survey_gate_cli_persisted_review_v2.GateCliPersistedReviewV2Tests.test_unrelated_same_issue_manuscript_rejected) ... ok

----------------------------------------------------------------------
Ran 5 tests in 40.137s

OK
{
  "issue_id": "2026-W37",
  "structured_surface": "sources/2026-W37/publication/v2/reader-surface-input-v2.json",
  "surface_sha256": "136c0dd8a2bf4c5b4323993ff3882524c760d902f2a463b93bcd6fe95a948635",
  "status": "SURFACE_MATERIALIZED"
}
{
  "issue_id": "2026-W37",
  "source_root": "sources/2026-W37",
  "survey_root": "surveys/weekly/2026-W37",
  "source_manifest": "sources/2026-W37/publication/v2/validated-source-manifest.json",
  "main_tex": "surveys/weekly/2026-W37/main.tex",
  "bibliography": "surveys/weekly/2026-W37/references.bib",
  "style": "surveys/weekly/2026-W37/jgaisurvey.sty",
  "subject_result": "sources/2026-W37/publication/v2/quality/subject-entity-property-binding.json",
  "identifier_tokens": [
    "2026-W37",
    "Target Model"
  ]
}
EXIT:0
