=== R1 round2 final suite (committed successor) ===
HEAD: b74db679f03908048db91420a8f262d412b8f58c
TREE: 515b5e93a29ba82d87f6fa81c7ecbaf2c3701bb0
PARENT: 57853cb76d3189b862f1edabe46b83cfc0c7bd29
DATE-UTC: 2026-09-29T13:37:44Z
CWD: /tmp/jgas-rephase-mechanical-r1-20260928T000710Z
ARGV: /tmp/jgas-rephase-application-venv/bin/python3.12 -m unittest tests.test_survey_weekly_mechanical_refresh_v2 -v
PYTHON: Python 3.12.14
DEPS: attrs 26.1.0;jsonschema 4.23.0;jsonschema-specifications 2025.9.1;pypdf 6.16.2;referencing 0.37.0;rpds-py 2026.6.3;typing_extensions 4.16.0;
SOURCE-SHA256:
b8baaadbc167c89a77a54ae83c61598012faa31eb2924576e942a68c635e0a5c  scripts/survey_weekly_mechanical_refresh_v2.py
5e38b86b609e2726f9a3af6f0686426b4237b9d6e388e39d8efc360f6ede4bc0  scripts/survey_agent_control_v2.py
818b173544b7f048300ba610d7cf7942693f22938305600312f3f54ac6318f4f  scripts/survey_reader_surface_gate_v2.py
1cb1f705cd2481b93ddacc93e5c20e2f0adf1622effe86e5ccf0fce4ce6ed2cc  scripts/survey_weekly_derivation_v2.py
06d157fd8f4a65a832f4a764035c47dc97665b8481fa86b0c8db29b31a040b04  tests/test_survey_weekly_mechanical_refresh_v2.py
c6b6e24579a594f47030489ed99799de1604854edf979abc68c550e22d070457  tests/test_survey_publication_revalidation_v2.py
901b6d03163ea9f6f748cd4082c3c30dfdae539b3e51c169da39497bd2b6f57c  docs/weekly-mechanical-refresh.md
--- unittest start ---
test_accepted_and_authored_mutation_refused (tests.test_survey_weekly_mechanical_refresh_v2.WeeklyMechanicalRefreshV2Tests.test_accepted_and_authored_mutation_refused) ... ok
test_active_predecessor_not_noop_and_artifact_only_noop (tests.test_survey_weekly_mechanical_refresh_v2.WeeklyMechanicalRefreshV2Tests.test_active_predecessor_not_noop_and_artifact_only_noop) ... ok
test_alias_state_and_inside_root_symlinks_refused (tests.test_survey_weekly_mechanical_refresh_v2.WeeklyMechanicalRefreshV2Tests.test_alias_state_and_inside_root_symlinks_refused) ... ok
test_atomic_replace_temp_ownership (tests.test_survey_weekly_mechanical_refresh_v2.WeeklyMechanicalRefreshV2Tests.test_atomic_replace_temp_ownership) ... ok
test_bundle_result_drift_before_and_after_receipt (tests.test_survey_weekly_mechanical_refresh_v2.WeeklyMechanicalRefreshV2Tests.test_bundle_result_drift_before_and_after_receipt) ... ok
test_canonical_publication_names_binding (tests.test_survey_weekly_mechanical_refresh_v2.WeeklyMechanicalRefreshV2Tests.test_canonical_publication_names_binding) ... ok
test_changed_renderer_output_refused (tests.test_survey_weekly_mechanical_refresh_v2.WeeklyMechanicalRefreshV2Tests.test_changed_renderer_output_refused) ... ok
test_dirty_and_untracked_control_refused (tests.test_survey_weekly_mechanical_refresh_v2.WeeklyMechanicalRefreshV2Tests.test_dirty_and_untracked_control_refused) ... ok
test_first_and_repeat_success (tests.test_survey_weekly_mechanical_refresh_v2.WeeklyMechanicalRefreshV2Tests.test_first_and_repeat_success) ... ok
test_foreign_guard_replacement_and_removal_retained (tests.test_survey_weekly_mechanical_refresh_v2.WeeklyMechanicalRefreshV2Tests.test_foreign_guard_replacement_and_removal_retained) ... ok
test_gate_equality_requires_complete_fields (tests.test_survey_weekly_mechanical_refresh_v2.WeeklyMechanicalRefreshV2Tests.test_gate_equality_requires_complete_fields) ... ok
test_gate_failure_restores_owned_receipt (tests.test_survey_weekly_mechanical_refresh_v2.WeeklyMechanicalRefreshV2Tests.test_gate_failure_restores_owned_receipt) ... ok
test_head_drift_refused (tests.test_survey_weekly_mechanical_refresh_v2.WeeklyMechanicalRefreshV2Tests.test_head_drift_refused) ... ok
test_malformed_old_authority_refused (tests.test_survey_weekly_mechanical_refresh_v2.WeeklyMechanicalRefreshV2Tests.test_malformed_old_authority_refused) ... {
  "issue_id": "2026-W37",
  "structured_surface": "sources/2026-W37/publication/v2/reader-surface-input-v2.json",
  "surface_sha256": "136c0dd8a2bf4c5b4323993ff3882524c760d902f2a463b93bcd6fe95a948635",
  "status": "SURFACE_MATERIALIZED"
}
{
  "issue_id": "2026-W37",
  "source_root": "sources/2026-W37",
  "survey_root": "surveys/weekly/2026-W37",
  "source_manifest": "sources/2026-W37/publication/v2/validated-source-manifest.json",
  "main_tex": "surveys/weekly/2026-W37/main.tex",
  "bibliography": "surveys/weekly/2026-W37/references.bib",
  "style": "surveys/weekly/2026-W37/jgaisurvey.sty",
  "subject_result": "sources/2026-W37/publication/v2/quality/subject-entity-property-binding.json",
  "identifier_tokens": [
    "2026-W37",
    "Target Model"
  ]
}
{
  "issue_id": "2026-W37",
  "structured_surface": "sources/2026-W37/publication/v2/reader-surface-input-v2.json",
  "surface_sha256": "136c0dd8a2bf4c5b4323993ff3882524c760d902f2a463b93bcd6fe95a948635",
  "status": "SURFACE_MATERIALIZED"
}
{
  "issue_id": "2026-W37",
  "source_root": "sources/2026-W37",
  "survey_root": "surveys/weekly/2026-W37",
  "source_manifest": "sources/2026-W37/publication/v2/validated-source-manifest.json",
  "main_tex": "surveys/weekly/2026-W37/main.tex",
  "bibliography": "surveys/weekly/2026-W37/references.bib",
  "style": "surveys/weekly/2026-W37/jgaisurvey.sty",
  "subject_result": "sources/2026-W37/publication/v2/quality/subject-entity-property-binding.json",
  "identifier_tokens": [
    "2026-W37",
    "Target Model"
  ]
}
{
  "issue_id": "2026-W37",
  "structured_surface": "sources/2026-W37/publication/v2/reader-surface-input-v2.json",
  "surface_sha256": "136c0dd8a2bf4c5b4323993ff3882524c760d902f2a463b93bcd6fe95a948635",
  "status": "SURFACE_MATERIALIZED"
}
{
  "issue_id": "2026-W37",
  "source_root": "sources/2026-W37",
  "survey_root": "surveys/weekly/2026-W37",
  "source_manifest": "sources/2026-W37/publication/v2/validated-source-manifest.json",
  "main_tex": "surveys/weekly/2026-W37/main.tex",
  "bibliography": "surveys/weekly/2026-W37/references.bib",
  "style": "surveys/weekly/2026-W37/jgaisurvey.sty",
  "subject_result": "sources/2026-W37/publication/v2/quality/subject-entity-property-binding.json",
  "identifier_tokens": [
    "2026-W37",
    "Target Model"
  ]
}
{
  "issue_id": "2026-W37",
  "structured_surface": "sources/2026-W37/publication/v2/reader-surface-input-v2.json",
  "surface_sha256": "136c0dd8a2bf4c5b4323993ff3882524c760d902f2a463b93bcd6fe95a948635",
  "status": "SURFACE_MATERIALIZED"
}
{
  "issue_id": "2026-W37",
  "source_root": "sources/2026-W37",
  "survey_root": "surveys/weekly/2026-W37",
  "source_manifest": "sources/2026-W37/publication/v2/validated-source-manifest.json",
  "main_tex": "surveys/weekly/2026-W37/main.tex",
  "bibliography": "surveys/weekly/2026-W37/references.bib",
  "style": "surveys/weekly/2026-W37/jgaisurvey.sty",
  "subject_result": "sources/2026-W37/publication/v2/quality/subject-entity-property-binding.json",
  "identifier_tokens": [
    "2026-W37",
    "Target Model"
  ]
}
{
  "issue_id": "2026-W37",
  "structured_surface": "sources/2026-W37/publication/v2/reader-surface-input-v2.json",
  "surface_sha256": "136c0dd8a2bf4c5b4323993ff3882524c760d902f2a463b93bcd6fe95a948635",
  "status": "SURFACE_MATERIALIZED"
}
{
  "issue_id": "2026-W37",
  "source_root": "sources/2026-W37",
  "survey_root": "surveys/weekly/2026-W37",
  "source_manifest": "sources/2026-W37/publication/v2/validated-source-manifest.json",
  "main_tex": "surveys/weekly/2026-W37/main.tex",
  "bibliography": "surveys/weekly/2026-W37/references.bib",
  "style": "surveys/weekly/2026-W37/jgaisurvey.sty",
  "subject_result": "sources/2026-W37/publication/v2/quality/subject-entity-property-binding.json",
  "identifier_tokens": [
    "2026-W37",
    "Target Model"
  ]
}
{
  "issue_id": "2026-W37",
  "structured_surface": "sources/2026-W37/publication/v2/reader-surface-input-v2.json",
  "surface_sha256": "136c0dd8a2bf4c5b4323993ff3882524c760d902f2a463b93bcd6fe95a948635",
  "status": "SURFACE_MATERIALIZED"
}
{
  "issue_id": "2026-W37",
  "source_root": "sources/2026-W37",
  "survey_root": "surveys/weekly/2026-W37",
  "source_manifest": "sources/2026-W37/publication/v2/validated-source-manifest.json",
  "main_tex": "surveys/weekly/2026-W37/main.tex",
  "bibliography": "surveys/weekly/2026-W37/references.bib",
  "style": "surveys/weekly/2026-W37/jgaisurvey.sty",
  "subject_result": "sources/2026-W37/publication/v2/quality/subject-entity-property-binding.json",
  "identifier_tokens": [
    "2026-W37",
    "Target Model"
  ]
}
{
  "issue_id": "2026-W37",
  "structured_surface": "sources/2026-W37/publication/v2/reader-surface-input-v2.json",
  "surface_sha256": "136c0dd8a2bf4c5b4323993ff3882524c760d902f2a463b93bcd6fe95a948635",
  "status": "SURFACE_MATERIALIZED"
}
{
  "issue_id": "2026-W37",
  "source_root": "sources/2026-W37",
  "survey_root": "surveys/weekly/2026-W37",
  "source_manifest": "sources/2026-W37/publication/v2/validated-source-manifest.json",
  "main_tex": "surveys/weekly/2026-W37/main.tex",
  "bibliography": "surveys/weekly/2026-W37/references.bib",
  "style": "surveys/weekly/2026-W37/jgaisurvey.sty",
  "subject_result": "sources/2026-W37/publication/v2/quality/subject-entity-property-binding.json",
  "identifier_tokens": [
    "2026-W37",
    "Target Model"
  ]
}
{
  "issue_id": "2026-W37",
  "structured_surface": "sources/2026-W37/publication/v2/reader-surface-input-v2.json",
  "surface_sha256": "136c0dd8a2bf4c5b4323993ff3882524c760d902f2a463b93bcd6fe95a948635",
  "status": "SURFACE_MATERIALIZED"
}
{
  "issue_id": "2026-W37",
  "source_root": "sources/2026-W37",
  "survey_root": "surveys/weekly/2026-W37",
  "source_manifest": "sources/2026-W37/publication/v2/validated-source-manifest.json",
  "main_tex": "surveys/weekly/2026-W37/main.tex",
  "bibliography": "surveys/weekly/2026-W37/references.bib",
  "style": "surveys/weekly/2026-W37/jgaisurvey.sty",
  "subject_result": "sources/2026-W37/publication/v2/quality/subject-entity-property-binding.json",
  "identifier_tokens": [
    "2026-W37",
    "Target Model"
  ]
}
{
  "issue_id": "2026-W37",
  "structured_surface": "sources/2026-W37/publication/v2/reader-surface-input-v2.json",
  "surface_sha256": "136c0dd8a2bf4c5b4323993ff3882524c760d902f2a463b93bcd6fe95a948635",
  "status": "SURFACE_MATERIALIZED"
}
{
  "issue_id": "2026-W37",
  "source_root": "sources/2026-W37",
  "survey_root": "surveys/weekly/2026-W37",
  "source_manifest": "sources/2026-W37/publication/v2/validated-source-manifest.json",
  "main_tex": "surveys/weekly/2026-W37/main.tex",
  "bibliography": "surveys/weekly/2026-W37/references.bib",
  "style": "surveys/weekly/2026-W37/jgaisurvey.sty",
  "subject_result": "sources/2026-W37/publication/v2/quality/subject-entity-property-binding.json",
  "identifier_tokens": [
    "2026-W37",
    "Target Model"
  ]
}
{
  "issue_id": "2026-W37",
  "structured_surface": "sources/2026-W37/publication/v2/reader-surface-input-v2.json",
  "surface_sha256": "136c0dd8a2bf4c5b4323993ff3882524c760d902f2a463b93bcd6fe95a948635",
  "status": "SURFACE_MATERIALIZED"
}
{
  "issue_id": "2026-W37",
  "source_root": "sources/2026-W37",
  "survey_root": "surveys/weekly/2026-W37",
  "source_manifest": "sources/2026-W37/publication/v2/validated-source-manifest.json",
  "main_tex": "surveys/weekly/2026-W37/main.tex",
  "bibliography": "surveys/weekly/2026-W37/references.bib",
  "style": "surveys/weekly/2026-W37/jgaisurvey.sty",
  "subject_result": "sources/2026-W37/publication/v2/quality/subject-entity-property-binding.json",
  "identifier_tokens": [
    "2026-W37",
    "Target Model"
  ]
}
{
  "issue_id": "2026-W37",
  "structured_surface": "sources/2026-W37/publication/v2/reader-surface-input-v2.json",
  "surface_sha256": "136c0dd8a2bf4c5b4323993ff3882524c760d902f2a463b93bcd6fe95a948635",
  "status": "SURFACE_MATERIALIZED"
}
{
  "issue_id": "2026-W37",
  "source_root": "sources/2026-W37",
  "survey_root": "surveys/weekly/2026-W37",
  "source_manifest": "sources/2026-W37/publication/v2/validated-source-manifest.json",
  "main_tex": "surveys/weekly/2026-W37/main.tex",
  "bibliography": "surveys/weekly/2026-W37/references.bib",
  "style": "surveys/weekly/2026-W37/jgaisurvey.sty",
  "subject_result": "sources/2026-W37/publication/v2/quality/subject-entity-property-binding.json",
  "identifier_tokens": [
    "2026-W37",
    "Target Model"
  ]
}ok
test_metadata_revalidation_effective_rows_then_refresh (tests.test_survey_weekly_mechanical_refresh_v2.WeeklyMechanicalRefreshV2Tests.test_metadata_revalidation_effective_rows_then_refresh) ... ok
test_occupied_guard_refuses_without_clobber (tests.test_survey_weekly_mechanical_refresh_v2.WeeklyMechanicalRefreshV2Tests.test_occupied_guard_refuses_without_clobber) ... ok
test_partial_api_record_state_write_retained (tests.test_survey_weekly_mechanical_refresh_v2.WeeklyMechanicalRefreshV2Tests.test_partial_api_record_state_write_retained) ... ok
test_post_preflight_drift_refused_without_writes (tests.test_survey_weekly_mechanical_refresh_v2.WeeklyMechanicalRefreshV2Tests.test_post_preflight_drift_refused_without_writes) ... ok
test_postcommit_reporting_does_not_rollback (tests.test_survey_weekly_mechanical_refresh_v2.WeeklyMechanicalRefreshV2Tests.test_postcommit_reporting_does_not_rollback) ... ok
test_pre_install_control_change_unsupported (tests.test_survey_weekly_mechanical_refresh_v2.WeeklyMechanicalRefreshV2Tests.test_pre_install_control_change_unsupported) ... ok
test_public_validators_still_reject_without_bypass (tests.test_survey_weekly_mechanical_refresh_v2.WeeklyMechanicalRefreshV2Tests.test_public_validators_still_reject_without_bypass) ... ok
test_record_collision_preserves_foreign_record (tests.test_survey_weekly_mechanical_refresh_v2.WeeklyMechanicalRefreshV2Tests.test_record_collision_preserves_foreign_record) ... ok
test_record_inventory_unreadable_fails_closed_without_writes (tests.test_survey_weekly_mechanical_refresh_v2.WeeklyMechanicalRefreshV2Tests.test_record_inventory_unreadable_fails_closed_without_writes) ... ok
test_retention_collision_refuses_without_live_write (tests.test_survey_weekly_mechanical_refresh_v2.WeeklyMechanicalRefreshV2Tests.test_retention_collision_refuses_without_live_write) ... ok
test_retention_symlink_refuses_without_live_write (tests.test_survey_weekly_mechanical_refresh_v2.WeeklyMechanicalRefreshV2Tests.test_retention_symlink_refuses_without_live_write) ... ok
test_revalidation_failure_restores_owned_files (tests.test_survey_weekly_mechanical_refresh_v2.WeeklyMechanicalRefreshV2Tests.test_revalidation_failure_restores_owned_files) ... 
{
  "issue_id": "2026-W37",
  "structured_surface": "sources/2026-W37/publication/v2/reader-surface-input-v2.json",
  "surface_sha256": "136c0dd8a2bf4c5b4323993ff3882524c760d902f2a463b93bcd6fe95a948635",
  "status": "SURFACE_MATERIALIZED"
}
{
  "issue_id": "2026-W37",
  "source_root": "sources/2026-W37",
  "survey_root": "surveys/weekly/2026-W37",
  "source_manifest": "sources/2026-W37/publication/v2/validated-source-manifest.json",
  "main_tex": "surveys/weekly/2026-W37/main.tex",
  "bibliography": "surveys/weekly/2026-W37/references.bib",
  "style": "surveys/weekly/2026-W37/jgaisurvey.sty",
  "subject_result": "sources/2026-W37/publication/v2/quality/subject-entity-property-binding.json",
  "identifier_tokens": [
    "2026-W37",
    "Target Model"
  ]
}
{
  "issue_id": "2026-W37",
  "structured_surface": "sources/2026-W37/publication/v2/reader-surface-input-v2.json",
  "surface_sha256": "136c0dd8a2bf4c5b4323993ff3882524c760d902f2a463b93bcd6fe95a948635",
  "status": "SURFACE_MATERIALIZED"
}
{
  "issue_id": "2026-W37",
  "source_root": "sources/2026-W37",
  "survey_root": "surveys/weekly/2026-W37",
  "source_manifest": "sources/2026-W37/publication/v2/validated-source-manifest.json",
  "main_tex": "surveys/weekly/2026-W37/main.tex",
  "bibliography": "surveys/weekly/2026-W37/references.bib",
  "style": "surveys/weekly/2026-W37/jgaisurvey.sty",
  "subject_result": "sources/2026-W37/publication/v2/quality/subject-entity-property-binding.json",
  "identifier_tokens": [
    "2026-W37",
    "Target Model"
  ]
}
{
  "issue_id": "2026-W37",
  "structured_surface": "sources/2026-W37/publication/v2/reader-surface-input-v2.json",
  "surface_sha256": "136c0dd8a2bf4c5b4323993ff3882524c760d902f2a463b93bcd6fe95a948635",
  "status": "SURFACE_MATERIALIZED"
}
{
  "issue_id": "2026-W37",
  "source_root": "sources/2026-W37",
  "survey_root": "surveys/weekly/2026-W37",
  "source_manifest": "sources/2026-W37/publication/v2/validated-source-manifest.json",
  "main_tex": "surveys/weekly/2026-W37/main.tex",
  "bibliography": "surveys/weekly/2026-W37/references.bib",
  "style": "surveys/weekly/2026-W37/jgaisurvey.sty",
  "subject_result": "sources/2026-W37/publication/v2/quality/subject-entity-property-binding.json",
  "identifier_tokens": [
    "2026-W37",
    "Target Model"
  ]
}
{
  "issue_id": "2026-W37",
  "structured_surface": "sources/2026-W37/publication/v2/reader-surface-input-v2.json",
  "surface_sha256": "136c0dd8a2bf4c5b4323993ff3882524c760d902f2a463b93bcd6fe95a948635",
  "status": "SURFACE_MATERIALIZED"
}
{
  "issue_id": "2026-W37",
  "source_root": "sources/2026-W37",
  "survey_root": "surveys/weekly/2026-W37",
  "source_manifest": "sources/2026-W37/publication/v2/validated-source-manifest.json",
  "main_tex": "surveys/weekly/2026-W37/main.tex",
  "bibliography": "surveys/weekly/2026-W37/references.bib",
  "style": "surveys/weekly/2026-W37/jgaisurvey.sty",
  "subject_result": "sources/2026-W37/publication/v2/quality/subject-entity-property-binding.json",
  "identifier_tokens": [
    "2026-W37",
    "Target Model"
  ]
}
{
  "issue_id": "2026-W37",
  "structured_surface": "sources/2026-W37/publication/v2/reader-surface-input-v2.json",
  "surface_sha256": "136c0dd8a2bf4c5b4323993ff3882524c760d902f2a463b93bcd6fe95a948635",
  "status": "SURFACE_MATERIALIZED"
}
{
  "issue_id": "2026-W37",
  "source_root": "sources/2026-W37",
  "survey_root": "surveys/weekly/2026-W37",
  "source_manifest": "sources/2026-W37/publication/v2/validated-source-manifest.json",
  "main_tex": "surveys/weekly/2026-W37/main.tex",
  "bibliography": "surveys/weekly/2026-W37/references.bib",
  "style": "surveys/weekly/2026-W37/jgaisurvey.sty",
  "subject_result": "sources/2026-W37/publication/v2/quality/subject-entity-property-binding.json",
  "identifier_tokens": [
    "2026-W37",
    "Target Model"
  ]
}
{
  "issue_id": "2026-W37",
  "structured_surface": "sources/2026-W37/publication/v2/reader-surface-input-v2.json",
  "surface_sha256": "136c0dd8a2bf4c5b4323993ff3882524c760d902f2a463b93bcd6fe95a948635",
  "status": "SURFACE_MATERIALIZED"
}
{
  "issue_id": "2026-W37",
  "source_root": "sources/2026-W37",
  "survey_root": "surveys/weekly/2026-W37",
  "source_manifest": "sources/2026-W37/publication/v2/validated-source-manifest.json",
  "main_tex": "surveys/weekly/2026-W37/main.tex",
  "bibliography": "surveys/weekly/2026-W37/references.bib",
  "style": "surveys/weekly/2026-W37/jgaisurvey.sty",
  "subject_result": "sources/2026-W37/publication/v2/quality/subject-entity-property-binding.json",
  "identifier_tokens": [
    "2026-W37",
    "Target Model"
  ]
}
{
  "issue_id": "2026-W37",
  "structured_surface": "sources/2026-W37/publication/v2/reader-surface-input-v2.json",
  "surface_sha256": "136c0dd8a2bf4c5b4323993ff3882524c760d902f2a463b93bcd6fe95a948635",
  "status": "SURFACE_MATERIALIZED"
}
{
  "issue_id": "2026-W37",
  "source_root": "sources/2026-W37",
  "survey_root": "surveys/weekly/2026-W37",
  "source_manifest": "sources/2026-W37/publication/v2/validated-source-manifest.json",
  "main_tex": "surveys/weekly/2026-W37/main.tex",
  "bibliography": "surveys/weekly/2026-W37/references.bib",
  "style": "surveys/weekly/2026-W37/jgaisurvey.sty",
  "subject_result": "sources/2026-W37/publication/v2/quality/subject-entity-property-binding.json",
  "identifier_tokens": [
    "2026-W37",
    "Target Model"
  ]
}
{
  "issue_id": "2026-W37",
  "structured_surface": "sources/2026-W37/publication/v2/reader-surface-input-v2.json",
  "surface_sha256": "136c0dd8a2bf4c5b4323993ff3882524c760d902f2a463b93bcd6fe95a948635",
  "status": "SURFACE_MATERIALIZED"
}
{
  "issue_id": "2026-W37",
  "source_root": "sources/2026-W37",
  "survey_root": "surveys/weekly/2026-W37",
  "source_manifest": "sources/2026-W37/publication/v2/validated-source-manifest.json",
  "main_tex": "surveys/weekly/2026-W37/main.tex",
  "bibliography": "surveys/weekly/2026-W37/references.bib",
  "style": "surveys/weekly/2026-W37/jgaisurvey.sty",
  "subject_result": "sources/2026-W37/publication/v2/quality/subject-entity-property-binding.json",
  "identifier_tokens": [
    "2026-W37",
    "Target Model"
  ]
}
{
  "issue_id": "2026-W37",
  "structured_surface": "sources/2026-W37/publication/v2/reader-surface-input-v2.json",
  "surface_sha256": "136c0dd8a2bf4c5b4323993ff3882524c760d902f2a463b93bcd6fe95a948635",
  "status": "SURFACE_MATERIALIZED"
}
{
  "issue_id": "2026-W37",
  "source_root": "sources/2026-W37",
  "survey_root": "surveys/weekly/2026-W37",
  "source_manifest": "sources/2026-W37/publication/v2/validated-source-manifest.json",
  "main_tex": "surveys/weekly/2026-W37/main.tex",
  "bibliography": "surveys/weekly/2026-W37/references.bib",
  "style": "surveys/weekly/2026-W37/jgaisurvey.sty",
  "subject_result": "sources/2026-W37/publication/v2/quality/subject-entity-property-binding.json",
  "identifier_tokens": [
    "2026-W37",
    "Target Model"
  ]
}
{
  "issue_id": "2026-W37",
  "structured_surface": "sources/2026-W37/publication/v2/reader-surface-input-v2.json",
  "surface_sha256": "136c0dd8a2bf4c5b4323993ff3882524c760d902f2a463b93bcd6fe95a948635",
  "status": "SURFACE_MATERIALIZED"
}
{
  "issue_id": "2026-W37",
  "source_root": "sources/2026-W37",
  "survey_root": "surveys/weekly/2026-W37",
  "source_manifest": "sources/2026-W37/publication/v2/validated-source-manifest.json",
  "main_tex": "surveys/weekly/2026-W37/main.tex",
  "bibliography": "surveys/weekly/2026-W37/references.bib",
  "style": "surveys/weekly/2026-W37/jgaisurvey.sty",
  "subject_result": "sources/2026-W37/publication/v2/quality/subject-entity-property-binding.json",
  "identifier_tokens": [
    "2026-W37",
    "Target Model"
  ]
}
{
  "issue_id": "2026-W37",
  "structured_surface": "sources/2026-W37/publication/v2/reader-surface-input-v2.json",
  "surface_sha256": "136c0dd8a2bf4c5b4323993ff3882524c760d902f2a463b93bcd6fe95a948635",
  "status": "SURFACE_MATERIALIZED"
}
{
  "issue_id": "2026-W37",
  "source_root": "sources/2026-W37",
  "survey_root": "surveys/weekly/2026-W37",
  "source_manifest": "sources/2026-W37/publication/v2/validated-source-manifest.json",
  "main_tex": "surveys/weekly/2026-W37/main.tex",
  "bibliography": "surveys/weekly/2026-W37/references.bib",
  "style": "surveys/weekly/2026-W37/jgaisurvey.sty",
  "subject_result": "sources/2026-W37/publication/v2/quality/subject-entity-property-binding.json",
  "identifier_tokens": [
    "2026-W37",
    "Target Model"
  ]
}ok
test_review_contract_change_refused (tests.test_survey_weekly_mechanical_refresh_v2.WeeklyMechanicalRefreshV2Tests.test_review_contract_change_refused) ... ok
test_same_byte_record_swap_retains_guard (tests.test_survey_weekly_mechanical_refresh_v2.WeeklyMechanicalRefreshV2Tests.test_same_byte_record_swap_retains_guard) ... ok
test_staged_control_change_refused_before_writes (tests.test_survey_weekly_mechanical_refresh_v2.WeeklyMechanicalRefreshV2Tests.test_staged_control_change_refused_before_writes) ... ok
test_state_drift_refused (tests.test_survey_weekly_mechanical_refresh_v2.WeeklyMechanicalRefreshV2Tests.test_state_drift_refused) ... ok
test_symlink_helpers_reject_ancestors (tests.test_survey_weekly_mechanical_refresh_v2.WeeklyMechanicalRefreshV2Tests.test_symlink_helpers_reject_ancestors) ... ok
test_two_cooperating_calls_controlled_overlap (tests.test_survey_weekly_mechanical_refresh_v2.WeeklyMechanicalRefreshV2Tests.test_two_cooperating_calls_controlled_overlap) ... ok
test_validation_checkpoint_agent_review_null_result (tests.test_survey_weekly_mechanical_refresh_v2.WeeklyMechanicalRefreshV2Tests.test_validation_checkpoint_agent_review_null_result) ... ok
test_validation_report_drift_before_and_after_receipt (tests.test_survey_weekly_mechanical_refresh_v2.WeeklyMechanicalRefreshV2Tests.test_validation_report_drift_before_and_after_receipt) ... ok

----------------------------------------------------------------------
Ran 34 tests in 1677.448s

OK

{
  "issue_id": "2026-W37",
  "structured_surface": "sources/2026-W37/publication/v2/reader-surface-input-v2.json",
  "surface_sha256": "136c0dd8a2bf4c5b4323993ff3882524c760d902f2a463b93bcd6fe95a948635",
  "status": "SURFACE_MATERIALIZED"
}
{
  "issue_id": "2026-W37",
  "source_root": "sources/2026-W37",
  "survey_root": "surveys/weekly/2026-W37",
  "source_manifest": "sources/2026-W37/publication/v2/validated-source-manifest.json",
  "main_tex": "surveys/weekly/2026-W37/main.tex",
  "bibliography": "surveys/weekly/2026-W37/references.bib",
  "style": "surveys/weekly/2026-W37/jgaisurvey.sty",
  "subject_result": "sources/2026-W37/publication/v2/quality/subject-entity-property-binding.json",
  "identifier_tokens": [
    "2026-W37",
    "Target Model"
  ]
}
{
  "issue_id": "2026-W37",
  "structured_surface": "sources/2026-W37/publication/v2/reader-surface-input-v2.json",
  "surface_sha256": "136c0dd8a2bf4c5b4323993ff3882524c760d902f2a463b93bcd6fe95a948635",
  "status": "SURFACE_MATERIALIZED"
}
{
  "issue_id": "2026-W37",
  "source_root": "sources/2026-W37",
  "survey_root": "surveys/weekly/2026-W37",
  "source_manifest": "sources/2026-W37/publication/v2/validated-source-manifest.json",
  "main_tex": "surveys/weekly/2026-W37/main.tex",
  "bibliography": "surveys/weekly/2026-W37/references.bib",
  "style": "surveys/weekly/2026-W37/jgaisurvey.sty",
  "subject_result": "sources/2026-W37/publication/v2/quality/subject-entity-property-binding.json",
  "identifier_tokens": [
    "2026-W37",
    "Target Model"
  ]
}
{
  "issue_id": "2026-W37",
  "structured_surface": "sources/2026-W37/publication/v2/reader-surface-input-v2.json",
  "surface_sha256": "136c0dd8a2bf4c5b4323993ff3882524c760d902f2a463b93bcd6fe95a948635",
  "status": "SURFACE_MATERIALIZED"
}
{
  "issue_id": "2026-W37",
  "source_root": "sources/2026-W37",
  "survey_root": "surveys/weekly/2026-W37",
  "source_manifest": "sources/2026-W37/publication/v2/validated-source-manifest.json",
  "main_tex": "surveys/weekly/2026-W37/main.tex",
  "bibliography": "surveys/weekly/2026-W37/references.bib",
  "style": "surveys/weekly/2026-W37/jgaisurvey.sty",
  "subject_result": "sources/2026-W37/publication/v2/quality/subject-entity-property-binding.json",
  "identifier_tokens": [
    "2026-W37",
    "Target Model"
  ]
}
{
  "issue_id": "2026-W37",
  "structured_surface": "sources/2026-W37/publication/v2/reader-surface-input-v2.json",
  "surface_sha256": "136c0dd8a2bf4c5b4323993ff3882524c760d902f2a463b93bcd6fe95a948635",
  "status": "SURFACE_MATERIALIZED"
}
{
  "issue_id": "2026-W37",
  "source_root": "sources/2026-W37",
  "survey_root": "surveys/weekly/2026-W37",
  "source_manifest": "sources/2026-W37/publication/v2/validated-source-manifest.json",
  "main_tex": "surveys/weekly/2026-W37/main.tex",
  "bibliography": "surveys/weekly/2026-W37/references.bib",
  "style": "surveys/weekly/2026-W37/jgaisurvey.sty",
  "subject_result": "sources/2026-W37/publication/v2/quality/subject-entity-property-binding.json",
  "identifier_tokens": [
    "2026-W37",
    "Target Model"
  ]
}
{
  "issue_id": "2026-W37",
  "structured_surface": "sources/2026-W37/publication/v2/reader-surface-input-v2.json",
  "surface_sha256": "136c0dd8a2bf4c5b4323993ff3882524c760d902f2a463b93bcd6fe95a948635",
  "status": "SURFACE_MATERIALIZED"
}
{
  "issue_id": "2026-W37",
  "source_root": "sources/2026-W37",
  "survey_root": "surveys/weekly/2026-W37",
  "source_manifest": "sources/2026-W37/publication/v2/validated-source-manifest.json",
  "main_tex": "surveys/weekly/2026-W37/main.tex",
  "bibliography": "surveys/weekly/2026-W37/references.bib",
  "style": "surveys/weekly/2026-W37/jgaisurvey.sty",
  "subject_result": "sources/2026-W37/publication/v2/quality/subject-entity-property-binding.json",
  "identifier_tokens": [
    "2026-W37",
    "Target Model"
  ]
}
{
  "issue_id": "2026-W37",
  "structured_surface": "sources/2026-W37/publication/v2/reader-surface-input-v2.json",
  "surface_sha256": "136c0dd8a2bf4c5b4323993ff3882524c760d902f2a463b93bcd6fe95a948635",
  "status": "SURFACE_MATERIALIZED"
}
{
  "issue_id": "2026-W37",
  "source_root": "sources/2026-W37",
  "survey_root": "surveys/weekly/2026-W37",
  "source_manifest": "sources/2026-W37/publication/v2/validated-source-manifest.json",
  "main_tex": "surveys/weekly/2026-W37/main.tex",
  "bibliography": "surveys/weekly/2026-W37/references.bib",
  "style": "surveys/weekly/2026-W37/jgaisurvey.sty",
  "subject_result": "sources/2026-W37/publication/v2/quality/subject-entity-property-binding.json",
  "identifier_tokens": [
    "2026-W37",
    "Target Model"
  ]
}
{
  "issue_id": "2026-W37",
  "structured_surface": "sources/2026-W37/publication/v2/reader-surface-input-v2.json",
  "surface_sha256": "136c0dd8a2bf4c5b4323993ff3882524c760d902f2a463b93bcd6fe95a948635",
  "status": "SURFACE_MATERIALIZED"
}
{
  "issue_id": "2026-W37",
  "source_root": "sources/2026-W37",
  "survey_root": "surveys/weekly/2026-W37",
  "source_manifest": "sources/2026-W37/publication/v2/validated-source-manifest.json",
  "main_tex": "surveys/weekly/2026-W37/main.tex",
  "bibliography": "surveys/weekly/2026-W37/references.bib",
  "style": "surveys/weekly/2026-W37/jgaisurvey.sty",
  "subject_result": "sources/2026-W37/publication/v2/quality/subject-entity-property-binding.json",
  "identifier_tokens": [
    "2026-W37",
    "Target Model"
  ]
}
EXIT:0
