HEAD=cb96ab97045b0d0767f38806809d33e383bac73d
TREE=d1c38c423eb8a93898ba33a9939e48cfaaaecf12
Python 3.12.14
e2e403ac0e1451f429fa177fa088f33ab3979e992100b654796b2315d3c354a4  scripts/survey_weekly_derivation_v2.py
53315030a7bcf154675cbb8dee4f903bc7186e42dbb45da7d0e2ed57fef0f3f7  scripts/survey_weekly_semantic_publication_v2.py
9ed0ddc377298fa7acfa287f600a66abcdd773e601c97efcbc51063ee1c8f90e  tests/test_survey_increment_b_weekly_derivation_v2.py
STATUS_BEGIN
 M scripts/survey_weekly_derivation_v2.py
 M scripts/survey_weekly_semantic_publication_v2.py
 M tests/test_survey_bibliography_access_provenance_v2.py
 M tests/test_survey_increment_b_boundary_matrix_v2.py
 M tests/test_survey_increment_b_weekly_derivation_v2.py
 M tests/test_survey_weekly_evidence_authority_v2.py
?? scripts/__pycache__/
?? tests/__pycache__/
STATUS_END
{
  "issue_id": "2026-W37",
  "structured_surface": "sources/2026-W37/publication/v2/reader-surface-input-v2.json",
  "surface_sha256": "136c0dd8a2bf4c5b4323993ff3882524c760d902f2a463b93bcd6fe95a948635",
  "status": "SURFACE_MATERIALIZED"
}
{
  "issue_id": "2026-W37",
  "source_root": "sources/2026-W37",
  "survey_root": "surveys/weekly/2026-W37",
  "source_manifest": "sources/2026-W37/publication/v2/validated-source-manifest.json",
  "main_tex": "surveys/weekly/2026-W37/main.tex",
  "bibliography": "surveys/weekly/2026-W37/references.bib",
  "style": "surveys/weekly/2026-W37/jgaisurvey.sty",
  "subject_result": "sources/2026-W37/publication/v2/quality/subject-entity-property-binding.json",
  "identifier_tokens": [
    "2026-W37",
    "Target Model"
  ]
}
test_accepted_weekly_two_pass_publication (tests.test_survey_increment_b_weekly_derivation_v2.IncrementBWeeklyDerivationV2Tests.test_accepted_weekly_two_pass_publication) ... ok

----------------------------------------------------------------------
Ran 1 test in 206.633s

OK
