HEAD=c04f32ad46109403e8a63faaa8394a90ee6b869c
TREE=7dbcbbdb499ea6c7d33417a16144107320e1fd06
PARENT=cb96ab97045b0d0767f38806809d33e383bac73d
Python 3.12.14
/tmp/jgas-rephase-application-venv/bin/python3.12: No module named pip
e2e403ac0e1451f429fa177fa088f33ab3979e992100b654796b2315d3c354a4  scripts/survey_weekly_derivation_v2.py
53315030a7bcf154675cbb8dee4f903bc7186e42dbb45da7d0e2ed57fef0f3f7  scripts/survey_weekly_semantic_publication_v2.py
9ed0ddc377298fa7acfa287f600a66abcdd773e601c97efcbc51063ee1c8f90e  tests/test_survey_increment_b_weekly_derivation_v2.py
4f4d2c3b0c490accef0361925a8977c6eee1e32f6c4e8b78b945777b6bc06de7  tests/test_survey_increment_b_boundary_matrix_v2.py
2767aee2efa1ebc0ee8aa03d510d7d72165ae890c989f676fe779f6886d5cf2e  tests/test_survey_bibliography_access_provenance_v2.py
a665cc75e7ce3f070b56e2abb8ae88c3457cbeaf7d0969aa247c12817b0ed614  tests/test_survey_weekly_evidence_authority_v2.py
TEST_COMMAND=/tmp/jgas-rephase-application-venv/bin/python3.12 -m unittest -v [14 explicit modules]
test_accepted_weekly_chain_probe (tests.test_survey_increment_b_weekly_derivation_v2.IncrementBWeeklyDerivationV2Tests.test_accepted_weekly_chain_probe) ... ok
test_accepted_weekly_current_state_probe (tests.test_survey_increment_b_weekly_derivation_v2.IncrementBWeeklyDerivationV2Tests.test_accepted_weekly_current_state_probe) ... ok
test_accepted_weekly_two_pass_publication (tests.test_survey_increment_b_weekly_derivation_v2.IncrementBWeeklyDerivationV2Tests.test_accepted_weekly_two_pass_publication) ... ok
test_bib_special_text_is_escaped_and_url_is_preserved (tests.test_survey_increment_b_weekly_derivation_v2.IncrementBWeeklyDerivationV2Tests.test_bib_special_text_is_escaped_and_url_is_preserved) ... ok
test_historical_visible_omission_projection_matrix (tests.test_survey_increment_b_weekly_derivation_v2.IncrementBWeeklyDerivationV2Tests.test_historical_visible_omission_projection_matrix) ... ok
test_receipt_basis_controls_reject_dirty_and_committed_changes (tests.test_survey_increment_b_weekly_derivation_v2.IncrementBWeeklyDerivationV2Tests.test_receipt_basis_controls_reject_dirty_and_committed_changes) ... ok
test_unbraced_repository_includes_are_rejected (tests.test_survey_increment_b_weekly_derivation_v2.IncrementBWeeklyDerivationV2Tests.test_unbraced_repository_includes_are_rejected) ... ok
test_weekly_closing_source_must_be_exact_accepted_profile_value (tests.test_survey_increment_b_weekly_derivation_v2.IncrementBWeeklyDerivationV2Tests.test_weekly_closing_source_must_be_exact_accepted_profile_value) ... ok
test_accepted_card_bibliography_identity_and_ambiguous_capture_stop (tests.test_survey_increment_b_boundary_matrix_v2.IncrementBBoundaryMatrixV2Tests.test_accepted_card_bibliography_identity_and_ambiguous_capture_stop) ... ok
test_direct_primary_requires_exact_reviewed_primary_bytes (tests.test_survey_increment_b_boundary_matrix_v2.IncrementBBoundaryMatrixV2Tests.test_direct_primary_requires_exact_reviewed_primary_bytes) ... ok
test_generated_schema_route_profile_and_explicit_review_target_fail_before_outputs (tests.test_survey_increment_b_boundary_matrix_v2.IncrementBBoundaryMatrixV2Tests.test_generated_schema_route_profile_and_explicit_review_target_fail_before_outputs) ... ok
test_live_accepted_second_discovery_id_rejects_stale_result_refs (tests.test_survey_increment_b_boundary_matrix_v2.IncrementBBoundaryMatrixV2Tests.test_live_accepted_second_discovery_id_rejects_stale_result_refs) ... ok
test_live_archive_none_mode_rejects_accepted_result_refs (tests.test_survey_increment_b_boundary_matrix_v2.IncrementBBoundaryMatrixV2Tests.test_live_archive_none_mode_rejects_accepted_result_refs) ... ok
test_nonreader_runner_annotation_keeps_pure_projection_but_live_checkpoint_rejects_mutation (tests.test_survey_increment_b_boundary_matrix_v2.IncrementBBoundaryMatrixV2Tests.test_nonreader_runner_annotation_keeps_pure_projection_but_live_checkpoint_rejects_mutation) ... ok
test_pure_alternate_citation_resolution_with_distinct_refs_rejects_stale_result (tests.test_survey_increment_b_boundary_matrix_v2.IncrementBBoundaryMatrixV2Tests.test_pure_alternate_citation_resolution_with_distinct_refs_rejects_stale_result) ... ok
test_bibliography_leakage_detected (tests.test_survey_reader_surface_gate_v2.SurveyReaderSurfaceGateV2Tests.test_bibliography_leakage_detected)
Bibliography containing [V/M] tags or internal tmp paths is blocked. ... ok
test_clean_reader_prose_passes_gate (tests.test_survey_reader_surface_gate_v2.SurveyReaderSurfaceGateV2Tests.test_clean_reader_prose_passes_gate)
Clean reader-facing prose passes with 0 blocking findings. ... ok
test_longform_revision_strengthened_validator (tests.test_survey_reader_surface_gate_v2.SurveyReaderSurfaceGateV2Tests.test_longform_revision_strengthened_validator)
survey_longform_publication_v2 validates all reader text via strengthened surface gate. ... ok
test_missing_reader_surface_gate_artifact_blocks_stage (tests.test_survey_reader_surface_gate_v2.SurveyReaderSurfaceGateV2Tests.test_missing_reader_surface_gate_artifact_blocks_stage)
DRAFT_COMPLETE and VALIDATED_DRAFT require reader-surface-gate artifact. ... ok
test_missing_semantic_authority_fails (tests.test_survey_reader_surface_gate_v2.SurveyReaderSurfaceGateV2Tests.test_missing_semantic_authority_fails)
Omitting machine-checkable semantic_authority raises ValueError and cannot PASS. ... ok
test_must_cover_cop_out_fails (tests.test_survey_reader_surface_gate_v2.SurveyReaderSurfaceGateV2Tests.test_must_cover_cop_out_fails)
Asserting 'Architecture requires X' instead of explaining facts is blocked. ... ok
test_narrow_allowlist_suppression_allows_pass (tests.test_survey_reader_surface_gate_v2.SurveyReaderSurfaceGateV2Tests.test_narrow_allowlist_suppression_allows_pass)
Narrow allowlist with audited reason converts finding to SUPPRESSED and allows pass. ... ok
test_pre_tex_structured_reader_surface_validation_catches_leakage (tests.test_survey_reader_surface_gate_v2.SurveyReaderSurfaceGateV2Tests.test_pre_tex_structured_reader_surface_validation_catches_leakage)
Pre-TeX structured reader-facing scan detects blocking leakage before TeX generation. ... ok
test_required_a_production_synthetic_builder_absent (tests.test_survey_reader_surface_gate_v2.SurveyReaderSurfaceGateV2Tests.test_required_a_production_synthetic_builder_absent)
Test A: Production synthetic builder absent - shared production API cannot manufacture PASS. ... ok
test_required_b_missing_semantic_checks (tests.test_survey_reader_surface_gate_v2.SurveyReaderSurfaceGateV2Tests.test_required_b_missing_semantic_checks)
Test B: Missing semantic checks - decision=PASS and findings=[] without required checks fails. ... ok
test_required_c_empty_semantic_check_evidence (tests.test_survey_reader_surface_gate_v2.SurveyReaderSurfaceGateV2Tests.test_required_c_empty_semantic_check_evidence)
Test C: Empty semantic check evidence - detail="" or evidence_locations=[] fails. ... ok
test_required_d_required_semantic_check_fail (tests.test_survey_reader_surface_gate_v2.SurveyReaderSurfaceGateV2Tests.test_required_d_required_semantic_check_fail)
Test D: Required semantic check FAIL - READER_PIPELINE_INDEPENDENCE=FAIL prevents overall review PASS. ... ok
test_required_e_authentic_pass (tests.test_survey_reader_surface_gate_v2.SurveyReaderSurfaceGateV2Tests.test_required_e_authentic_pass)
Test E: Authentic PASS - bound to exact surface, correct review kind, required check PASS, valid digest. ... ok
test_required_f_legacy_publication_review_rejected (tests.test_survey_reader_surface_gate_v2.SurveyReaderSurfaceGateV2Tests.test_required_f_legacy_publication_review_rejected)
Test F: Legacy publication review rejected - valid publication-review-record-v2 fails pre-TeX gate. ... ok
test_required_g_malformed_new_review_does_not_fallback (tests.test_survey_reader_surface_gate_v2.SurveyReaderSurfaceGateV2Tests.test_required_g_malformed_new_review_does_not_fallback)
Test G: Malformed new review does not fallback - corrupted review fails closed. ... ok
test_required_h_stale_new_review (tests.test_survey_reader_surface_gate_v2.SurveyReaderSurfaceGateV2Tests.test_required_h_stale_new_review)
Test H: Stale new review - modifying surface payload after review creation fails validation. ... ok
test_review_rationale_meta_rebuttal_fails (tests.test_survey_reader_surface_gate_v2.SurveyReaderSurfaceGateV2Tests.test_review_rationale_meta_rebuttal_fails)
Meta-rebuttal to prior review comments is blocked. ... ok
test_semantic_authority_non_pass_fails (tests.test_survey_reader_surface_gate_v2.SurveyReaderSurfaceGateV2Tests.test_semantic_authority_non_pass_fails)
Semantic authority with non-PASS status/decision triggers blocking finding. ... ok
test_semantic_authority_surface_sha_mismatch_fails (tests.test_survey_reader_surface_gate_v2.SurveyReaderSurfaceGateV2Tests.test_semantic_authority_surface_sha_mismatch_fails)
Semantic authority bound to wrong primary surface SHA triggers blocking finding. ... ok
test_semantic_layer_review_contract_evaluation (tests.test_survey_reader_surface_gate_v2.SurveyReaderSurfaceGateV2Tests.test_semantic_layer_review_contract_evaluation)
Semantic review layer flags process-dependent prose with proposed normalization. ... ok
test_special_leakage_fixture_fails_fast (tests.test_survey_reader_surface_gate_v2.SurveyReaderSurfaceGateV2Tests.test_special_leakage_fixture_fails_fast)
Special longform leakage (D017, 本 package, 一次資料として昇格させない, Verify, materiality) fails fast. ... ok
test_validate_reader_surface_gate_identity_mismatch_fails (tests.test_survey_reader_surface_gate_v2.SurveyReaderSurfaceGateV2Tests.test_validate_reader_surface_gate_identity_mismatch_fails)
Independent validator rejects issue_id or publication_profile identity mismatch. ... ok
test_validate_reader_surface_gate_stale_surface_sha_or_bytes_fails (tests.test_survey_reader_surface_gate_v2.SurveyReaderSurfaceGateV2Tests.test_validate_reader_surface_gate_stale_surface_sha_or_bytes_fails)
Independent validator catches drifted or mutated on-disk surface bytes. ... ok
test_validate_reader_surface_gate_tampered_gate_sha_fails (tests.test_survey_reader_surface_gate_v2.SurveyReaderSurfaceGateV2Tests.test_validate_reader_surface_gate_tampered_gate_sha_fails)
Independent validator catches fabricated or tampered gate_sha256. ... ok
test_validate_reader_surface_gate_unresolved_blocking_finding_fails (tests.test_survey_reader_surface_gate_v2.SurveyReaderSurfaceGateV2Tests.test_validate_reader_surface_gate_unresolved_blocking_finding_fails)
Independent validator rejects gate record containing unresolved blocking findings. ... ok
test_validate_reader_surface_gate_valid_passes (tests.test_survey_reader_surface_gate_v2.SurveyReaderSurfaceGateV2Tests.test_validate_reader_surface_gate_valid_passes)
Independent validator passes a well-formed, untampered Reader-Surface Gate. ... ok
test_weekly_leakage_fixture_fails_fast (tests.test_survey_reader_surface_gate_v2.SurveyReaderSurfaceGateV2Tests.test_weekly_leakage_fixture_fails_fast)
Weekly magazine leakage (Selection r2, Package 4, Discovery observation) fails fast. ... ok
test_missing_deterministic_quality_family_fails_closed (tests.test_survey_semantic_publication_v2.SemanticQualityFinalizerTests.test_missing_deterministic_quality_family_fails_closed) ... ok
test_bib_text_omits_internal_evidence_materiality (tests.test_survey_semantic_publication_v2.WeeklySemanticPublicationTests.test_bib_text_omits_internal_evidence_materiality) ... ok
test_closing_summary_requires_architecture_source (tests.test_survey_semantic_publication_v2.WeeklySemanticPublicationTests.test_closing_summary_requires_architecture_source) ... ok
test_input_heading_is_architecture_bound (tests.test_survey_semantic_publication_v2.WeeklySemanticPublicationTests.test_input_heading_is_architecture_bound) ... ok
test_weekly_window_uses_rolling_window_wall_time (tests.test_survey_semantic_publication_v2.WeeklySemanticPublicationTests.test_weekly_window_uses_rolling_window_wall_time) ... ok
test_draft_complete_exact_selected_manuscript_passes (tests.test_survey_exact_manuscript_admission_v2.ExactManuscriptAdmissionV2Tests.test_draft_complete_exact_selected_manuscript_passes) ... ok
test_draft_complete_rejects_valid_same_identity_alternate_manuscript (tests.test_survey_exact_manuscript_admission_v2.ExactManuscriptAdmissionV2Tests.test_draft_complete_rejects_valid_same_identity_alternate_manuscript) ... ok
test_gate_rejects_fresh_forged_digest_for_other_valid_manifest (tests.test_survey_exact_manuscript_admission_v2.ExactManuscriptAdmissionV2Tests.test_gate_rejects_fresh_forged_digest_for_other_valid_manifest) ... ok
test_gate_rejects_stale_selected_manifest_bytes (tests.test_survey_exact_manuscript_admission_v2.ExactManuscriptAdmissionV2Tests.test_gate_rejects_stale_selected_manifest_bytes) ... ok
test_gate_rejects_swapped_primary_from_exact_manifest (tests.test_survey_exact_manuscript_admission_v2.ExactManuscriptAdmissionV2Tests.test_gate_rejects_swapped_primary_from_exact_manifest) ... ok
test_gate_requires_unique_manifest_and_primary_surfaces (tests.test_survey_exact_manuscript_admission_v2.ExactManuscriptAdmissionV2Tests.test_gate_requires_unique_manifest_and_primary_surfaces) ... ok
test_later_stage_rejects_fresh_wrong_gate_under_active_revalidation (tests.test_survey_exact_manuscript_admission_v2.ExactManuscriptAdmissionV2Tests.test_later_stage_rejects_fresh_wrong_gate_under_active_revalidation) ... ok
test_revalidation_exact_gate_passes_and_later_stage_reads_it (tests.test_survey_exact_manuscript_admission_v2.ExactManuscriptAdmissionV2Tests.test_revalidation_exact_gate_passes_and_later_stage_reads_it) ... ok
test_revalidation_rejects_wrong_gate_before_authority_write (tests.test_survey_exact_manuscript_admission_v2.ExactManuscriptAdmissionV2Tests.test_revalidation_rejects_wrong_gate_before_authority_write) ... ok
test_validated_draft_exact_selected_manuscript_passes (tests.test_survey_exact_manuscript_admission_v2.ExactManuscriptAdmissionV2Tests.test_validated_draft_exact_selected_manuscript_passes) ... ok
test_validated_draft_rejects_valid_same_identity_alternate_manuscript (tests.test_survey_exact_manuscript_admission_v2.ExactManuscriptAdmissionV2Tests.test_validated_draft_rejects_valid_same_identity_alternate_manuscript) ... ok
test_n10_full_weekly_chain_no_human_decision (tests.test_survey_publication_revalidation_v2.PublicationRevalidationTests.test_n10_full_weekly_chain_no_human_decision) ... ok
test_n1_unreferenced_forged_record_inert (tests.test_survey_publication_revalidation_v2.PublicationRevalidationTests.test_n1_unreferenced_forged_record_inert) ... ok
test_n2_state_authority_sha_mismatch (tests.test_survey_publication_revalidation_v2.PublicationRevalidationTests.test_n2_state_authority_sha_mismatch) ... ok
test_n3_referenced_record_tamper (tests.test_survey_publication_revalidation_v2.PublicationRevalidationTests.test_n3_referenced_record_tamper) ... ok
test_n4_post_preview_forged_activation_fails (tests.test_survey_publication_revalidation_v2.PublicationRevalidationTests.test_n4_post_preview_forged_activation_fails) ... ok
test_n5_post_freeze_forged_activation_fails (tests.test_survey_publication_revalidation_v2.PublicationRevalidationTests.test_n5_post_freeze_forged_activation_fails) ... ok
test_n6_immutable_multi_round_chain (tests.test_survey_publication_revalidation_v2.PublicationRevalidationTests.test_n6_immutable_multi_round_chain) ... ok
test_n7_historical_chain_tamper_fails (tests.test_survey_publication_revalidation_v2.PublicationRevalidationTests.test_n7_historical_chain_tamper_fails) ... ok
test_n8_unrelated_historical_record_inert (tests.test_survey_publication_revalidation_v2.PublicationRevalidationTests.test_n8_unrelated_historical_record_inert) ... ok
test_n9_gate_separation (tests.test_survey_publication_revalidation_v2.PublicationRevalidationTests.test_n9_gate_separation) ... ok
test_no_edition_conditionals_in_new_paths (tests.test_survey_publication_revalidation_v2.PublicationRevalidationTests.test_no_edition_conditionals_in_new_paths) ... ok
test_t10_after_freeze_forbidden (tests.test_survey_publication_revalidation_v2.PublicationRevalidationTests.test_t10_after_freeze_forbidden) ... ok
test_t11_weekly_viability_and_t13_chain (tests.test_survey_publication_revalidation_v2.PublicationRevalidationTests.test_t11_weekly_viability_and_t13_chain) ... ok
test_t12_special_layout_genericity (tests.test_survey_publication_revalidation_v2.PublicationRevalidationTests.test_t12_special_layout_genericity) ... ok
test_t1_legitimate_regeneration_revalidates (tests.test_survey_publication_revalidation_v2.PublicationRevalidationTests.test_t1_legitimate_regeneration_revalidates) ... ok
test_t2_old_checkpoint_immutable (tests.test_survey_publication_revalidation_v2.PublicationRevalidationTests.test_t2_old_checkpoint_immutable) ... ok
test_t3_upstream_mutation_rejected (tests.test_survey_publication_revalidation_v2.PublicationRevalidationTests.test_t3_upstream_mutation_rejected) ... ok
test_t4_architecture_approval_mismatch_rejected (tests.test_survey_publication_revalidation_v2.PublicationRevalidationTests.test_t4_architecture_approval_mismatch_rejected) ... ok
test_t5_draft_mutation_rejected (tests.test_survey_publication_revalidation_v2.PublicationRevalidationTests.test_t5_draft_mutation_rejected) ... ok
test_t6_incomplete_qa_rejected (tests.test_survey_publication_revalidation_v2.PublicationRevalidationTests.test_t6_incomplete_qa_rejected) ... ok
test_t7_stale_candidate_no_longer_validates (tests.test_survey_publication_revalidation_v2.PublicationRevalidationTests.test_t7_stale_candidate_no_longer_validates) ... ok
test_t8_exact_new_byte_binding (tests.test_survey_publication_revalidation_v2.PublicationRevalidationTests.test_t8_exact_new_byte_binding) ... ok
test_t9_after_preview_decision_forbidden (tests.test_survey_publication_revalidation_v2.PublicationRevalidationTests.test_t9_after_preview_decision_forbidden) ... ok
test_no_edition_conditionals_in_revision_pointer (tests.test_survey_human_gate_revalidation_revision_v2.RevalidationRevisionTests.test_no_edition_conditionals_in_revision_pointer) ... ok
test_r1_draft_complete_clears_pointer (tests.test_survey_human_gate_revalidation_revision_v2.RevalidationRevisionTests.test_r1_draft_complete_clears_pointer) ... ok
test_r2_validated_draft_preserves_pointer (tests.test_survey_human_gate_revalidation_revision_v2.RevalidationRevisionTests.test_r2_validated_draft_preserves_pointer) ... ok
test_r3_earlier_boundary_clears_pointer (tests.test_survey_human_gate_revalidation_revision_v2.RevalidationRevisionTests.test_r3_earlier_boundary_clears_pointer) ... ok
test_r4_corrupt_pointer_fails_preflight (tests.test_survey_human_gate_revalidation_revision_v2.RevalidationRevisionTests.test_r4_corrupt_pointer_fails_preflight) ... ok
test_r5_historical_record_retained_byte_identical (tests.test_survey_human_gate_revalidation_revision_v2.RevalidationRevisionTests.test_r5_historical_record_retained_byte_identical) ... ok
test_r6_forward_recovery_roundtrip (tests.test_survey_human_gate_revalidation_revision_v2.RevalidationRevisionTests.test_r6_forward_recovery_roundtrip) ... ok
test_r7_later_revalidation_sequence_usable (tests.test_survey_human_gate_revalidation_revision_v2.RevalidationRevisionTests.test_r7_later_revalidation_sequence_usable) ... ok
test_archived_evidence_may_revalidate_after_canonical_state_bytes_advance (tests.test_survey_agent_tool_v2.SurveyAgentToolV2Tests.test_archived_evidence_may_revalidate_after_canonical_state_bytes_advance) ... ok
test_archived_screening_may_revalidate_after_canonical_state_bytes_advance (tests.test_survey_agent_tool_v2.SurveyAgentToolV2Tests.test_archived_screening_may_revalidate_after_canonical_state_bytes_advance) ... ok
test_historical_state_exception_requires_content_addressed_acceptance (tests.test_survey_agent_tool_v2.SurveyAgentToolV2Tests.test_historical_state_exception_requires_content_addressed_acceptance) ... ok
test_non_state_evidence_drift_is_never_relaxed (tests.test_survey_agent_tool_v2.SurveyAgentToolV2Tests.test_non_state_evidence_drift_is_never_relaxed) ... ok
test_non_state_screening_drift_is_never_relaxed (tests.test_survey_agent_tool_v2.SurveyAgentToolV2Tests.test_non_state_screening_drift_is_never_relaxed) ... ok
test_agent_review_cannot_fake_deterministic_result (tests.test_survey_agent_control_v2.SurveyAgentControlV2Tests.test_agent_review_cannot_fake_deterministic_result) ... ok
test_compact_checkpoint_cannot_advance_on_review_only_without_stage_authority (tests.test_survey_agent_control_v2.SurveyAgentControlV2Tests.test_compact_checkpoint_cannot_advance_on_review_only_without_stage_authority) ... ok
test_new_contract_version_can_validate_next_stage_without_rewriting_initial_profile (tests.test_survey_agent_control_v2.SurveyAgentControlV2Tests.test_new_contract_version_can_validate_next_stage_without_rewriting_initial_profile) ... ok
test_normal_progress_stops_at_architecture_human_gate_not_internal_stages (tests.test_survey_agent_control_v2.SurveyAgentControlV2Tests.test_normal_progress_stops_at_architecture_human_gate_not_internal_stages) ... ok
test_stage_checkpoint_records_current_implementation_not_initialization_pin (tests.test_survey_agent_control_v2.SurveyAgentControlV2Tests.test_stage_checkpoint_records_current_implementation_not_initialization_pin) ... ok
test_current_tool_basis_does_not_reuse_initialization_commit_as_execution_identity (tests.test_survey_stage_validation_v2.SurveyStageValidationV2Tests.test_current_tool_basis_does_not_reuse_initialization_commit_as_execution_identity) ... ok
test_draft_stage_validator_requires_paired_package_and_result_authorities (tests.test_survey_stage_validation_v2.SurveyStageValidationV2Tests.test_draft_stage_validator_requires_paired_package_and_result_authorities) ... ok
test_same_named_but_invalid_discovery_authority_is_rejected (tests.test_survey_stage_validation_v2.SurveyStageValidationV2Tests.test_same_named_but_invalid_discovery_authority_is_rejected) ... ok
test_active_publication_revalidation_survives_freeze_boundary (tests.test_survey_freeze_stage_boundary_v2.FreezeStageBoundaryV2Tests.test_active_publication_revalidation_survives_freeze_boundary) ... ok
test_approved_preview_resolves_as_typed_authority (tests.test_survey_freeze_stage_boundary_v2.FreezeStageBoundaryV2Tests.test_approved_preview_resolves_as_typed_authority) ... ok
test_candidate_byte_drift_and_approval_hash_refresh_forgery_fail_closed (tests.test_survey_freeze_stage_boundary_v2.FreezeStageBoundaryV2Tests.test_candidate_byte_drift_and_approval_hash_refresh_forgery_fail_closed) ... ok
test_freeze_artifact_set_rejects_missing_extra_and_wrong_visual (tests.test_survey_freeze_stage_boundary_v2.FreezeStageBoundaryV2Tests.test_freeze_artifact_set_rejects_missing_extra_and_wrong_visual) ... ok
test_missing_and_divergent_approval_authority_fail_closed (tests.test_survey_freeze_stage_boundary_v2.FreezeStageBoundaryV2Tests.test_missing_and_divergent_approval_authority_fail_closed) ... ok
test_non_publication_checkpoint_typed_record_is_not_silently_skipped (tests.test_survey_freeze_stage_boundary_v2.FreezeStageBoundaryV2Tests.test_non_publication_checkpoint_typed_record_is_not_silently_skipped) ... ok
test_pending_preview_cannot_enter_freeze_even_if_approval_file_is_inert (tests.test_survey_freeze_stage_boundary_v2.FreezeStageBoundaryV2Tests.test_pending_preview_cannot_enter_freeze_even_if_approval_file_is_inert) ... ok
test_weekly_approved_preview_advances_through_real_freeze_boundary (tests.test_survey_freeze_stage_boundary_v2.FreezeStageBoundaryV2Tests.test_weekly_approved_preview_advances_through_real_freeze_boundary) ... ok
test_duplicate_discovery_resolution_fails_closed (tests.test_survey_interactive_drafting_cross_package_refs_v2.InteractiveDraftingCrossPackageRefsTests.test_duplicate_discovery_resolution_fails_closed) ... ok
test_duplicate_evidence_input_candidate_fails_closed (tests.test_survey_interactive_drafting_cross_package_refs_v2.InteractiveDraftingCrossPackageRefsTests.test_duplicate_evidence_input_candidate_fails_closed) ... ok
test_final_cross_package_synthesis_resolves_supporting_evidence_inputs (tests.test_survey_interactive_drafting_cross_package_refs_v2.InteractiveDraftingCrossPackageRefsTests.test_final_cross_package_synthesis_resolves_supporting_evidence_inputs) ... ok
test_matrix_candidate_without_evidence_input_is_not_authorized (tests.test_survey_interactive_drafting_cross_package_refs_v2.InteractiveDraftingCrossPackageRefsTests.test_matrix_candidate_without_evidence_input_is_not_authorized) ... ok
test_ordinary_package_resolves_from_its_evidence_inputs (tests.test_survey_interactive_drafting_cross_package_refs_v2.InteractiveDraftingCrossPackageRefsTests.test_ordinary_package_resolves_from_its_evidence_inputs) ... ok
test_b1_weekly_per_source_access_date_differs_from_cutoff (tests.test_survey_bibliography_access_provenance_v2.BibliographyAccessProvenanceContractTests.test_b1_weekly_per_source_access_date_differs_from_cutoff)
B1: Weekly publication binds per-source access date, distinct from edition cutoff. ... ok
test_b2_special_per_source_access_date_differs_from_as_of (tests.test_survey_bibliography_access_provenance_v2.BibliographyAccessProvenanceContractTests.test_b2_special_per_source_access_date_differs_from_as_of)
B2: Special publication binds per-source access date, distinct from retrospective as_of. ... ok
test_b3_multiple_sources_receive_independent_access_dates (tests.test_survey_bibliography_access_provenance_v2.BibliographyAccessProvenanceContractTests.test_b3_multiple_sources_receive_independent_access_dates)
B3: Multiple sources in the same publication retain independent per-source urldates. ... ok
test_b4_event_date_differs_from_access_date (tests.test_survey_bibliography_access_provenance_v2.BibliographyAccessProvenanceContractTests.test_b4_event_date_differs_from_access_date)
B4: Published/event date differs from retrieval/access date; urldate must bind access date. ... ok
test_b5_revised_page_chronology_c066_class (tests.test_survey_bibliography_access_provenance_v2.BibliographyAccessProvenanceContractTests.test_b5_revised_page_chronology_c066_class)
B5: Event Aug 21, page re-dated Aug 26, canonical access Sep 8 -> urldate Sep 8. ... ok
test_b6_missing_access_timestamp_fails_closed (tests.test_survey_bibliography_access_provenance_v2.BibliographyAccessProvenanceContractTests.test_b6_missing_access_timestamp_fails_closed)
B6: Missing or blank access timestamp fails closed with an actionable error. ... ok
test_b7_ambiguous_access_provenance_fails_closed (tests.test_survey_bibliography_access_provenance_v2.BibliographyAccessProvenanceContractTests.test_b7_ambiguous_access_provenance_fails_closed)
B7: Ambiguous captures with conflicting access times fail closed unless explicitly disambiguated. ... ok
test_b8_source_identity_and_citation_invariants_preserved (tests.test_survey_bibliography_access_provenance_v2.BibliographyAccessProvenanceContractTests.test_b8_source_identity_and_citation_invariants_preserved)
B8: Citation keys, URL, name, organization, status, materiality, and ordering are preserved. ... ok
test_b9_w34_read_only_fixture_regression (tests.test_survey_bibliography_access_provenance_v2.BibliographyAccessProvenanceContractTests.test_b9_w34_read_only_fixture_regression)
B9: Verify all 41 W34 cited records resolve canonical access provenance on 2026-09-08 and verify c066 repair. ... skipped 'W34 fixture commit 6f68fd09955302fd87e5ec0ce77ff06ccaec8448 not available'
test_sp001_read_only_fixture_access_provenance (tests.test_survey_bibliography_access_provenance_v2.BibliographyAccessProvenanceContractTests.test_sp001_read_only_fixture_access_provenance)
SP001 fixture: all 11 accepted evidence sources resolve to 2026-08-24. ... ok
test_parse_access_date_invalid_fails_closed (tests.test_survey_bibliography_access_provenance_v2.BibliographyAccessProvenanceUnitTests.test_parse_access_date_invalid_fails_closed) ... ok
test_parse_access_date_preserves_explicit_offset_calendar_date (tests.test_survey_bibliography_access_provenance_v2.BibliographyAccessProvenanceUnitTests.test_parse_access_date_preserves_explicit_offset_calendar_date) ... ok
test_parse_access_date_valid_instants_and_dates (tests.test_survey_bibliography_access_provenance_v2.BibliographyAccessProvenanceUnitTests.test_parse_access_date_valid_instants_and_dates) ... ok
test_resolve_source_access_provenance_selects_matching_url (tests.test_survey_bibliography_access_provenance_v2.BibliographyAccessProvenanceUnitTests.test_resolve_source_access_provenance_selects_matching_url) ... ok
test_resolve_source_access_provenance_single_source (tests.test_survey_bibliography_access_provenance_v2.BibliographyAccessProvenanceUnitTests.test_resolve_source_access_provenance_single_source) ... ok
test_join_fails_closed_on_evidence_status_drift (tests.test_survey_weekly_evidence_authority_v2.WeeklyEvidenceAuthorityJoinTests.test_join_fails_closed_on_evidence_status_drift) ... ok
test_join_uses_only_accepted_core_authorities (tests.test_survey_weekly_evidence_authority_v2.WeeklyEvidenceAuthorityJoinTests.test_join_uses_only_accepted_core_authorities) ... ok

----------------------------------------------------------------------
Ran 132 tests in 534.724s

OK (skipped=1)
{
  "issue_id": "2026-W37",
  "structured_surface": "sources/2026-W37/publication/v2/reader-surface-input-v2.json",
  "surface_sha256": "136c0dd8a2bf4c5b4323993ff3882524c760d902f2a463b93bcd6fe95a948635",
  "status": "SURFACE_MATERIALIZED"
}
{
  "issue_id": "2026-W37",
  "source_root": "sources/2026-W37",
  "survey_root": "surveys/weekly/2026-W37",
  "source_manifest": "sources/2026-W37/publication/v2/validated-source-manifest.json",
  "main_tex": "surveys/weekly/2026-W37/main.tex",
  "bibliography": "surveys/weekly/2026-W37/references.bib",
  "style": "surveys/weekly/2026-W37/jgaisurvey.sty",
  "subject_result": "sources/2026-W37/publication/v2/quality/subject-entity-property-binding.json",
  "identifier_tokens": [
    "2026-W37",
    "Target Model"
  ]
}
MATRIX_EXIT=0
