DIAG_PRECHECK_PASS
HEAD 481dec0c0233d7871df79a07a88aa5fe2291daa3
TREE 657032438c6ed8b1c055d5a120b67b4b261a5092
PARENT e4c82692abee6acedbba07815b0d74ccefb80a7e
MODULE_PATH /tmp/jgas-rephase-r1-assembly-20260929T143833Z/scripts/survey_weekly_derivation_v2.py
MODULE_SHA256 1cb1f705cd2481b93ddacc93e5c20e2f0adf1622effe86e5ccf0fce4ce6ed2cc
SEVEN scripts/survey_agent_control_v2.py 5e38b86b609e2726f9a3af6f0686426b4237b9d6e388e39d8efc360f6ede4bc0
SEVEN scripts/survey_reader_surface_gate_v2.py 818b173544b7f048300ba610d7cf7942693f22938305600312f3f54ac6318f4f
SEVEN scripts/survey_weekly_derivation_v2.py 1cb1f705cd2481b93ddacc93e5c20e2f0adf1622effe86e5ccf0fce4ce6ed2cc
SEVEN scripts/survey_weekly_mechanical_refresh_v2.py b8baaadbc167c89a77a54ae83c61598012faa31eb2924576e942a68c635e0a5c
SEVEN tests/test_survey_weekly_mechanical_refresh_v2.py 06d157fd8f4a65a832f4a764035c47dc97665b8481fa86b0c8db29b31a040b04
SEVEN tests/test_survey_publication_revalidation_v2.py c6b6e24579a594f47030489ed99799de1604854edf979abc68c550e22d070457
SEVEN docs/weekly-mechanical-refresh.md 901b6d03163ea9f6f748cd4082c3c30dfdae539b3e51c169da39497bd2b6f57c
E4_IS_ANCESTOR_OF_HEAD exit=0
LOG2:
481dec0c0233d7871df79a07a88aa5fe2291daa3 e4c82692abee6acedbba07815b0d74ccefb80a7e
e4c82692abee6acedbba07815b0d74ccefb80a7e 6d87edd28a1be8893ca2ab67fed6e32e54b0de6c
CURRENT_CLOSURE_N=8
CUR_ROW scripts/survey_weekly_derivation_v2.py 1cb1f705cd2481b93ddacc93e5c20e2f0adf1622effe86e5ccf0fce4ce6ed2cc
CUR_ROW scripts/survey_weekly_semantic_publication_v2.py 53315030a7bcf154675cbb8dee4f903bc7186e42dbb45da7d0e2ed57fef0f3f7
CUR_ROW scripts/survey_drafting_citation_refs_v2.py 57b62c5fc67d53beea1f50bd1676a22eed594e44c66200518214c2b3e6ee5cab
CUR_ROW scripts/survey_bibliography_access_provenance_v2.py b51bcab8ff3f880f369414714e28238ed857744a2abe74c26ec6be7498ffc224
CUR_ROW scripts/render_article_draft_tex.py 9c64ebce313a09ffa1263b2437736e1459dcd2e97e41611bff5cd669d6c16328
CUR_ROW schemas/reader-surface-input-v2.schema.json 8db11d4eb0dfa1a0c66beeab6ef5ad0b7008bda88f72a3e16df13a17dea4289c
CUR_ROW schemas/weekly-publication-source-manifest-v2.schema.json c11ad525c6f8dd2a8f9d68647a3675bbac6988e6cdace54762ce145143c3b578
CUR_ROW templates/survey/jgaisurvey.sty 3b6d15627439b35a352d692c8c5f9c2ac25dd02968e75beb30a69b8c8f53e5cc
CURRENT_VERIFY_PASS at HEAD 481dec0c0233d7871df79a07a88aa5fe2291daa3
E4_ROW scripts/survey_weekly_derivation_v2.py e2e403ac0e1451f429fa177fa088f33ab3979e992100b654796b2315d3c354a4
E4_ROW scripts/survey_weekly_semantic_publication_v2.py 53315030a7bcf154675cbb8dee4f903bc7186e42dbb45da7d0e2ed57fef0f3f7
E4_ROW scripts/survey_drafting_citation_refs_v2.py 57b62c5fc67d53beea1f50bd1676a22eed594e44c66200518214c2b3e6ee5cab
E4_ROW scripts/survey_bibliography_access_provenance_v2.py b51bcab8ff3f880f369414714e28238ed857744a2abe74c26ec6be7498ffc224
E4_ROW scripts/render_article_draft_tex.py 9c64ebce313a09ffa1263b2437736e1459dcd2e97e41611bff5cd669d6c16328
E4_ROW schemas/reader-surface-input-v2.schema.json 8db11d4eb0dfa1a0c66beeab6ef5ad0b7008bda88f72a3e16df13a17dea4289c
E4_ROW schemas/weekly-publication-source-manifest-v2.schema.json c11ad525c6f8dd2a8f9d68647a3675bbac6988e6cdace54762ce145143c3b578
E4_ROW templates/survey/jgaisurvey.sty 3b6d15627439b35a352d692c8c5f9c2ac25dd02968e75beb30a69b8c8f53e5cc
HISTORICAL_VERIFY_PASS at E4 e4c82692abee6acedbba07815b0d74ccefb80a7e
STALE_REJECT_TYPE ValueError
STALE_REJECT_MSG Weekly receipt implementation or contract changed since renderer commit
STALE_REJECT_INTENDED_PASS
DIAG_SENTINEL_OK
NO_WRITE_HEAD_SAME True
NO_WRITE_TREE_SAME True
DIAGNOSTIC_DONE
