cp -a ORIG409 bytecopy exit: 0 
bytecopy HEAD: 409b292756dd1277b9dfae87679934c0d2ce251c exit: 0
bytecopy pre-status: '' exit: 0
bytecopy remotes: 'origin\thttps://example.invalid/rephase-candidate-recovery.git (fetch)\norigin\thttps://example.invalid/rephase-candidate-recovery.git (push)'
bytecopy alternates present: False
orig objects: 109 copy objects: 109 shared: 0
git apply --check saved-patch exit: 0
--check stdout: 
--check stderr: Checking patch schemas/reader-surface-gate-v2.schema.json...
Checking patch scripts/survey_reader_surface_gate_v2.py...
Checking patch scripts/survey_longform_derivation_v2.py...
Checking patch schemas/longform-reader-input-v2.schema.json...
Checking patch tests/test_survey_longform_derivation_v2.py...
Checking patch scripts/survey_longform_generated_v2.py...
Checking patch scripts/survey_longform_semantic_publication_v2.py...
Checking patch schemas/longform-publication-source-manifest-v2.schema.json...
Checking patch tests/test_survey_longform_publication_integration_v2.py...

git apply saved-patch exit: 0
apply stdout: 
apply stderr: Checking patch schemas/reader-surface-gate-v2.schema.json...
Checking patch scripts/survey_reader_surface_gate_v2.py...
Checking patch scripts/survey_longform_derivation_v2.py...
Checking patch schemas/longform-reader-input-v2.schema.json...
Checking patch tests/test_survey_longform_derivation_v2.py...
Checking patch scripts/survey_longform_generated_v2.py...
Checking patch scripts/survey_longform_semantic_publication_v2.py...
Checking patch schemas/longform-publication-source-manifest-v2.schema.json...
Checking patch tests/test_survey_longform_publication_integration_v2.py...
Applied patch schemas/reader-surface-gate-v2.schema.json cleanly.
Applied patch scripts/survey_reader_surface_gate_v2.py cleanly.
Applied patch scripts/survey_longform_derivation_v2.py cleanly.
Applied patch schemas/longform-reader-input-v2.schema.json cleanly.
Applied patch tests/test_survey_longform_derivation_v2.py cleanly.
Applied patch scripts/survey_longform_generated_v2.py cleanly.
Applied patch scripts/survey_longform_semantic_publication_v2.py cleanly.
Applied patch schemas/longform-publication-source-manifest-v2.schema.json cleanly.
Applied patch tests/test_survey_longform_publication_integration_v2.py cleanly.

post-apply HEAD: 409b292756dd1277b9dfae87679934c0d2ce251c
post-apply status rows: [' M schemas/reader-surface-gate-v2.schema.json', ' M scripts/survey_reader_surface_gate_v2.py', '?? schemas/longform-publication-source-manifest-v2.schema.json', '?? schemas/longform-reader-input-v2.schema.json', '?? scripts/survey_longform_derivation_v2.py', '?? scripts/survey_longform_generated_v2.py', '?? scripts/survey_longform_semantic_publication_v2.py', '?? tests/test_survey_longform_derivation_v2.py', '?? tests/test_survey_longform_publication_integration_v2.py']
byte-compare mismatches: []
physical-mode mismatches: []
ls-files -s M: '100644 90ec8fe2db5b3d1441245e297710e20393861e35 0\tschemas/reader-surface-gate-v2.schema.json\n100644 89b5b859a316cd0633a009ca808049fceabea999 0\tscripts/survey_reader_surface_gate_v2.py'
