test_alias_directive_and_lifecycle_containment (tests.test_survey_longform_publication_integration_v2.LongformPublicationIntegrationV2Tests.test_alias_directive_and_lifecycle_containment) ... ok
test_alias_outside_sentinel_never_opened (tests.test_survey_longform_publication_integration_v2.LongformPublicationIntegrationV2Tests.test_alias_outside_sentinel_never_opened) ... ok
test_dependency_snapshot_seams_and_receipt_faults (tests.test_survey_longform_publication_integration_v2.LongformPublicationIntegrationV2Tests.test_dependency_snapshot_seams_and_receipt_faults) ... ok
test_gate_and_both_admission_backstops (tests.test_survey_longform_publication_integration_v2.LongformPublicationIntegrationV2Tests.test_gate_and_both_admission_backstops) ... ok
test_heading_delimiter_subprocess_and_gate_cli (tests.test_survey_longform_publication_integration_v2.LongformPublicationIntegrationV2Tests.test_heading_delimiter_subprocess_and_gate_cli) ... ok
test_healthy_frozen_released_readback (tests.test_survey_longform_publication_integration_v2.LongformPublicationIntegrationV2Tests.test_healthy_frozen_released_readback) ... ok
test_mechanical_only_change_rebinds_without_reader_drift (tests.test_survey_longform_publication_integration_v2.LongformPublicationIntegrationV2Tests.test_mechanical_only_change_rebinds_without_reader_drift) ... ok
test_pass2_missing_surface_refuses_without_silent_pass1 (tests.test_survey_longform_publication_integration_v2.LongformPublicationIntegrationV2Tests.test_pass2_missing_surface_refuses_without_silent_pass1) ... ok
test_pure_serializer_scanner_and_review_probes (tests.test_survey_longform_publication_integration_v2.LongformPublicationIntegrationV2Tests.test_pure_serializer_scanner_and_review_probes) ... ok
test_receipt_replay_tamper_matrix_and_tool_guards (tests.test_survey_longform_publication_integration_v2.LongformPublicationIntegrationV2Tests.test_receipt_replay_tamper_matrix_and_tool_guards) ... ok
test_snapshot_drift_partial_retention_and_canonical_replay (tests.test_survey_longform_publication_integration_v2.LongformPublicationIntegrationV2Tests.test_snapshot_drift_partial_retention_and_canonical_replay) ... ok
test_two_pass_initial_reviewer_gating (tests.test_survey_longform_publication_integration_v2.LongformPublicationIntegrationV2Tests.test_two_pass_initial_reviewer_gating) ... ok
test_valid_initial_operation_same_reader_with_mechanical_rebind (tests.test_survey_longform_publication_integration_v2.LongformPublicationIntegrationV2Tests.test_valid_initial_operation_same_reader_with_mechanical_rebind) ... ok
test_bibliography_leakage_detected (tests.test_survey_reader_surface_gate_v2.SurveyReaderSurfaceGateV2Tests.test_bibliography_leakage_detected)
Bibliography containing [V/M] tags or internal tmp paths is blocked. ... ok
test_clean_reader_prose_passes_gate (tests.test_survey_reader_surface_gate_v2.SurveyReaderSurfaceGateV2Tests.test_clean_reader_prose_passes_gate)
Clean reader-facing prose passes with 0 blocking findings. ... ok
test_longform_revision_strengthened_validator (tests.test_survey_reader_surface_gate_v2.SurveyReaderSurfaceGateV2Tests.test_longform_revision_strengthened_validator)
survey_longform_publication_v2 validates all reader text via strengthened surface gate. ... ok
test_missing_reader_surface_gate_artifact_blocks_stage (tests.test_survey_reader_surface_gate_v2.SurveyReaderSurfaceGateV2Tests.test_missing_reader_surface_gate_artifact_blocks_stage)
DRAFT_COMPLETE and VALIDATED_DRAFT require reader-surface-gate artifact. ... ok
test_missing_semantic_authority_fails (tests.test_survey_reader_surface_gate_v2.SurveyReaderSurfaceGateV2Tests.test_missing_semantic_authority_fails)
Omitting machine-checkable semantic_authority raises ValueError and cannot PASS. ... ok
test_must_cover_cop_out_fails (tests.test_survey_reader_surface_gate_v2.SurveyReaderSurfaceGateV2Tests.test_must_cover_cop_out_fails)
Asserting 'Architecture requires X' instead of explaining facts is blocked. ... ok
test_narrow_allowlist_suppression_allows_pass (tests.test_survey_reader_surface_gate_v2.SurveyReaderSurfaceGateV2Tests.test_narrow_allowlist_suppression_allows_pass)
Narrow allowlist with audited reason converts finding to SUPPRESSED and allows pass. ... ok
test_pre_tex_structured_reader_surface_validation_catches_leakage (tests.test_survey_reader_surface_gate_v2.SurveyReaderSurfaceGateV2Tests.test_pre_tex_structured_reader_surface_validation_catches_leakage)
Pre-TeX structured reader-facing scan detects blocking leakage before TeX generation. ... ok
test_required_a_production_synthetic_builder_absent (tests.test_survey_reader_surface_gate_v2.SurveyReaderSurfaceGateV2Tests.test_required_a_production_synthetic_builder_absent)
Test A: Production synthetic builder absent - shared production API cannot manufacture PASS. ... ok
test_required_b_missing_semantic_checks (tests.test_survey_reader_surface_gate_v2.SurveyReaderSurfaceGateV2Tests.test_required_b_missing_semantic_checks)
Test B: Missing semantic checks - decision=PASS and findings=[] without required checks fails. ... ok
test_required_c_empty_semantic_check_evidence (tests.test_survey_reader_surface_gate_v2.SurveyReaderSurfaceGateV2Tests.test_required_c_empty_semantic_check_evidence)
Test C: Empty semantic check evidence - detail="" or evidence_locations=[] fails. ... ok
test_required_d_required_semantic_check_fail (tests.test_survey_reader_surface_gate_v2.SurveyReaderSurfaceGateV2Tests.test_required_d_required_semantic_check_fail)
Test D: Required semantic check FAIL - READER_PIPELINE_INDEPENDENCE=FAIL prevents overall review PASS. ... ok
test_required_e_authentic_pass (tests.test_survey_reader_surface_gate_v2.SurveyReaderSurfaceGateV2Tests.test_required_e_authentic_pass)
Test E: Authentic PASS - bound to exact surface, correct review kind, required check PASS, valid digest. ... ok
test_required_f_legacy_publication_review_rejected (tests.test_survey_reader_surface_gate_v2.SurveyReaderSurfaceGateV2Tests.test_required_f_legacy_publication_review_rejected)
Test F: Legacy publication review rejected - valid publication-review-record-v2 fails pre-TeX gate. ... ok
test_required_g_malformed_new_review_does_not_fallback (tests.test_survey_reader_surface_gate_v2.SurveyReaderSurfaceGateV2Tests.test_required_g_malformed_new_review_does_not_fallback)
Test G: Malformed new review does not fallback - corrupted review fails closed. ... ok
test_required_h_stale_new_review (tests.test_survey_reader_surface_gate_v2.SurveyReaderSurfaceGateV2Tests.test_required_h_stale_new_review)
Test H: Stale new review - modifying surface payload after review creation fails validation. ... ok
test_review_rationale_meta_rebuttal_fails (tests.test_survey_reader_surface_gate_v2.SurveyReaderSurfaceGateV2Tests.test_review_rationale_meta_rebuttal_fails)
Meta-rebuttal to prior review comments is blocked. ... ok
test_semantic_authority_non_pass_fails (tests.test_survey_reader_surface_gate_v2.SurveyReaderSurfaceGateV2Tests.test_semantic_authority_non_pass_fails)
Semantic authority with non-PASS status/decision triggers blocking finding. ... ok
test_semantic_authority_surface_sha_mismatch_fails (tests.test_survey_reader_surface_gate_v2.SurveyReaderSurfaceGateV2Tests.test_semantic_authority_surface_sha_mismatch_fails)
Semantic authority bound to wrong primary surface SHA triggers blocking finding. ... ok
test_semantic_layer_review_contract_evaluation (tests.test_survey_reader_surface_gate_v2.SurveyReaderSurfaceGateV2Tests.test_semantic_layer_review_contract_evaluation)
Semantic review layer flags process-dependent prose with proposed normalization. ... ok
test_special_leakage_fixture_fails_fast (tests.test_survey_reader_surface_gate_v2.SurveyReaderSurfaceGateV2Tests.test_special_leakage_fixture_fails_fast)
Special longform leakage (D017, 本 package, 一次資料として昇格させない, Verify, materiality) fails fast. ... ok
test_validate_reader_surface_gate_identity_mismatch_fails (tests.test_survey_reader_surface_gate_v2.SurveyReaderSurfaceGateV2Tests.test_validate_reader_surface_gate_identity_mismatch_fails)
Independent validator rejects issue_id or publication_profile identity mismatch. ... ok
test_validate_reader_surface_gate_stale_surface_sha_or_bytes_fails (tests.test_survey_reader_surface_gate_v2.SurveyReaderSurfaceGateV2Tests.test_validate_reader_surface_gate_stale_surface_sha_or_bytes_fails)
Independent validator catches drifted or mutated on-disk surface bytes. ... ok
test_validate_reader_surface_gate_tampered_gate_sha_fails (tests.test_survey_reader_surface_gate_v2.SurveyReaderSurfaceGateV2Tests.test_validate_reader_surface_gate_tampered_gate_sha_fails)
Independent validator catches fabricated or tampered gate_sha256. ... ok
test_validate_reader_surface_gate_unresolved_blocking_finding_fails (tests.test_survey_reader_surface_gate_v2.SurveyReaderSurfaceGateV2Tests.test_validate_reader_surface_gate_unresolved_blocking_finding_fails)
Independent validator rejects gate record containing unresolved blocking findings. ... ok
test_validate_reader_surface_gate_valid_passes (tests.test_survey_reader_surface_gate_v2.SurveyReaderSurfaceGateV2Tests.test_validate_reader_surface_gate_valid_passes)
Independent validator passes a well-formed, untampered Reader-Surface Gate. ... ok
test_weekly_leakage_fixture_fails_fast (tests.test_survey_reader_surface_gate_v2.SurveyReaderSurfaceGateV2Tests.test_weekly_leakage_fixture_fails_fast)
Weekly magazine leakage (Selection r2, Package 4, Discovery observation) fails fast. ... ok
test_valid_single_did_projects_every_category (tests.test_survey_longform_derivation_v2.LongformDerivationV2Tests.test_valid_single_did_projects_every_category) ... ok
test_directive_file_presence_refuses (tests.test_survey_longform_derivation_v2.LongformDerivationV2Tests.test_directive_file_presence_refuses) ... ok
test_earlier_lifecycle_state_refuses (tests.test_survey_longform_derivation_v2.LongformDerivationV2Tests.test_earlier_lifecycle_state_refuses) ... ok

----------------------------------------------------------------------
Ran 43 tests in 1822.421s

OK
{
  "issue_id": "SP001",
  "structured_surface": "sources/SP001/publication/v2/reader-surface-input-v2.json",
  "surface_sha256": "f40db7f6f88f099e13162f51296d0b24874922d80a7ef31fd85329b85a957cd5",
  "status": "SURFACE_MATERIALIZED"
}
{
  "issue_id": "SP001",
  "structured_surface": "sources/SP001/publication/v2/reader-surface-input-v2.json",
  "surface_sha256": "f40db7f6f88f099e13162f51296d0b24874922d80a7ef31fd85329b85a957cd5",
  "status": "SURFACE_MATERIALIZED"
}
{
  "issue_id": "SP001",
  "structured_surface": "sources/SP001/publication/v2/reader-surface-input-v2.json",
  "surface_sha256": "f40db7f6f88f099e13162f51296d0b24874922d80a7ef31fd85329b85a957cd5",
  "status": "SURFACE_MATERIALIZED"
}
{
  "issue_id": "SP001",
  "structured_surface": "sources/SP001/publication/v2/reader-surface-input-v2.json",
  "surface_sha256": "f40db7f6f88f099e13162f51296d0b24874922d80a7ef31fd85329b85a957cd5",
  "status": "SURFACE_MATERIALIZED"
}
{
  "issue_id": "SP001",
  "structured_surface": "sources/SP001/publication/v2/reader-surface-input-v2.json",
  "surface_sha256": "f40db7f6f88f099e13162f51296d0b24874922d80a7ef31fd85329b85a957cd5",
  "status": "SURFACE_MATERIALIZED"
}
{
  "issue_id": "SP001",
  "source_root": "sources/SP001",
  "survey_root": "surveys/special/SP001",
  "source_manifest": "sources/SP001/publication/v2/validated-source-manifest.json",
  "main_tex": "surveys/special/SP001/main.tex",
  "bibliography": "surveys/special/SP001/references.bib",
  "style": "surveys/special/SP001/jgaisurvey.sty"
}
{
  "issue_id": "SP001",
  "structured_surface": "sources/SP001/publication/v2/reader-surface-input-v2.json",
  "surface_sha256": "f40db7f6f88f099e13162f51296d0b24874922d80a7ef31fd85329b85a957cd5",
  "status": "SURFACE_MATERIALIZED"
}
{
  "issue_id": "SP001",
  "structured_surface": "sources/SP001/publication/v2/reader-surface-input-v2.json",
  "surface_sha256": "f40db7f6f88f099e13162f51296d0b24874922d80a7ef31fd85329b85a957cd5",
  "status": "SURFACE_MATERIALIZED"
}
{
  "issue_id": "SP001",
  "source_root": "sources/SP001",
  "survey_root": "surveys/special/SP001",
  "source_manifest": "sources/SP001/publication/v2/validated-source-manifest.json",
  "main_tex": "surveys/special/SP001/main.tex",
  "bibliography": "surveys/special/SP001/references.bib",
  "style": "surveys/special/SP001/jgaisurvey.sty"
}
{
  "issue_id": "SP001",
  "structured_surface": "sources/SP001/publication/v2/reader-surface-input-v2.json",
  "surface_sha256": "f40db7f6f88f099e13162f51296d0b24874922d80a7ef31fd85329b85a957cd5",
  "status": "SURFACE_MATERIALIZED"
}
{
  "issue_id": "SP001",
  "structured_surface": "sources/SP001/publication/v2/reader-surface-input-v2.json",
  "surface_sha256": "f40db7f6f88f099e13162f51296d0b24874922d80a7ef31fd85329b85a957cd5",
  "status": "SURFACE_MATERIALIZED"
}
{
  "issue_id": "SP001",
  "structured_surface": "sources/SP001/publication/v2/reader-surface-input-v2.json",
  "surface_sha256": "f40db7f6f88f099e13162f51296d0b24874922d80a7ef31fd85329b85a957cd5",
  "status": "SURFACE_MATERIALIZED"
}
{
  "issue_id": "SP001",
  "source_root": "sources/SP001",
  "survey_root": "surveys/special/SP001",
  "source_manifest": "sources/SP001/publication/v2/validated-source-manifest.json",
  "main_tex": "surveys/special/SP001/main.tex",
  "bibliography": "surveys/special/SP001/references.bib",
  "style": "surveys/special/SP001/jgaisurvey.sty"
}
{
  "issue_id": "SP001",
  "structured_surface": "sources/SP001/publication/v2/reader-surface-input-v2.json",
  "surface_sha256": "f40db7f6f88f099e13162f51296d0b24874922d80a7ef31fd85329b85a957cd5",
  "status": "SURFACE_MATERIALIZED"
}
{
  "issue_id": "SP001",
  "source_root": "sources/SP001",
  "survey_root": "surveys/special/SP001",
  "source_manifest": "sources/SP001/publication/v2/validated-source-manifest.json",
  "main_tex": "surveys/special/SP001/main.tex",
  "bibliography": "surveys/special/SP001/references.bib",
  "style": "surveys/special/SP001/jgaisurvey.sty"
}
{
  "issue_id": "SP001",
  "structured_surface": "sources/SP001/publication/v2/reader-surface-input-v2.json",
  "surface_sha256": "f40db7f6f88f099e13162f51296d0b24874922d80a7ef31fd85329b85a957cd5",
  "status": "SURFACE_MATERIALIZED"
}
{
  "issue_id": "SP001",
  "source_root": "sources/SP001",
  "survey_root": "surveys/special/SP001",
  "source_manifest": "sources/SP001/publication/v2/validated-source-manifest.json",
  "main_tex": "surveys/special/SP001/main.tex",
  "bibliography": "surveys/special/SP001/references.bib",
  "style": "surveys/special/SP001/jgaisurvey.sty"
}
{
  "issue_id": "SP001",
  "structured_surface": "sources/SP001/publication/v2/reader-surface-input-v2.json",
  "surface_sha256": "f40db7f6f88f099e13162f51296d0b24874922d80a7ef31fd85329b85a957cd5",
  "status": "SURFACE_MATERIALIZED"
}
{
  "issue_id": "SP001",
  "source_root": "sources/SP001",
  "survey_root": "surveys/special/SP001",
  "source_manifest": "sources/SP001/publication/v2/validated-source-manifest.json",
  "main_tex": "surveys/special/SP001/main.tex",
  "bibliography": "surveys/special/SP001/references.bib",
  "style": "surveys/special/SP001/jgaisurvey.sty"
}
{
  "issue_id": "SP001",
  "structured_surface": "sources/SP001/publication/v2/reader-surface-input-v2.json",
  "surface_sha256": "f40db7f6f88f099e13162f51296d0b24874922d80a7ef31fd85329b85a957cd5",
  "status": "SURFACE_MATERIALIZED"
}
{
  "issue_id": "SP001",
  "source_root": "sources/SP001",
  "survey_root": "surveys/special/SP001",
  "source_manifest": "sources/SP001/publication/v2/validated-source-manifest.json",
  "main_tex": "surveys/special/SP001/main.tex",
  "bibliography": "surveys/special/SP001/references.bib",
  "style": "surveys/special/SP001/jgaisurvey.sty"
}
{
  "issue_id": "SP001",
  "structured_surface": "sources/SP001/publication/v2/reader-surface-input-v2.json",
  "surface_sha256": "f40db7f6f88f099e13162f51296d0b24874922d80a7ef31fd85329b85a957cd5",
  "status": "SURFACE_MATERIALIZED"
}
{
  "issue_id": "SP001",
  "structured_surface": "sources/SP001/publication/v2/reader-surface-input-v2.json",
  "surface_sha256": "f40db7f6f88f099e13162f51296d0b24874922d80a7ef31fd85329b85a957cd5",
  "status": "SURFACE_MATERIALIZED"
}
