=== R1 round2 final suite (committed successor) ===
HEAD: 985dcd6a6e8b8eb99651218084e81bc0637e6b77
TREE: b7c87c8e3df871f60122a8addd9e6f9783bb9f90
PARENT: 8a544f916b943b2ed03a3e46222016ef1d41faf5
DATE-UTC: 2026-09-29T01:16:42Z
CWD: /tmp/jgas-rephase-mechanical-r1-20260928T000710Z
ARGV: /tmp/jgas-rephase-application-venv/bin/python3.12 -m unittest tests.test_survey_increment_b_weekly_derivation_v2 -v
PYTHON: Python 3.12.14
DEPS: attrs 26.1.0;jsonschema 4.23.0;jsonschema-specifications 2025.9.1;pypdf 6.16.2;referencing 0.37.0;rpds-py 2026.6.3;typing_extensions 4.16.0;
SOURCE-SHA256:
9400243c988a4509f1937d43ccc306823dd95c6483f219667d2a10bf8d175538  scripts/survey_weekly_mechanical_refresh_v2.py
76cfd4162f0c6430eaf81c1d4af93c75d26819b55154f615fdc5b6e6dfc67ffe  scripts/survey_agent_control_v2.py
818b173544b7f048300ba610d7cf7942693f22938305600312f3f54ac6318f4f  scripts/survey_reader_surface_gate_v2.py
1cb1f705cd2481b93ddacc93e5c20e2f0adf1622effe86e5ccf0fce4ce6ed2cc  scripts/survey_weekly_derivation_v2.py
01f1035918e3feff0f3779f859a305cc7a722f11b9c1f431ef305852875b831e  tests/test_survey_weekly_mechanical_refresh_v2.py
ccbe2c4939a617f339ebcd2b4d2ee54e00d6fbc9729f6c6b180e454746dfc23e  tests/test_survey_publication_revalidation_v2.py
901b6d03163ea9f6f748cd4082c3c30dfdae539b3e51c169da39497bd2b6f57c  docs/weekly-mechanical-refresh.md
--- unittest start ---
test_accepted_weekly_chain_probe (tests.test_survey_increment_b_weekly_derivation_v2.IncrementBWeeklyDerivationV2Tests.test_accepted_weekly_chain_probe) ... ok
test_accepted_weekly_current_state_probe (tests.test_survey_increment_b_weekly_derivation_v2.IncrementBWeeklyDerivationV2Tests.test_accepted_weekly_current_state_probe) ... ok
test_accepted_weekly_two_pass_publication (tests.test_survey_increment_b_weekly_derivation_v2.IncrementBWeeklyDerivationV2Tests.test_accepted_weekly_two_pass_publication) ... ok
test_bib_special_text_is_escaped_and_url_is_preserved (tests.test_survey_increment_b_weekly_derivation_v2.IncrementBWeeklyDerivationV2Tests.test_bib_special_text_is_escaped_and_url_is_preserved) ... ok
test_historical_visible_omission_projection_matrix (tests.test_survey_increment_b_weekly_derivation_v2.IncrementBWeeklyDerivationV2Tests.test_historical_visible_omission_projection_matrix) ... ok
test_receipt_basis_controls_reject_dirty_and_committed_changes (tests.test_survey_increment_b_weekly_derivation_v2.IncrementBWeeklyDerivationV2Tests.test_receipt_basis_controls_reject_dirty_and_committed_changes) ... ok
test_unbraced_repository_includes_are_rejected (tests.test_survey_increment_b_weekly_derivation_v2.IncrementBWeeklyDerivationV2Tests.test_unbraced_repository_includes_are_rejected) ... ok
test_weekly_closing_source_must_be_exact_accepted_profile_value (tests.test_survey_increment_b_weekly_derivation_v2.IncrementBWeeklyDerivationV2Tests.test_weekly_closing_source_must_be_exact_accepted_profile_value) ... ok

----------------------------------------------------------------------
Ran 8 tests in 257.028s

OK
{
  "issue_id": "2026-W37",
  "structured_surface": "sources/2026-W37/publication/v2/reader-surface-input-v2.json",
  "surface_sha256": "136c0dd8a2bf4c5b4323993ff3882524c760d902f2a463b93bcd6fe95a948635",
  "status": "SURFACE_MATERIALIZED"
}
{
  "issue_id": "2026-W37",
  "source_root": "sources/2026-W37",
  "survey_root": "surveys/weekly/2026-W37",
  "source_manifest": "sources/2026-W37/publication/v2/validated-source-manifest.json",
  "main_tex": "surveys/weekly/2026-W37/main.tex",
  "bibliography": "surveys/weekly/2026-W37/references.bib",
  "style": "surveys/weekly/2026-W37/jgaisurvey.sty",
  "subject_result": "sources/2026-W37/publication/v2/quality/subject-entity-property-binding.json",
  "identifier_tokens": [
    "2026-W37",
    "Target Model"
  ]
}
EXIT:0
