=== R1 round2 final suite (committed successor) ===
HEAD: 8a544f916b943b2ed03a3e46222016ef1d41faf5
TREE: 68a447913c0aff8397ed93c4aebff1dbaf0d94df
PARENT: 269c2a0a15a0db346cab09603f28f1465740d8a4
DATE-UTC: 2026-09-28T17:30:30Z
CWD: /tmp/jgas-rephase-mechanical-r1-20260928T000710Z
ARGV: /tmp/jgas-rephase-application-venv/bin/python3.12 -m unittest tests.test_survey_reader_surface_gate_v2 -v
PYTHON: Python 3.12.14
DEPS: attrs 26.1.0;jsonschema 4.23.0;jsonschema-specifications 2025.9.1;pypdf 6.16.2;referencing 0.37.0;rpds-py 2026.6.3;typing_extensions 4.16.0;
SOURCE-SHA256:
fc4c9545392762bd319098c383843b3bcdbdbb9342472930921507826561e1d1  scripts/survey_weekly_mechanical_refresh_v2.py
ce6c0b8874e38e314dce8caf8c92df4e0e75488b1671249c3269fee865efcc47  scripts/survey_agent_control_v2.py
818b173544b7f048300ba610d7cf7942693f22938305600312f3f54ac6318f4f  scripts/survey_reader_surface_gate_v2.py
1cb1f705cd2481b93ddacc93e5c20e2f0adf1622effe86e5ccf0fce4ce6ed2cc  scripts/survey_weekly_derivation_v2.py
ccd8c100d2224531224a4434c3f97c901abd52785bb1224b49fb038d8e17b7cc  tests/test_survey_weekly_mechanical_refresh_v2.py
aace342949c6eccbba28d66a986dbb93f827fd7bcc79925c2d200a4b8923198d  tests/test_survey_publication_revalidation_v2.py
901b6d03163ea9f6f748cd4082c3c30dfdae539b3e51c169da39497bd2b6f57c  docs/weekly-mechanical-refresh.md
--- unittest start ---
test_bibliography_leakage_detected (tests.test_survey_reader_surface_gate_v2.SurveyReaderSurfaceGateV2Tests.test_bibliography_leakage_detected)
Bibliography containing [V/M] tags or internal tmp paths is blocked. ... ok
test_clean_reader_prose_passes_gate (tests.test_survey_reader_surface_gate_v2.SurveyReaderSurfaceGateV2Tests.test_clean_reader_prose_passes_gate)
Clean reader-facing prose passes with 0 blocking findings. ... ok
test_longform_revision_strengthened_validator (tests.test_survey_reader_surface_gate_v2.SurveyReaderSurfaceGateV2Tests.test_longform_revision_strengthened_validator)
survey_longform_publication_v2 validates all reader text via strengthened surface gate. ... ok
test_missing_reader_surface_gate_artifact_blocks_stage (tests.test_survey_reader_surface_gate_v2.SurveyReaderSurfaceGateV2Tests.test_missing_reader_surface_gate_artifact_blocks_stage)
DRAFT_COMPLETE and VALIDATED_DRAFT require reader-surface-gate artifact. ... ok
test_missing_semantic_authority_fails (tests.test_survey_reader_surface_gate_v2.SurveyReaderSurfaceGateV2Tests.test_missing_semantic_authority_fails)
Omitting machine-checkable semantic_authority raises ValueError and cannot PASS. ... ok
test_must_cover_cop_out_fails (tests.test_survey_reader_surface_gate_v2.SurveyReaderSurfaceGateV2Tests.test_must_cover_cop_out_fails)
Asserting 'Architecture requires X' instead of explaining facts is blocked. ... ok
test_narrow_allowlist_suppression_allows_pass (tests.test_survey_reader_surface_gate_v2.SurveyReaderSurfaceGateV2Tests.test_narrow_allowlist_suppression_allows_pass)
Narrow allowlist with audited reason converts finding to SUPPRESSED and allows pass. ... ok
test_pre_tex_structured_reader_surface_validation_catches_leakage (tests.test_survey_reader_surface_gate_v2.SurveyReaderSurfaceGateV2Tests.test_pre_tex_structured_reader_surface_validation_catches_leakage)
Pre-TeX structured reader-facing scan detects blocking leakage before TeX generation. ... ok
test_required_a_production_synthetic_builder_absent (tests.test_survey_reader_surface_gate_v2.SurveyReaderSurfaceGateV2Tests.test_required_a_production_synthetic_builder_absent)
Test A: Production synthetic builder absent - shared production API cannot manufacture PASS. ... ok
test_required_b_missing_semantic_checks (tests.test_survey_reader_surface_gate_v2.SurveyReaderSurfaceGateV2Tests.test_required_b_missing_semantic_checks)
Test B: Missing semantic checks - decision=PASS and findings=[] without required checks fails. ... ok
test_required_c_empty_semantic_check_evidence (tests.test_survey_reader_surface_gate_v2.SurveyReaderSurfaceGateV2Tests.test_required_c_empty_semantic_check_evidence)
Test C: Empty semantic check evidence - detail="" or evidence_locations=[] fails. ... ok
test_required_d_required_semantic_check_fail (tests.test_survey_reader_surface_gate_v2.SurveyReaderSurfaceGateV2Tests.test_required_d_required_semantic_check_fail)
Test D: Required semantic check FAIL - READER_PIPELINE_INDEPENDENCE=FAIL prevents overall review PASS. ... ok
test_required_e_authentic_pass (tests.test_survey_reader_surface_gate_v2.SurveyReaderSurfaceGateV2Tests.test_required_e_authentic_pass)
Test E: Authentic PASS - bound to exact surface, correct review kind, required check PASS, valid digest. ... ok
test_required_f_legacy_publication_review_rejected (tests.test_survey_reader_surface_gate_v2.SurveyReaderSurfaceGateV2Tests.test_required_f_legacy_publication_review_rejected)
Test F: Legacy publication review rejected - valid publication-review-record-v2 fails pre-TeX gate. ... ok
test_required_g_malformed_new_review_does_not_fallback (tests.test_survey_reader_surface_gate_v2.SurveyReaderSurfaceGateV2Tests.test_required_g_malformed_new_review_does_not_fallback)
Test G: Malformed new review does not fallback - corrupted review fails closed. ... ok
test_required_h_stale_new_review (tests.test_survey_reader_surface_gate_v2.SurveyReaderSurfaceGateV2Tests.test_required_h_stale_new_review)
Test H: Stale new review - modifying surface payload after review creation fails validation. ... ok
test_review_rationale_meta_rebuttal_fails (tests.test_survey_reader_surface_gate_v2.SurveyReaderSurfaceGateV2Tests.test_review_rationale_meta_rebuttal_fails)
Meta-rebuttal to prior review comments is blocked. ... ok
test_semantic_authority_non_pass_fails (tests.test_survey_reader_surface_gate_v2.SurveyReaderSurfaceGateV2Tests.test_semantic_authority_non_pass_fails)
Semantic authority with non-PASS status/decision triggers blocking finding. ... ok
test_semantic_authority_surface_sha_mismatch_fails (tests.test_survey_reader_surface_gate_v2.SurveyReaderSurfaceGateV2Tests.test_semantic_authority_surface_sha_mismatch_fails)
Semantic authority bound to wrong primary surface SHA triggers blocking finding. ... ok
test_semantic_layer_review_contract_evaluation (tests.test_survey_reader_surface_gate_v2.SurveyReaderSurfaceGateV2Tests.test_semantic_layer_review_contract_evaluation)
Semantic review layer flags process-dependent prose with proposed normalization. ... ok
test_special_leakage_fixture_fails_fast (tests.test_survey_reader_surface_gate_v2.SurveyReaderSurfaceGateV2Tests.test_special_leakage_fixture_fails_fast)
Special longform leakage (D017, 本 package, 一次資料として昇格させない, Verify, materiality) fails fast. ... ok
test_validate_reader_surface_gate_identity_mismatch_fails (tests.test_survey_reader_surface_gate_v2.SurveyReaderSurfaceGateV2Tests.test_validate_reader_surface_gate_identity_mismatch_fails)
Independent validator rejects issue_id or publication_profile identity mismatch. ... ok
test_validate_reader_surface_gate_stale_surface_sha_or_bytes_fails (tests.test_survey_reader_surface_gate_v2.SurveyReaderSurfaceGateV2Tests.test_validate_reader_surface_gate_stale_surface_sha_or_bytes_fails)
Independent validator catches drifted or mutated on-disk surface bytes. ... ok
test_validate_reader_surface_gate_tampered_gate_sha_fails (tests.test_survey_reader_surface_gate_v2.SurveyReaderSurfaceGateV2Tests.test_validate_reader_surface_gate_tampered_gate_sha_fails)
Independent validator catches fabricated or tampered gate_sha256. ... ok
test_validate_reader_surface_gate_unresolved_blocking_finding_fails (tests.test_survey_reader_surface_gate_v2.SurveyReaderSurfaceGateV2Tests.test_validate_reader_surface_gate_unresolved_blocking_finding_fails)
Independent validator rejects gate record containing unresolved blocking findings. ... ok
test_validate_reader_surface_gate_valid_passes (tests.test_survey_reader_surface_gate_v2.SurveyReaderSurfaceGateV2Tests.test_validate_reader_surface_gate_valid_passes)
Independent validator passes a well-formed, untampered Reader-Surface Gate. ... ok
test_weekly_leakage_fixture_fails_fast (tests.test_survey_reader_surface_gate_v2.SurveyReaderSurfaceGateV2Tests.test_weekly_leakage_fixture_fails_fast)
Weekly magazine leakage (Selection r2, Package 4, Discovery observation) fails fast. ... ok

----------------------------------------------------------------------
Ran 27 tests in 1.249s

OK
EXIT:0
