=== R1 round2 final suite (committed successor) ===
HEAD: 8a544f916b943b2ed03a3e46222016ef1d41faf5
TREE: 68a447913c0aff8397ed93c4aebff1dbaf0d94df
PARENT: 269c2a0a15a0db346cab09603f28f1465740d8a4
DATE-UTC: 2026-09-28T17:36:39Z
CWD: /tmp/jgas-rephase-mechanical-r1-20260928T000710Z
ARGV: /tmp/jgas-rephase-application-venv/bin/python3.12 -m unittest tests.test_survey_weekly_mechanical_refresh_v2 -v
PYTHON: Python 3.12.14
DEPS: attrs 26.1.0;jsonschema 4.23.0;jsonschema-specifications 2025.9.1;pypdf 6.16.2;referencing 0.37.0;rpds-py 2026.6.3;typing_extensions 4.16.0;
SOURCE-SHA256:
fc4c9545392762bd319098c383843b3bcdbdbb9342472930921507826561e1d1  scripts/survey_weekly_mechanical_refresh_v2.py
ce6c0b8874e38e314dce8caf8c92df4e0e75488b1671249c3269fee865efcc47  scripts/survey_agent_control_v2.py
818b173544b7f048300ba610d7cf7942693f22938305600312f3f54ac6318f4f  scripts/survey_reader_surface_gate_v2.py
1cb1f705cd2481b93ddacc93e5c20e2f0adf1622effe86e5ccf0fce4ce6ed2cc  scripts/survey_weekly_derivation_v2.py
ccd8c100d2224531224a4434c3f97c901abd52785bb1224b49fb038d8e17b7cc  tests/test_survey_weekly_mechanical_refresh_v2.py
aace342949c6eccbba28d66a986dbb93f827fd7bcc79925c2d200a4b8923198d  tests/test_survey_publication_revalidation_v2.py
901b6d03163ea9f6f748cd4082c3c30dfdae539b3e51c169da39497bd2b6f57c  docs/weekly-mechanical-refresh.md
--- unittest start ---
test_accepted_and_authored_mutation_refused (tests.test_survey_weekly_mechanical_refresh_v2.WeeklyMechanicalRefreshV2Tests.test_accepted_and_authored_mutation_refused) ... ok
test_active_predecessor_not_noop_and_artifact_only_noop (tests.test_survey_weekly_mechanical_refresh_v2.WeeklyMechanicalRefreshV2Tests.test_active_predecessor_not_noop_and_artifact_only_noop) ... ok
test_alias_state_and_inside_root_symlinks_refused (tests.test_survey_weekly_mechanical_refresh_v2.WeeklyMechanicalRefreshV2Tests.test_alias_state_and_inside_root_symlinks_refused) ... ok
test_changed_renderer_output_refused (tests.test_survey_weekly_mechanical_refresh_v2.WeeklyMechanicalRefreshV2Tests.test_changed_renderer_output_refused) ... ok
test_dirty_and_untracked_control_refused (tests.test_survey_weekly_mechanical_refresh_v2.WeeklyMechanicalRefreshV2Tests.test_dirty_and_untracked_control_refused) ... ok
test_first_and_repeat_success (tests.test_survey_weekly_mechanical_refresh_v2.WeeklyMechanicalRefreshV2Tests.test_first_and_repeat_success) ... ok
test_foreign_guard_replacement_and_removal_retained (tests.test_survey_weekly_mechanical_refresh_v2.WeeklyMechanicalRefreshV2Tests.test_foreign_guard_replacement_and_removal_retained) ... ok
test_gate_equality_requires_complete_fields (tests.test_survey_weekly_mechanical_refresh_v2.WeeklyMechanicalRefreshV2Tests.test_gate_equality_requires_complete_fields) ... ok
test_gate_failure_restores_owned_receipt (tests.test_survey_weekly_mechanical_refresh_v2.WeeklyMechanicalRefreshV2Tests.test_gate_failure_restores_owned_receipt) ... ok
test_head_drift_refused (tests.test_survey_weekly_mechanical_refresh_v2.WeeklyMechanicalRefreshV2Tests.test_head_drift_refused) ... ok
test_malformed_old_authority_refused (tests.test_survey_weekly_mechanical_refresh_v2.WeeklyMechanicalRefreshV2Tests.test_malformed_old_authority_refused) ... ok
test_occupied_guard_refuses_without_clobber (tests.test_survey_weekly_mechanical_refresh_v2.WeeklyMechanicalRefreshV2Tests.test_occupied_guard_refuses_without_clobber) ... {
  "issue_id": "2026-W37",
  "structured_surface": "sources/2026-W37/publication/v2/reader-surface-input-v2.json",
  "surface_sha256": "136c0dd8a2bf4c5b4323993ff3882524c760d902f2a463b93bcd6fe95a948635",
  "status": "SURFACE_MATERIALIZED"
}
{
  "issue_id": "2026-W37",
  "source_root": "sources/2026-W37",
  "survey_root": "surveys/weekly/2026-W37",
  "source_manifest": "sources/2026-W37/publication/v2/validated-source-manifest.json",
  "main_tex": "surveys/weekly/2026-W37/main.tex",
  "bibliography": "surveys/weekly/2026-W37/references.bib",
  "style": "surveys/weekly/2026-W37/jgaisurvey.sty",
  "subject_result": "sources/2026-W37/publication/v2/quality/subject-entity-property-binding.json",
  "identifier_tokens": [
    "2026-W37",
    "Target Model"
  ]
}
{
  "issue_id": "2026-W37",
  "structured_surface": "sources/2026-W37/publication/v2/reader-surface-input-v2.json",
  "surface_sha256": "136c0dd8a2bf4c5b4323993ff3882524c760d902f2a463b93bcd6fe95a948635",
  "status": "SURFACE_MATERIALIZED"
}
{
  "issue_id": "2026-W37",
  "source_root": "sources/2026-W37",
  "survey_root": "surveys/weekly/2026-W37",
  "source_manifest": "sources/2026-W37/publication/v2/validated-source-manifest.json",
  "main_tex": "surveys/weekly/2026-W37/main.tex",
  "bibliography": "surveys/weekly/2026-W37/references.bib",
  "style": "surveys/weekly/2026-W37/jgaisurvey.sty",
  "subject_result": "sources/2026-W37/publication/v2/quality/subject-entity-property-binding.json",
  "identifier_tokens": [
    "2026-W37",
    "Target Model"
  ]
}
{
  "issue_id": "2026-W37",
  "structured_surface": "sources/2026-W37/publication/v2/reader-surface-input-v2.json",
  "surface_sha256": "136c0dd8a2bf4c5b4323993ff3882524c760d902f2a463b93bcd6fe95a948635",
  "status": "SURFACE_MATERIALIZED"
}
{
  "issue_id": "2026-W37",
  "source_root": "sources/2026-W37",
  "survey_root": "surveys/weekly/2026-W37",
  "source_manifest": "sources/2026-W37/publication/v2/validated-source-manifest.json",
  "main_tex": "surveys/weekly/2026-W37/main.tex",
  "bibliography": "surveys/weekly/2026-W37/references.bib",
  "style": "surveys/weekly/2026-W37/jgaisurvey.sty",
  "subject_result": "sources/2026-W37/publication/v2/quality/subject-entity-property-binding.json",
  "identifier_tokens": [
    "2026-W37",
    "Target Model"
  ]
}
{
  "issue_id": "2026-W37",
  "structured_surface": "sources/2026-W37/publication/v2/reader-surface-input-v2.json",
  "surface_sha256": "136c0dd8a2bf4c5b4323993ff3882524c760d902f2a463b93bcd6fe95a948635",
  "status": "SURFACE_MATERIALIZED"
}
{
  "issue_id": "2026-W37",
  "source_root": "sources/2026-W37",
  "survey_root": "surveys/weekly/2026-W37",
  "source_manifest": "sources/2026-W37/publication/v2/validated-source-manifest.json",
  "main_tex": "surveys/weekly/2026-W37/main.tex",
  "bibliography": "surveys/weekly/2026-W37/references.bib",
  "style": "surveys/weekly/2026-W37/jgaisurvey.sty",
  "subject_result": "sources/2026-W37/publication/v2/quality/subject-entity-property-binding.json",
  "identifier_tokens": [
    "2026-W37",
    "Target Model"
  ]
}
{
  "issue_id": "2026-W37",
  "structured_surface": "sources/2026-W37/publication/v2/reader-surface-input-v2.json",
  "surface_sha256": "136c0dd8a2bf4c5b4323993ff3882524c760d902f2a463b93bcd6fe95a948635",
  "status": "SURFACE_MATERIALIZED"
}
{
  "issue_id": "2026-W37",
  "source_root": "sources/2026-W37",
  "survey_root": "surveys/weekly/2026-W37",
  "source_manifest": "sources/2026-W37/publication/v2/validated-source-manifest.json",
  "main_tex": "surveys/weekly/2026-W37/main.tex",
  "bibliography": "surveys/weekly/2026-W37/references.bib",
  "style": "surveys/weekly/2026-W37/jgaisurvey.sty",
  "subject_result": "sources/2026-W37/publication/v2/quality/subject-entity-property-binding.json",
  "identifier_tokens": [
    "2026-W37",
    "Target Model"
  ]
}
{
  "issue_id": "2026-W37",
  "structured_surface": "sources/2026-W37/publication/v2/reader-surface-input-v2.json",
  "surface_sha256": "136c0dd8a2bf4c5b4323993ff3882524c760d902f2a463b93bcd6fe95a948635",
  "status": "SURFACE_MATERIALIZED"
}
{
  "issue_id": "2026-W37",
  "source_root": "sources/2026-W37",
  "survey_root": "surveys/weekly/2026-W37",
  "source_manifest": "sources/2026-W37/publication/v2/validated-source-manifest.json",
  "main_tex": "surveys/weekly/2026-W37/main.tex",
  "bibliography": "surveys/weekly/2026-W37/references.bib",
  "style": "surveys/weekly/2026-W37/jgaisurvey.sty",
  "subject_result": "sources/2026-W37/publication/v2/quality/subject-entity-property-binding.json",
  "identifier_tokens": [
    "2026-W37",
    "Target Model"
  ]
}
{
  "issue_id": "2026-W37",
  "structured_surface": "sources/2026-W37/publication/v2/reader-surface-input-v2.json",
  "surface_sha256": "136c0dd8a2bf4c5b4323993ff3882524c760d902f2a463b93bcd6fe95a948635",
  "status": "SURFACE_MATERIALIZED"
}
{
  "issue_id": "2026-W37",
  "source_root": "sources/2026-W37",
  "survey_root": "surveys/weekly/2026-W37",
  "source_manifest": "sources/2026-W37/publication/v2/validated-source-manifest.json",
  "main_tex": "surveys/weekly/2026-W37/main.tex",
  "bibliography": "surveys/weekly/2026-W37/references.bib",
  "style": "surveys/weekly/2026-W37/jgaisurvey.sty",
  "subject_result": "sources/2026-W37/publication/v2/quality/subject-entity-property-binding.json",
  "identifier_tokens": [
    "2026-W37",
    "Target Model"
  ]
}
{
  "issue_id": "2026-W37",
  "structured_surface": "sources/2026-W37/publication/v2/reader-surface-input-v2.json",
  "surface_sha256": "136c0dd8a2bf4c5b4323993ff3882524c760d902f2a463b93bcd6fe95a948635",
  "status": "SURFACE_MATERIALIZED"
}
{
  "issue_id": "2026-W37",
  "source_root": "sources/2026-W37",
  "survey_root": "surveys/weekly/2026-W37",
  "source_manifest": "sources/2026-W37/publication/v2/validated-source-manifest.json",
  "main_tex": "surveys/weekly/2026-W37/main.tex",
  "bibliography": "surveys/weekly/2026-W37/references.bib",
  "style": "surveys/weekly/2026-W37/jgaisurvey.sty",
  "subject_result": "sources/2026-W37/publication/v2/quality/subject-entity-property-binding.json",
  "identifier_tokens": [
    "2026-W37",
    "Target Model"
  ]
}
{
  "issue_id": "2026-W37",
  "structured_surface": "sources/2026-W37/publication/v2/reader-surface-input-v2.json",
  "surface_sha256": "136c0dd8a2bf4c5b4323993ff3882524c760d902f2a463b93bcd6fe95a948635",
  "status": "SURFACE_MATERIALIZED"
}
{
  "issue_id": "2026-W37",
  "source_root": "sources/2026-W37",
  "survey_root": "surveys/weekly/2026-W37",
  "source_manifest": "sources/2026-W37/publication/v2/validated-source-manifest.json",
  "main_tex": "surveys/weekly/2026-W37/main.tex",
  "bibliography": "surveys/weekly/2026-W37/references.bib",
  "style": "surveys/weekly/2026-W37/jgaisurvey.sty",
  "subject_result": "sources/2026-W37/publication/v2/quality/subject-entity-property-binding.json",
  "identifier_tokens": [
    "2026-W37",
    "Target Model"
  ]
}
{
  "issue_id": "2026-W37",
  "structured_surface": "sources/2026-W37/publication/v2/reader-surface-input-v2.json",
  "surface_sha256": "136c0dd8a2bf4c5b4323993ff3882524c760d902f2a463b93bcd6fe95a948635",
  "status": "SURFACE_MATERIALIZED"
}
{
  "issue_id": "2026-W37",
  "source_root": "sources/2026-W37",
  "survey_root": "surveys/weekly/2026-W37",
  "source_manifest": "sources/2026-W37/publication/v2/validated-source-manifest.json",
  "main_tex": "surveys/weekly/2026-W37/main.tex",
  "bibliography": "surveys/weekly/2026-W37/references.bib",
  "style": "surveys/weekly/2026-W37/jgaisurvey.sty",
  "subject_result": "sources/2026-W37/publication/v2/quality/subject-entity-property-binding.json",
  "identifier_tokens": [
    "2026-W37",
    "Target Model"
  ]
}
{
  "issue_id": "2026-W37",
  "structured_surface": "sources/2026-W37/publication/v2/reader-surface-input-v2.json",
  "surface_sha256": "136c0dd8a2bf4c5b4323993ff3882524c760d902f2a463b93bcd6fe95a948635",
  "status": "SURFACE_MATERIALIZED"
}
{
  "issue_id": "2026-W37",
  "source_root": "sources/2026-W37",
  "survey_root": "surveys/weekly/2026-W37",
  "source_manifest": "sources/2026-W37/publication/v2/validated-source-manifest.json",
  "main_tex": "surveys/weekly/2026-W37/main.tex",
  "bibliography": "surveys/weekly/2026-W37/references.bib",
  "style": "surveys/weekly/2026-W37/jgaisurvey.sty",
  "subject_result": "sources/2026-W37/publication/v2/quality/subject-entity-property-binding.json",
  "identifier_tokens": [
    "2026-W37",
    "Target Model"
  ]
}ok
test_partial_api_record_state_write_retained (tests.test_survey_weekly_mechanical_refresh_v2.WeeklyMechanicalRefreshV2Tests.test_partial_api_record_state_write_retained) ... ok
test_post_preflight_drift_refused_without_writes (tests.test_survey_weekly_mechanical_refresh_v2.WeeklyMechanicalRefreshV2Tests.test_post_preflight_drift_refused_without_writes) ... ok
test_postcommit_reporting_does_not_rollback (tests.test_survey_weekly_mechanical_refresh_v2.WeeklyMechanicalRefreshV2Tests.test_postcommit_reporting_does_not_rollback) ... ok
test_pre_install_control_change_unsupported (tests.test_survey_weekly_mechanical_refresh_v2.WeeklyMechanicalRefreshV2Tests.test_pre_install_control_change_unsupported) ... ok
test_public_validators_still_reject_without_bypass (tests.test_survey_weekly_mechanical_refresh_v2.WeeklyMechanicalRefreshV2Tests.test_public_validators_still_reject_without_bypass) ... ok
test_record_collision_preserves_foreign_record (tests.test_survey_weekly_mechanical_refresh_v2.WeeklyMechanicalRefreshV2Tests.test_record_collision_preserves_foreign_record) ... ok
test_retention_collision_refuses_without_live_write (tests.test_survey_weekly_mechanical_refresh_v2.WeeklyMechanicalRefreshV2Tests.test_retention_collision_refuses_without_live_write) ... ok
test_retention_symlink_refuses_without_live_write (tests.test_survey_weekly_mechanical_refresh_v2.WeeklyMechanicalRefreshV2Tests.test_retention_symlink_refuses_without_live_write) ... ok
test_revalidation_failure_restores_owned_files (tests.test_survey_weekly_mechanical_refresh_v2.WeeklyMechanicalRefreshV2Tests.test_revalidation_failure_restores_owned_files) ... ok
test_review_contract_change_refused (tests.test_survey_weekly_mechanical_refresh_v2.WeeklyMechanicalRefreshV2Tests.test_review_contract_change_refused) ... ok
test_state_drift_refused (tests.test_survey_weekly_mechanical_refresh_v2.WeeklyMechanicalRefreshV2Tests.test_state_drift_refused) ... 
{
  "issue_id": "2026-W37",
  "structured_surface": "sources/2026-W37/publication/v2/reader-surface-input-v2.json",
  "surface_sha256": "136c0dd8a2bf4c5b4323993ff3882524c760d902f2a463b93bcd6fe95a948635",
  "status": "SURFACE_MATERIALIZED"
}
{
  "issue_id": "2026-W37",
  "source_root": "sources/2026-W37",
  "survey_root": "surveys/weekly/2026-W37",
  "source_manifest": "sources/2026-W37/publication/v2/validated-source-manifest.json",
  "main_tex": "surveys/weekly/2026-W37/main.tex",
  "bibliography": "surveys/weekly/2026-W37/references.bib",
  "style": "surveys/weekly/2026-W37/jgaisurvey.sty",
  "subject_result": "sources/2026-W37/publication/v2/quality/subject-entity-property-binding.json",
  "identifier_tokens": [
    "2026-W37",
    "Target Model"
  ]
}
{
  "issue_id": "2026-W37",
  "structured_surface": "sources/2026-W37/publication/v2/reader-surface-input-v2.json",
  "surface_sha256": "136c0dd8a2bf4c5b4323993ff3882524c760d902f2a463b93bcd6fe95a948635",
  "status": "SURFACE_MATERIALIZED"
}
{
  "issue_id": "2026-W37",
  "source_root": "sources/2026-W37",
  "survey_root": "surveys/weekly/2026-W37",
  "source_manifest": "sources/2026-W37/publication/v2/validated-source-manifest.json",
  "main_tex": "surveys/weekly/2026-W37/main.tex",
  "bibliography": "surveys/weekly/2026-W37/references.bib",
  "style": "surveys/weekly/2026-W37/jgaisurvey.sty",
  "subject_result": "sources/2026-W37/publication/v2/quality/subject-entity-property-binding.json",
  "identifier_tokens": [
    "2026-W37",
    "Target Model"
  ]
}
{
  "issue_id": "2026-W37",
  "structured_surface": "sources/2026-W37/publication/v2/reader-surface-input-v2.json",
  "surface_sha256": "136c0dd8a2bf4c5b4323993ff3882524c760d902f2a463b93bcd6fe95a948635",
  "status": "SURFACE_MATERIALIZED"
}
{
  "issue_id": "2026-W37",
  "source_root": "sources/2026-W37",
  "survey_root": "surveys/weekly/2026-W37",
  "source_manifest": "sources/2026-W37/publication/v2/validated-source-manifest.json",
  "main_tex": "surveys/weekly/2026-W37/main.tex",
  "bibliography": "surveys/weekly/2026-W37/references.bib",
  "style": "surveys/weekly/2026-W37/jgaisurvey.sty",
  "subject_result": "sources/2026-W37/publication/v2/quality/subject-entity-property-binding.json",
  "identifier_tokens": [
    "2026-W37",
    "Target Model"
  ]
}
{
  "issue_id": "2026-W37",
  "structured_surface": "sources/2026-W37/publication/v2/reader-surface-input-v2.json",
  "surface_sha256": "136c0dd8a2bf4c5b4323993ff3882524c760d902f2a463b93bcd6fe95a948635",
  "status": "SURFACE_MATERIALIZED"
}
{
  "issue_id": "2026-W37",
  "source_root": "sources/2026-W37",
  "survey_root": "surveys/weekly/2026-W37",
  "source_manifest": "sources/2026-W37/publication/v2/validated-source-manifest.json",
  "main_tex": "surveys/weekly/2026-W37/main.tex",
  "bibliography": "surveys/weekly/2026-W37/references.bib",
  "style": "surveys/weekly/2026-W37/jgaisurvey.sty",
  "subject_result": "sources/2026-W37/publication/v2/quality/subject-entity-property-binding.json",
  "identifier_tokens": [
    "2026-W37",
    "Target Model"
  ]
}
{
  "issue_id": "2026-W37",
  "structured_surface": "sources/2026-W37/publication/v2/reader-surface-input-v2.json",
  "surface_sha256": "136c0dd8a2bf4c5b4323993ff3882524c760d902f2a463b93bcd6fe95a948635",
  "status": "SURFACE_MATERIALIZED"
}
{
  "issue_id": "2026-W37",
  "source_root": "sources/2026-W37",
  "survey_root": "surveys/weekly/2026-W37",
  "source_manifest": "sources/2026-W37/publication/v2/validated-source-manifest.json",
  "main_tex": "surveys/weekly/2026-W37/main.tex",
  "bibliography": "surveys/weekly/2026-W37/references.bib",
  "style": "surveys/weekly/2026-W37/jgaisurvey.sty",
  "subject_result": "sources/2026-W37/publication/v2/quality/subject-entity-property-binding.json",
  "identifier_tokens": [
    "2026-W37",
    "Target Model"
  ]
}
{
  "issue_id": "2026-W37",
  "structured_surface": "sources/2026-W37/publication/v2/reader-surface-input-v2.json",
  "surface_sha256": "136c0dd8a2bf4c5b4323993ff3882524c760d902f2a463b93bcd6fe95a948635",
  "status": "SURFACE_MATERIALIZED"
}
{
  "issue_id": "2026-W37",
  "source_root": "sources/2026-W37",
  "survey_root": "surveys/weekly/2026-W37",
  "source_manifest": "sources/2026-W37/publication/v2/validated-source-manifest.json",
  "main_tex": "surveys/weekly/2026-W37/main.tex",
  "bibliography": "surveys/weekly/2026-W37/references.bib",
  "style": "surveys/weekly/2026-W37/jgaisurvey.sty",
  "subject_result": "sources/2026-W37/publication/v2/quality/subject-entity-property-binding.json",
  "identifier_tokens": [
    "2026-W37",
    "Target Model"
  ]
}
{
  "issue_id": "2026-W37",
  "structured_surface": "sources/2026-W37/publication/v2/reader-surface-input-v2.json",
  "surface_sha256": "136c0dd8a2bf4c5b4323993ff3882524c760d902f2a463b93bcd6fe95a948635",
  "status": "SURFACE_MATERIALIZED"
}
{
  "issue_id": "2026-W37",
  "source_root": "sources/2026-W37",
  "survey_root": "surveys/weekly/2026-W37",
  "source_manifest": "sources/2026-W37/publication/v2/validated-source-manifest.json",
  "main_tex": "surveys/weekly/2026-W37/main.tex",
  "bibliography": "surveys/weekly/2026-W37/references.bib",
  "style": "surveys/weekly/2026-W37/jgaisurvey.sty",
  "subject_result": "sources/2026-W37/publication/v2/quality/subject-entity-property-binding.json",
  "identifier_tokens": [
    "2026-W37",
    "Target Model"
  ]
}
{
  "issue_id": "2026-W37",
  "structured_surface": "sources/2026-W37/publication/v2/reader-surface-input-v2.json",
  "surface_sha256": "136c0dd8a2bf4c5b4323993ff3882524c760d902f2a463b93bcd6fe95a948635",
  "status": "SURFACE_MATERIALIZED"
}
{
  "issue_id": "2026-W37",
  "source_root": "sources/2026-W37",
  "survey_root": "surveys/weekly/2026-W37",
  "source_manifest": "sources/2026-W37/publication/v2/validated-source-manifest.json",
  "main_tex": "surveys/weekly/2026-W37/main.tex",
  "bibliography": "surveys/weekly/2026-W37/references.bib",
  "style": "surveys/weekly/2026-W37/jgaisurvey.sty",
  "subject_result": "sources/2026-W37/publication/v2/quality/subject-entity-property-binding.json",
  "identifier_tokens": [
    "2026-W37",
    "Target Model"
  ]
}
{
  "issue_id": "2026-W37",
  "structured_surface": "sources/2026-W37/publication/v2/reader-surface-input-v2.json",
  "surface_sha256": "136c0dd8a2bf4c5b4323993ff3882524c760d902f2a463b93bcd6fe95a948635",
  "status": "SURFACE_MATERIALIZED"
}
{
  "issue_id": "2026-W37",
  "source_root": "sources/2026-W37",
  "survey_root": "surveys/weekly/2026-W37",
  "source_manifest": "sources/2026-W37/publication/v2/validated-source-manifest.json",
  "main_tex": "surveys/weekly/2026-W37/main.tex",
  "bibliography": "surveys/weekly/2026-W37/references.bib",
  "style": "surveys/weekly/2026-W37/jgaisurvey.sty",
  "subject_result": "sources/2026-W37/publication/v2/quality/subject-entity-property-binding.json",
  "identifier_tokens": [
    "2026-W37",
    "Target Model"
  ]
}
{
  "issue_id": "2026-W37",
  "structured_surface": "sources/2026-W37/publication/v2/reader-surface-input-v2.json",
  "surface_sha256": "136c0dd8a2bf4c5b4323993ff3882524c760d902f2a463b93bcd6fe95a948635",
  "status": "SURFACE_MATERIALIZED"
}
{
  "issue_id": "2026-W37",
  "source_root": "sources/2026-W37",
  "survey_root": "surveys/weekly/2026-W37",
  "source_manifest": "sources/2026-W37/publication/v2/validated-source-manifest.json",
  "main_tex": "surveys/weekly/2026-W37/main.tex",
  "bibliography": "surveys/weekly/2026-W37/references.bib",
  "style": "surveys/weekly/2026-W37/jgaisurvey.sty",
  "subject_result": "sources/2026-W37/publication/v2/quality/subject-entity-property-binding.json",
  "identifier_tokens": [
    "2026-W37",
    "Target Model"
  ]
}
{
  "issue_id": "2026-W37",
  "structured_surface": "sources/2026-W37/publication/v2/reader-surface-input-v2.json",
  "surface_sha256": "136c0dd8a2bf4c5b4323993ff3882524c760d902f2a463b93bcd6fe95a948635",
  "status": "SURFACE_MATERIALIZED"
}
{
  "issue_id": "2026-W37",
  "source_root": "sources/2026-W37",
  "survey_root": "surveys/weekly/2026-W37",
  "source_manifest": "sources/2026-W37/publication/v2/validated-source-manifest.json",
  "main_tex": "surveys/weekly/2026-W37/main.tex",
  "bibliography": "surveys/weekly/2026-W37/references.bib",
  "style": "surveys/weekly/2026-W37/jgaisurvey.sty",
  "subject_result": "sources/2026-W37/publication/v2/quality/subject-entity-property-binding.json",
  "identifier_tokens": [
    "2026-W37",
    "Target Model"
  ]
}ok
test_symlink_helpers_reject_ancestors (tests.test_survey_weekly_mechanical_refresh_v2.WeeklyMechanicalRefreshV2Tests.test_symlink_helpers_reject_ancestors) ... ok
test_two_cooperating_calls_controlled_overlap (tests.test_survey_weekly_mechanical_refresh_v2.WeeklyMechanicalRefreshV2Tests.test_two_cooperating_calls_controlled_overlap) ... ok

----------------------------------------------------------------------
Ran 25 tests in 1246.234s

OK

{
  "issue_id": "2026-W37",
  "structured_surface": "sources/2026-W37/publication/v2/reader-surface-input-v2.json",
  "surface_sha256": "136c0dd8a2bf4c5b4323993ff3882524c760d902f2a463b93bcd6fe95a948635",
  "status": "SURFACE_MATERIALIZED"
}
{
  "issue_id": "2026-W37",
  "source_root": "sources/2026-W37",
  "survey_root": "surveys/weekly/2026-W37",
  "source_manifest": "sources/2026-W37/publication/v2/validated-source-manifest.json",
  "main_tex": "surveys/weekly/2026-W37/main.tex",
  "bibliography": "surveys/weekly/2026-W37/references.bib",
  "style": "surveys/weekly/2026-W37/jgaisurvey.sty",
  "subject_result": "sources/2026-W37/publication/v2/quality/subject-entity-property-binding.json",
  "identifier_tokens": [
    "2026-W37",
    "Target Model"
  ]
}
EXIT:0
