RESTORE_DB=/tmp/opencode/jgas-dm001019-restore-20261003T113000Z gitdir_inode=32008 dev=45
head=PASS ff6c67f68e12b3093901248219f2de2872e54d73
tree=PASS 664c796da983f322f1d244500d8b9b88198b772a
parent-linkage=PASS 
blob:scripts/survey_profiled_freeze_v2.py=PASS 100644 blob 433c6096e23b6eec4b4869aa932d81bed037be64	scripts/survey_profiled_freeze_v2.py
bytes:scripts/survey_profiled_freeze_v2.py=PASS 6736B
blob:scripts/survey_publication_v2.py=PASS 100644 blob 30a42fee14b0b98c7d6d4b530617c5bc556c0811	scripts/survey_publication_v2.py
bytes:scripts/survey_publication_v2.py=PASS 49263B
blob:tests/test_survey_dm001_019_freeze_equivalence_v2.py=PASS 100644 blob 4f49114cec902b610f5db7e35516c18f22dc88ca	tests/test_survey_dm001_019_freeze_equivalence_v2.py
bytes:tests/test_survey_dm001_019_freeze_equivalence_v2.py=PASS 88336B
object:ff6c67f68e12=PASS 
object:664c796da983=PASS 
object:25241450abe2=PASS 
object:433c6096e23b=PASS 
object:30a42fee14b0=PASS 
object:0823690775e7=PASS 
object:4f49114cec90=PASS 
no-remotes=PASS 
no-alternates=PASS 
RESTORE_RESULT=OK HEAD=ff6c67f68e12b3093901248219f2de2872e54d73 TREE=664c796da983f322f1d244500d8b9b88198b772a PARENT_LINK=490414cef5be71d3b373171d8abeb0674b1f1c71
