{
  "issue_id": "2026-W37",
  "structured_surface": "sources/2026-W37/publication/v2/reader-surface-input-v2.json",
  "surface_sha256": "136c0dd8a2bf4c5b4323993ff3882524c760d902f2a463b93bcd6fe95a948635",
  "status": "SURFACE_MATERIALIZED"
}
{
  "issue_id": "2026-W37",
  "source_root": "sources/2026-W37",
  "survey_root": "surveys/weekly/2026-W37",
  "source_manifest": "sources/2026-W37/publication/v2/validated-source-manifest.json",
  "main_tex": "surveys/weekly/2026-W37/main.tex",
  "bibliography": "surveys/weekly/2026-W37/references.bib",
  "style": "surveys/weekly/2026-W37/jgaisurvey.sty",
  "subject_result": "sources/2026-W37/publication/v2/quality/subject-entity-property-binding.json",
  "identifier_tokens": [
    "2026-W37",
    "Target Model"
  ]
}
Traceback (most recent call last):
  File "/mnt/d/Git/reconstruct-japanese-generative-ai-survey/notes/rephase-1-weekly-regeneration/witness_harness.py", line 1082, in <module>
    raise SystemExit(main())
                     ^^^^^^
  File "/mnt/d/Git/reconstruct-japanese-generative-ai-survey/notes/rephase-1-weekly-regeneration/witness_harness.py", line 1071, in main
    code = table[args.phase](args)
           ^^^^^^^^^^^^^^^^^^^^^^^
  File "/mnt/d/Git/reconstruct-japanese-generative-ai-survey/notes/rephase-1-weekly-regeneration/witness_harness.py", line 550, in phase_w0b
    "e4c_source": E4C_HEAD, "h0": h0, "h0_tree": h0_tree,
                                                 ^^^^^^^
NameError: name 'h0_tree' is not defined
