preserved e4c8269 HEAD/tree e4c82692abee6acedbba07815b0d74ccefb80a7e/bc377b6b7eb1e47dacd719e0f76b5a86703f3f3e; B HEAD c04f32ad46109403e8a63faaa8394a90ee6b869c
H2 head=4ddc88c9797c24021ade385b3fe78189c0cbc7ef parent=41027f1ac5335f8b39d1f0b67ca530252e466fac tree=4e17c34f0412d5a380b3b904b9691c946f697ee2
--- diff ---
diff --git a/scripts/survey_weekly_derivation_v2.py b/scripts/survey_weekly_derivation_v2.py
index 12b49e2..5cdb4f3 100644
--- a/scripts/survey_weekly_derivation_v2.py
+++ b/scripts/survey_weekly_derivation_v2.py
@@ -702,3 +702,5 @@ def validate_receipt(root: Path, receipt_path: Path, state_path: Path | None = N
     return receipt
 
 # witness-H1: mechanical identity comment only; no semantic change.
+
+# witness-H2: mechanical identity comment only; no semantic change.

cleared __pycache__ dirs: 2
fresh interpreter imports weekly derivation from edition: /tmp/jgas-rephase-witness-20260927T153429Z/scripts/survey_weekly_derivation_v2.py
W5 harness preconditions pass: accepted/authored/surface/render/PDF/manuscript/reviews/criteria identical (receipt/Gate excluded as refresh targets)
W5 strict State passes at H2 with intact r1 predecessor (live checks tolerate HEAD move)
W5 load_derivation passes at H2; surface identical
W5 H1-era receipt rejects at H2: Weekly receipt implementation or contract changed since renderer commit
W5 new receipt at H2 replays
W5 r2=sources/2026-W37/publication/v2/publication-surface-revalidation-r2.json supersedes intact r1; chain bound; current Gate/receipt replay OK
