=== PRE identity (pinned) ===
dst=/tmp/opencode/jgas-lf1-design-20261009T001653Z
expected_head=409b292756dd1277b9dfae87679934c0d2ce251c actual_head=409b292756dd1277b9dfae87679934c0d2ce251c
expected_tree=8ce3699861505f32d1d60bdc185d4d4f635aedb2 actual_tree=8ce3699861505f32d1d60bdc185d4d4f635aedb2
expected_mod=60188e890634ab76f240e6250c534b5b422aee16c638c6847d1a17fb2f15274d actual_mod=60188e890634ab76f240e6250c534b5b422aee16c638c6847d1a17fb2f15274d
expected_schema=71156a53b776a82928519b0a3f821cf40bd4279550e0bc4973c7ed27394e588b actual_schema=71156a53b776a82928519b0a3f821cf40bd4279550e0bc4973c7ed27394e588b
expected_test=ca2fe350520607482a841552c2d3cdea510026cff8da7a28a5529676fa4f1546 actual_test=ca2fe350520607482a841552c2d3cdea510026cff8da7a28a5529676fa4f1546
--- status ---
?? schemas/longform-reader-input-v2.schema.json
?? scripts/survey_longform_derivation_v2.py
?? tests/test_survey_longform_derivation_v2.py
--- tracked diff (must be empty) ---
[]
=== runtime ===
interpreter=/usr/bin/python3
Python 3.14.4
caller_cwd=/home/eariver/git/reconstruct-japanese-generative-ai-survey
child_cwd=/tmp/opencode/jgas-lf1-design-20261009T001653Z (child runs from pinned copy)
argv: python3 -m unittest tests.test_survey_longform_derivation_v2.LongformDerivationV2Tests.test_pure_policy_boundaries_without_chain
--- env (filtered) ---
GIT_ALLOW_PROTOCOL=file
GIT_NO_LAZY_FETCH=1
GIT_OPTIONAL_LOCKS=0
LANG=ja_JP.UTF-8
PATH=/usr/local/sbin:/usr/local/bin:/usr/sbin:/usr/bin:/sbin:/bin:/usr/games:/usr/local/games:/snap/bin:/snap/bin
PWD=/home/eariver/git/reconstruct-japanese-generative-ai-survey
PYTHONDONTWRITEBYTECODE=1
git_remote_inert=origin	https://example.invalid/rephase-candidate-recovery.git (fetch)
origin	https://example.invalid/rephase-candidate-recovery.git (push)
git_allow_protocol=file git_no_lazy_fetch=1
date_utc=20261009T013533Z
=== RUN (child from pinned copy) ===
F
======================================================================
FAIL: test_pure_policy_boundaries_without_chain (tests.test_survey_longform_derivation_v2.LongformDerivationV2Tests.test_pure_policy_boundaries_without_chain)
----------------------------------------------------------------------
Traceback (most recent call last):
  File "/tmp/opencode/jgas-lf1-design-20261009T001653Z/tests/test_survey_longform_derivation_v2.py", line 141, in setUp
    self.assertNotIn("user.name=", listed)
    ~~~~~~~~~~~~~~~~^^^^^^^^^^^^^^^^^^^^^^
AssertionError: 'user.name=' unexpectedly found in 'credential.https://github.com.helper=\ncredential.https://github.com.helper=!/usr/bin/gh auth git-credential\ncredential.https://gist.github.com.helper=\ncredential.https://gist.github.com.helper=!/usr/bin/gh auth git-credential\nuser.name=eariver\nuser.email=yuahykw@gmail.com\ncore.repositoryformatversion=0\ncore.filemode=true\ncore.bare=false\ncore.logallrefupdates=true\nremote.origin.url=https://example.invalid/lf1-fixture.git\nremote.origin.fetch=+refs/heads/*:refs/remotes/origin/*\n'

----------------------------------------------------------------------
Ran 1 test in 0.269s

FAILED (failures=1)
unittest_exit:1
=== POST guard (finally, child exit preserved) ===
post_head=409b292756dd1277b9dfae87679934c0d2ce251c
post_tree=8ce3699861505f32d1d60bdc185d4d4f635aedb2
--- post status ---
?? schemas/longform-reader-input-v2.schema.json
?? scripts/survey_longform_derivation_v2.py
?? tests/test_survey_longform_derivation_v2.py
--- post tracked diff (must be empty) ---
post_diff_exit:0
--- post overlay hashes ---
60188e890634ab76f240e6250c534b5b422aee16c638c6847d1a17fb2f15274d  /tmp/opencode/jgas-lf1-design-20261009T001653Z/scripts/survey_longform_derivation_v2.py
71156a53b776a82928519b0a3f821cf40bd4279550e0bc4973c7ed27394e588b  /tmp/opencode/jgas-lf1-design-20261009T001653Z/schemas/longform-reader-input-v2.schema.json
ca2fe350520607482a841552c2d3cdea510026cff8da7a28a5529676fa4f1546  /tmp/opencode/jgas-lf1-design-20261009T001653Z/tests/test_survey_longform_derivation_v2.py
sha_exit:0
CHILD_FAILED exit=1 (propagated, not masked)
DONE
