{
  "checkpoint": "tmpo__f2r_6/orchestration/v2/checkpoints/FROZEN.json",
  "state": {
    "schema_version": "2.0-rc1",
    "issue_id": "SP-RELEASE-CHECKPOINT",
    "research_profile": "THEMATIC",
    "publication_profile": "LONGFORM_SPECIAL",
    "lifecycle_state": "RELEASED",
    "profile": {
      "path": "tmpo__f2r_6/production-profile.json",
      "sha256": "5c8d364061bddf5e1e68df6b0dd6158bf63b0cde8647ea5ce40cd57295089ba3"
    },
    "contract": {
      "pipeline_contract_version": "2.0-rc1",
      "pipeline_contract_sha256": "acb992c5a157a9b17744d87df090b833c2e841a17cf8fce703ac68c0d9efe23c",
      "quality_contract_version": "2.0-rc1",
      "quality_contract_sha256": "b5b955d524fb438c0f1b2c9490bea1da2083e79028d67a55ca424bbfc20f2958",
      "research_profile_version": "2.0-rc1",
      "research_profile_sha256": "0f575e6d97caec72b2bf8b7f6b78a562d97ca67b2071193417b968ba3d73e6e8",
      "publication_profile_version": "2.0-rc1",
      "publication_profile_sha256": "a6859559dd1b9d42ab8fb4402b74b7bdd8611dbe65c8e02a7b022b545c20f4eb"
    },
    "implementation": {
      "repository_commit_sha": "34f934e9783f06d5ad5c0eb3a5cb38dadecfe5c4",
      "orchestrator_version": "survey-production-core-v2/0.15-postintegration-transport-thematic"
    },
    "history": [
      {
        "from": "FROZEN",
        "to": "RELEASED",
        "recorded_at": "2026-08-22T10:30:00Z",
        "repository_commit_sha": "34f934e9783f06d5ad5c0eb3a5cb38dadecfe5c4"
      }
    ],
    "human_gates": {
      "architecture_review": "approved",
      "publication_preview": "approved"
    },
    "human_gate_provenance": {},
    "target_gate": "ARCHITECTURE_REVIEW",
    "next_action": null,
    "terminal_reason": "COMPLETE",
    "exception_gate": {
      "status": "inactive",
      "reason": null
    },
    "machine_checkpoints": {
      "release": "passed"
    },
    "checkpoint_provenance": {
      "release": {
        "path": "tmpo__f2r_6/orchestration/v2/checkpoints/FROZEN.json",
        "sha256": "28674e0f800b7eade4878ffc14bdee4301658cd7eaae595e55ac85f400b3ec73"
      }
    },
    "legacy_compatibility": {
      "mode": "NON_AUTHORITATIVE_READ_ONLY",
      "legacy_state_present": false,
      "legacy_state_path": "tmpo__f2r_6/pipeline-state.json",
      "legacy_state_sha256": null
    },
    "publication_revalidation_provenance": null
  }
}
