== hash gates ==
/home/eariver/git/reconstruct-japanese-generative-ai-survey/notes/rephase-1-candidate-recovery/m3-20261003T0445Z/candidate-partial-b40de60.tar.gz: OK
/home/eariver/git/reconstruct-japanese-generative-ai-survey/notes/rephase-1-dm001-019-implementation/evidence-final-20261003T145621Z/20-packaging/successor-pack.pack: OK
/home/eariver/git/reconstruct-japanese-generative-ai-survey/notes/rephase-1-dm003-w1-implementation/evidence-20261004T072423Z/w1-222-to-e1705b7.pack: OK
/home/eariver/git/reconstruct-japanese-generative-ai-survey/notes/rephase-1-dm004-implementation/evidence-20261007T125126Z/dm004corr-e1705b7-to-34f934e.pack: OK
== absent destination ==
== extract archive ==
.git
origin	https://example.invalid/rephase-candidate-recovery.git (fetch)
origin	https://example.invalid/rephase-candidate-recovery.git (push)
== import packs in order ==
== object availability ==
final commit present
e170 present
222 present
== switch actual HEAD ==
HEAD is now at 34f934e DM-004 correction tests: fix released-tuple use and cwd-different script path
== identity and cleanliness ==
34f934e9783f06d5ad5c0eb3a5cb38dadecfe5c4
12161c86d245f8b4140e38ec03202639c4621099
c4aa3b510c4137bd636431f4eca2732b77d4b152
34f934e DM-004 correction tests: fix released-tuple use and cwd-different script path
c4aa3b5 DM-004 correction: contain State path before load; whole-block/discriminative/no-write oracle hardening
6ffed32 DM-004 tests: drop unused shutil import
22598f1 DM-004 tests: fix remaining sentinel name typo in failfast assertion
d80b5ee DM-004 tests: unique fixture issues, FROZEN-named release checkpoint, sentinel typo fix
3dc4288 DM-004: add read-only validate-state CLI reusing shared agent State validation
e1705b7 DM003-W1: require approved Preview Human==checkpoint agreement in shared State validation
222a37e DM-001/019 final hardening: no close retry, Freeze recheck before Manifest, sentinel/drift tests
ff6c67f DM-001/019 correction: nested/dotdot preflight, collision revalidation, close propagation, PDF alias, snapshot recheck, lstat cleanup
490414c DM-001/019 joint Freeze boundary: shared authority/preflight/pair-writer plus equivalence tests
== alternates check ==
no alternates
== changed-file modes/blobs/bytes ==
100644 blob 4bbf73bfacc25f487d16080afa73f9e0e2c8d612	scripts/survey_agent_control_v2.py
100644 blob 6b73abda6b7d452030ca008587c20eb755b3dd5e	tests/test_survey_dm004_release_validate_state_v2.py
278dc4048c845c1b95599bc85643d48520b896a5d2d050ad8d431dde383aa7c4  /tmp/opencode/jgas-dm004corr-restore-20261007T125126Z/candidate-partial-b40de60/scripts/survey_agent_control_v2.py
a9931c0b0b2b4661b5ebb7bcf37b8a9af3b9cb54b9d5e9411dc726eaaefc334d  /tmp/opencode/jgas-dm004corr-restore-20261007T125126Z/candidate-partial-b40de60/tests/test_survey_dm004_release_validate_state_v2.py
RESTORE-DONE
