{
  "kind": "parent witness (no fix)",
  "synthetic_review_only": true,
  "fixture": {
    "temp_repo_root": "/tmp/tmpcq5knhbb",
    "manifest_path": "/tmp/tmpcq5knhbb/sources/2026-W35/publication/v2/reader-manuscript-v2.json",
    "manifest_primary_source": {
      "path": "surveys/weekly/2026-W35/main.tex",
      "sha256": "37a4cd0100a476cc19a498e0021738798e2bc4b36ed52cbe2dcd8d2b7982da6e",
      "byte_count": 106
    },
    "reviewed_surface": {
      "path": "surveys/weekly/2026-W35/main.tex",
      "sha256": "37a4cd0100a476cc19a498e0021738798e2bc4b36ed52cbe2dcd8d2b7982da6e"
    },
    "review_path": "/tmp/tmpcq5knhbb/sources/2026-W35/publication/v2/reader-surface-semantic-review-v2.json",
    "review_rel": "sources/2026-W35/publication/v2/reader-surface-semantic-review-v2.json",
    "route_reason": "reviewed_surface.path == primary_source.path -> DIRECT_PRIMARY",
    "review_kind": "SEMANTIC_EDITORIAL",
    "reviewed_by": "synthetic-parent-witness (not human)",
    "review_sha256": "8d79fc8706181bd0c74ce98beebe8ae2b9c91ca368c0bb79ff2ab669c9c66fe7",
    "schema_valid": true
  }
}
[absolute-contained] exit=1 surface_sha256_missing=True relative_to_error=False file_not_found=False
[repo-relative] exit=1 surface_sha256_missing=False relative_to_error=True file_not_found=False
[relative-cwd-differs-supplementary] exit=1 surface_sha256_missing=False relative_to_error=False file_not_found=True
[control:strict-loader semantic_review_path (repo-relative)] PASSED 
[control:authority-object (correctly built)] PASSED 
