{
  "checkpoint": "tmp8qzmjs7o/orchestration/v2/checkpoints/FROZEN.json",
  "state": {
    "schema_version": "2.0-rc1",
    "issue_id": "SP-RELEASE-CHECKPOINT",
    "research_profile": "THEMATIC",
    "publication_profile": "LONGFORM_SPECIAL",
    "lifecycle_state": "RELEASED",
    "profile": {
      "path": "tmp8qzmjs7o/production-profile.json",
      "sha256": "72ee8f880888ae9ae7e744ae0f19bfacdf8cdcf7f39f9ea98893bb35c10ce121"
    },
    "contract": {
      "pipeline_contract_version": "2.0-rc1",
      "pipeline_contract_sha256": "acb992c5a157a9b17744d87df090b833c2e841a17cf8fce703ac68c0d9efe23c",
      "quality_contract_version": "2.0-rc1",
      "quality_contract_sha256": "b5b955d524fb438c0f1b2c9490bea1da2083e79028d67a55ca424bbfc20f2958",
      "research_profile_version": "2.0-rc1",
      "research_profile_sha256": "0f575e6d97caec72b2bf8b7f6b78a562d97ca67b2071193417b968ba3d73e6e8",
      "publication_profile_version": "2.0-rc1",
      "publication_profile_sha256": "a6859559dd1b9d42ab8fb4402b74b7bdd8611dbe65c8e02a7b022b545c20f4eb"
    },
    "implementation": {
      "repository_commit_sha": "22598f1c88f65c2ac08b94203f1e56670113d287",
      "orchestrator_version": "survey-production-core-v2/0.15-postintegration-transport-thematic"
    },
    "history": [
      {
        "from": "FROZEN",
        "to": "RELEASED",
        "recorded_at": "2026-08-22T10:30:00Z",
        "repository_commit_sha": "22598f1c88f65c2ac08b94203f1e56670113d287"
      }
    ],
    "human_gates": {
      "architecture_review": "approved",
      "publication_preview": "approved"
    },
    "human_gate_provenance": {},
    "target_gate": "ARCHITECTURE_REVIEW",
    "next_action": null,
    "terminal_reason": "COMPLETE",
    "exception_gate": {
      "status": "inactive",
      "reason": null
    },
    "machine_checkpoints": {
      "release": "passed"
    },
    "checkpoint_provenance": {
      "release": {
        "path": "tmp8qzmjs7o/orchestration/v2/checkpoints/FROZEN.json",
        "sha256": "6254d02f2d1b778c61ebfc075213d7744411a0b50b4dde0c92018b81664cc771"
      }
    },
    "legacy_compatibility": {
      "mode": "NON_AUTHORITATIVE_READ_ONLY",
      "legacy_state_present": false,
      "legacy_state_path": "tmp8qzmjs7o/pipeline-state.json",
      "legacy_state_sha256": null
    },
    "publication_revalidation_provenance": null
  }
}
