== hash gates ==
/home/eariver/git/reconstruct-japanese-generative-ai-survey/notes/rephase-1-candidate-recovery/m3-20261003T0445Z/candidate-partial-b40de60.tar.gz: OK
/home/eariver/git/reconstruct-japanese-generative-ai-survey/notes/rephase-1-dm001-019-implementation/evidence-final-20261003T145621Z/20-packaging/successor-pack.pack: OK
/home/eariver/git/reconstruct-japanese-generative-ai-survey/notes/rephase-1-dm003-w1-implementation/evidence-20261004T072423Z/w1-222-to-e1705b7.pack: OK
/home/eariver/git/reconstruct-japanese-generative-ai-survey/notes/rephase-1-dm004-implementation/evidence-20261007T131353Z/dm004final-e1705b7-to-409b292.pack: OK
== absent destination ==
== extract archive ==
.git
origin	https://example.invalid/rephase-candidate-recovery.git (fetch)
origin	https://example.invalid/rephase-candidate-recovery.git (push)
== import packs in order ==
== object availability ==
final commit present
e170 present
222 present
== switch actual HEAD ==
HEAD is now at 409b292 DM-004 final cleanup: drop rationale-grep test; unmodified extracted failfast line via STATE env
== identity and cleanliness ==
409b292756dd1277b9dfae87679934c0d2ce251c
8ce3699861505f32d1d60bdc185d4d4f635aedb2
34f934e9783f06d5ad5c0eb3a5cb38dadecfe5c4
409b292 DM-004 final cleanup: drop rationale-grep test; unmodified extracted failfast line via STATE env
34f934e DM-004 correction tests: fix released-tuple use and cwd-different script path
c4aa3b5 DM-004 correction: contain State path before load; whole-block/discriminative/no-write oracle hardening
6ffed32 DM-004 tests: drop unused shutil import
22598f1 DM-004 tests: fix remaining sentinel name typo in failfast assertion
d80b5ee DM-004 tests: unique fixture issues, FROZEN-named release checkpoint, sentinel typo fix
3dc4288 DM-004: add read-only validate-state CLI reusing shared agent State validation
e1705b7 DM003-W1: require approved Preview Human==checkpoint agreement in shared State validation
222a37e DM-001/019 final hardening: no close retry, Freeze recheck before Manifest, sentinel/drift tests
ff6c67f DM-001/019 correction: nested/dotdot preflight, collision revalidation, close propagation, PDF alias, snapshot recheck, lstat cleanup
490414c DM-001/019 joint Freeze boundary: shared authority/preflight/pair-writer plus equivalence tests
b40de60 Candidate recovery: fixed-baseline 32-path content (A/B/CLI/R1) for DM-001/019 Freeze boundary
== alternates check ==
no alternates
== changed-file modes/blobs/bytes ==
100644 blob 4bbf73bfacc25f487d16080afa73f9e0e2c8d612	scripts/survey_agent_control_v2.py
100644 blob f72c12e0d0723956af729291b6757bf22d753346	tests/test_survey_dm004_release_validate_state_v2.py
278dc4048c845c1b95599bc85643d48520b896a5d2d050ad8d431dde383aa7c4  /tmp/opencode/jgas-dm004final-restore-20261007T131353Z/candidate-partial-b40de60/scripts/survey_agent_control_v2.py
8b4090dee10a19782a3f45bc2eb492462f7ab9a67630a079120f97a4646f84cb  /tmp/opencode/jgas-dm004final-restore-20261007T131353Z/candidate-partial-b40de60/tests/test_survey_dm004_release_validate_state_v2.py
RESTORE-DONE
