test_gate_failure_restores_owned_receipt (tests.test_survey_weekly_mechanical_refresh_v2.WeeklyMechanicalRefreshV2Tests.test_gate_failure_restores_owned_receipt) ... ERROR
test_revalidation_failure_restores_owned_files (tests.test_survey_weekly_mechanical_refresh_v2.WeeklyMechanicalRefreshV2Tests.test_revalidation_failure_restores_owned_files) ... ERROR
test_record_collision_preserves_foreign_record (tests.test_survey_weekly_mechanical_refresh_v2.WeeklyMechanicalRefreshV2Tests.test_record_collision_preserves_foreign_record) ... FAIL
test_public_validators_still_reject_without_bypass (tests.test_survey_weekly_mechanical_refresh_v2.WeeklyMechanicalRefreshV2Tests.test_public_validators_still_reject_without_bypass) ... 
  test_public_validators_still_reject_without_bypass (tests.test_survey_weekly_mechanical_refresh_v2.WeeklyMechanicalRefreshV2Tests.test_public_validators_still_reject_without_bypass) (case='unresolved-findings') ... FAIL

======================================================================
ERROR: test_gate_failure_restores_owned_receipt (tests.test_survey_weekly_mechanical_refresh_v2.WeeklyMechanicalRefreshV2Tests.test_gate_failure_restores_owned_receipt)
----------------------------------------------------------------------
Traceback (most recent call last):
  File "/tmp/jgas-rephase-mechanical-r1-20260928T000710Z/tests/test_survey_weekly_mechanical_refresh_v2.py", line 594, in test_gate_failure_restores_owned_receipt
    refresh_owner.refresh_mechanical_evidence(
  File "/tmp/jgas-rephase-mechanical-r1-20260928T000710Z/scripts/survey_weekly_mechanical_refresh_v2.py", line 412, in refresh_mechanical_evidence
    new_report = surface_gate.evaluate_reader_surface_gate(
                 ^^^^^^^^^^^^^^^^^^^^^^^^^^^^^^^^^^^^^^^^^^
  File "/tmp/jgas-rephase-python/cpython-3.12.14-linux-x86_64-gnu/lib/python3.12/unittest/mock.py", line 1139, in __call__
    return self._mock_call(*args, **kwargs)
           ^^^^^^^^^^^^^^^^^^^^^^^^^^^^^^^^
  File "/tmp/jgas-rephase-python/cpython-3.12.14-linux-x86_64-gnu/lib/python3.12/unittest/mock.py", line 1143, in _mock_call
    return self._execute_mock_call(*args, **kwargs)
           ^^^^^^^^^^^^^^^^^^^^^^^^^^^^^^^^^^^^^^^^
  File "/tmp/jgas-rephase-python/cpython-3.12.14-linux-x86_64-gnu/lib/python3.12/unittest/mock.py", line 1198, in _execute_mock_call
    raise effect
RuntimeError: injected gate failure

======================================================================
ERROR: test_revalidation_failure_restores_owned_files (tests.test_survey_weekly_mechanical_refresh_v2.WeeklyMechanicalRefreshV2Tests.test_revalidation_failure_restores_owned_files)
----------------------------------------------------------------------
Traceback (most recent call last):
  File "/tmp/jgas-rephase-mechanical-r1-20260928T000710Z/tests/test_survey_weekly_mechanical_refresh_v2.py", line 613, in test_revalidation_failure_restores_owned_files
    refresh_owner.refresh_mechanical_evidence(
  File "/tmp/jgas-rephase-mechanical-r1-20260928T000710Z/scripts/survey_weekly_mechanical_refresh_v2.py", line 451, in refresh_mechanical_evidence
    record_path = agent.revalidate_publication_surface(
                  ^^^^^^^^^^^^^^^^^^^^^^^^^^^^^^^^^^^^^
  File "/tmp/jgas-rephase-python/cpython-3.12.14-linux-x86_64-gnu/lib/python3.12/unittest/mock.py", line 1139, in __call__
    return self._mock_call(*args, **kwargs)
           ^^^^^^^^^^^^^^^^^^^^^^^^^^^^^^^^
  File "/tmp/jgas-rephase-python/cpython-3.12.14-linux-x86_64-gnu/lib/python3.12/unittest/mock.py", line 1143, in _mock_call
    return self._execute_mock_call(*args, **kwargs)
           ^^^^^^^^^^^^^^^^^^^^^^^^^^^^^^^^^^^^^^^^
  File "/tmp/jgas-rephase-python/cpython-3.12.14-linux-x86_64-gnu/lib/python3.12/unittest/mock.py", line 1198, in _execute_mock_call
    raise effect
scripts.survey_agent_control_v2.AgentControlError: injected revalidation failure

======================================================================
FAIL: test_record_collision_preserves_foreign_record (tests.test_survey_weekly_mechanical_refresh_v2.WeeklyMechanicalRefreshV2Tests.test_record_collision_preserves_foreign_record)
----------------------------------------------------------------------
Traceback (most recent call last):
  File "/tmp/jgas-rephase-mechanical-r1-20260928T000710Z/tests/test_survey_weekly_mechanical_refresh_v2.py", line 630, in test_record_collision_preserves_foreign_record
    self.assertEqual(proc.returncode, 2, msg=proc.stdout)
AssertionError: 0 != 2 : {
  "state": "sources/2026-W37/production-state.json",
  "revalidation_record": "sources/2026-W37/publication/v2/publication-surface-revalidation-r2.json",
  "receipt": "sources/2026-W37/publication/v2/validated-source-manifest.json",
  "gate": "sources/2026-W37/publication/v2/reader-surface-gate-v2.json",
  "retention": "sources/2026-W37/publication/v2/.mechanical-refresh-retention/20260927T161303Z",
  "supersedes": null
}


======================================================================
FAIL: test_public_validators_still_reject_without_bypass (tests.test_survey_weekly_mechanical_refresh_v2.WeeklyMechanicalRefreshV2Tests.test_public_validators_still_reject_without_bypass) (case='unresolved-findings')
----------------------------------------------------------------------
scripts.survey_schema_v2.SchemaConformanceError: Reader-Surface Gate fails /tmp/jgas-weekly-mechanical-r1-z_9mp27n/schemas/reader-surface-gate-v2.schema.json: $.findings[0]: 'artifact' is a required property

During handling of the above exception, another exception occurred:

Traceback (most recent call last):
  File "/tmp/jgas-rephase-mechanical-r1-20260928T000710Z/tests/test_survey_weekly_mechanical_refresh_v2.py", line 679, in test_public_validators_still_reject_without_bypass
    with self.assertRaisesRegex(ValueError, "unresolved blocking finding"):
         ^^^^^^^^^^^^^^^^^^^^^^^^^^^^^^^^^^^^^^^^^^^^^^^^^^^^^^^^^^^^^^^^^
AssertionError: "unresolved blocking finding" does not match "Reader-Surface Gate fails /tmp/jgas-weekly-mechanical-r1-z_9mp27n/schemas/reader-surface-gate-v2.schema.json: $.findings[0]: 'artifact' is a required property"

----------------------------------------------------------------------
Ran 4 tests in 214.700s

FAILED (failures=2, errors=2)
{
  "issue_id": "2026-W37",
  "structured_surface": "sources/2026-W37/publication/v2/reader-surface-input-v2.json",
  "surface_sha256": "136c0dd8a2bf4c5b4323993ff3882524c760d902f2a463b93bcd6fe95a948635",
  "status": "SURFACE_MATERIALIZED"
}
{
  "issue_id": "2026-W37",
  "source_root": "sources/2026-W37",
  "survey_root": "surveys/weekly/2026-W37",
  "source_manifest": "sources/2026-W37/publication/v2/validated-source-manifest.json",
  "main_tex": "surveys/weekly/2026-W37/main.tex",
  "bibliography": "surveys/weekly/2026-W37/references.bib",
  "style": "surveys/weekly/2026-W37/jgaisurvey.sty",
  "subject_result": "sources/2026-W37/publication/v2/quality/subject-entity-property-binding.json",
  "identifier_tokens": [
    "2026-W37",
    "Target Model"
  ]
}
{
  "issue_id": "2026-W37",
  "structured_surface": "sources/2026-W37/publication/v2/reader-surface-input-v2.json",
  "surface_sha256": "136c0dd8a2bf4c5b4323993ff3882524c760d902f2a463b93bcd6fe95a948635",
  "status": "SURFACE_MATERIALIZED"
}
{
  "issue_id": "2026-W37",
  "source_root": "sources/2026-W37",
  "survey_root": "surveys/weekly/2026-W37",
  "source_manifest": "sources/2026-W37/publication/v2/validated-source-manifest.json",
  "main_tex": "surveys/weekly/2026-W37/main.tex",
  "bibliography": "surveys/weekly/2026-W37/references.bib",
  "style": "surveys/weekly/2026-W37/jgaisurvey.sty",
  "subject_result": "sources/2026-W37/publication/v2/quality/subject-entity-property-binding.json",
  "identifier_tokens": [
    "2026-W37",
    "Target Model"
  ]
}
{
  "issue_id": "2026-W37",
  "structured_surface": "sources/2026-W37/publication/v2/reader-surface-input-v2.json",
  "surface_sha256": "136c0dd8a2bf4c5b4323993ff3882524c760d902f2a463b93bcd6fe95a948635",
  "status": "SURFACE_MATERIALIZED"
}
{
  "issue_id": "2026-W37",
  "source_root": "sources/2026-W37",
  "survey_root": "surveys/weekly/2026-W37",
  "source_manifest": "sources/2026-W37/publication/v2/validated-source-manifest.json",
  "main_tex": "surveys/weekly/2026-W37/main.tex",
  "bibliography": "surveys/weekly/2026-W37/references.bib",
  "style": "surveys/weekly/2026-W37/jgaisurvey.sty",
  "subject_result": "sources/2026-W37/publication/v2/quality/subject-entity-property-binding.json",
  "identifier_tokens": [
    "2026-W37",
    "Target Model"
  ]
}
{
  "issue_id": "2026-W37",
  "structured_surface": "sources/2026-W37/publication/v2/reader-surface-input-v2.json",
  "surface_sha256": "136c0dd8a2bf4c5b4323993ff3882524c760d902f2a463b93bcd6fe95a948635",
  "status": "SURFACE_MATERIALIZED"
}
{
  "issue_id": "2026-W37",
  "source_root": "sources/2026-W37",
  "survey_root": "surveys/weekly/2026-W37",
  "source_manifest": "sources/2026-W37/publication/v2/validated-source-manifest.json",
  "main_tex": "surveys/weekly/2026-W37/main.tex",
  "bibliography": "surveys/weekly/2026-W37/references.bib",
  "style": "surveys/weekly/2026-W37/jgaisurvey.sty",
  "subject_result": "sources/2026-W37/publication/v2/quality/subject-entity-property-binding.json",
  "identifier_tokens": [
    "2026-W37",
    "Target Model"
  ]
}
