test_first_and_repeat_success (tests.test_survey_weekly_mechanical_refresh_v2.WeeklyMechanicalRefreshV2Tests.test_first_and_repeat_success) ... ok

----------------------------------------------------------------------
Ran 1 test in 106.561s

OK
{
  "issue_id": "2026-W37",
  "structured_surface": "sources/2026-W37/publication/v2/reader-surface-input-v2.json",
  "surface_sha256": "136c0dd8a2bf4c5b4323993ff3882524c760d902f2a463b93bcd6fe95a948635",
  "status": "SURFACE_MATERIALIZED"
}
{
  "issue_id": "2026-W37",
  "source_root": "sources/2026-W37",
  "survey_root": "surveys/weekly/2026-W37",
  "source_manifest": "sources/2026-W37/publication/v2/validated-source-manifest.json",
  "main_tex": "surveys/weekly/2026-W37/main.tex",
  "bibliography": "surveys/weekly/2026-W37/references.bib",
  "style": "surveys/weekly/2026-W37/jgaisurvey.sty",
  "subject_result": "sources/2026-W37/publication/v2/quality/subject-entity-property-binding.json",
  "identifier_tokens": [
    "2026-W37",
    "Target Model"
  ]
}
