test_active_publication_revalidation_survives_freeze_boundary (tests.test_survey_freeze_stage_boundary_v2.FreezeStageBoundaryV2Tests.test_active_publication_revalidation_survives_freeze_boundary) ... ok
test_approved_preview_resolves_as_typed_authority (tests.test_survey_freeze_stage_boundary_v2.FreezeStageBoundaryV2Tests.test_approved_preview_resolves_as_typed_authority) ... ok
test_candidate_byte_drift_and_approval_hash_refresh_forgery_fail_closed (tests.test_survey_freeze_stage_boundary_v2.FreezeStageBoundaryV2Tests.test_candidate_byte_drift_and_approval_hash_refresh_forgery_fail_closed) ... ok
test_freeze_artifact_set_rejects_missing_extra_and_wrong_visual (tests.test_survey_freeze_stage_boundary_v2.FreezeStageBoundaryV2Tests.test_freeze_artifact_set_rejects_missing_extra_and_wrong_visual) ... ok
test_missing_and_divergent_approval_authority_fail_closed (tests.test_survey_freeze_stage_boundary_v2.FreezeStageBoundaryV2Tests.test_missing_and_divergent_approval_authority_fail_closed) ... ok
test_non_publication_checkpoint_typed_record_is_not_silently_skipped (tests.test_survey_freeze_stage_boundary_v2.FreezeStageBoundaryV2Tests.test_non_publication_checkpoint_typed_record_is_not_silently_skipped) ... ok
test_pending_preview_cannot_enter_freeze_even_if_approval_file_is_inert (tests.test_survey_freeze_stage_boundary_v2.FreezeStageBoundaryV2Tests.test_pending_preview_cannot_enter_freeze_even_if_approval_file_is_inert) ... ok
test_weekly_approved_preview_advances_through_real_freeze_boundary (tests.test_survey_freeze_stage_boundary_v2.FreezeStageBoundaryV2Tests.test_weekly_approved_preview_advances_through_real_freeze_boundary) ... ok
test_current_tool_basis_does_not_reuse_initialization_commit_as_execution_identity (tests.test_survey_stage_validation_v2.SurveyStageValidationV2Tests.test_current_tool_basis_does_not_reuse_initialization_commit_as_execution_identity) ... ok
test_draft_stage_validator_requires_paired_package_and_result_authorities (tests.test_survey_stage_validation_v2.SurveyStageValidationV2Tests.test_draft_stage_validator_requires_paired_package_and_result_authorities) ... ok
test_same_named_but_invalid_discovery_authority_is_rejected (tests.test_survey_stage_validation_v2.SurveyStageValidationV2Tests.test_same_named_but_invalid_discovery_authority_is_rejected) ... ok
test_agent_review_cannot_fake_deterministic_result (tests.test_survey_agent_control_v2.SurveyAgentControlV2Tests.test_agent_review_cannot_fake_deterministic_result) ... ok
test_compact_checkpoint_cannot_advance_on_review_only_without_stage_authority (tests.test_survey_agent_control_v2.SurveyAgentControlV2Tests.test_compact_checkpoint_cannot_advance_on_review_only_without_stage_authority) ... ok
test_new_contract_version_can_validate_next_stage_without_rewriting_initial_profile (tests.test_survey_agent_control_v2.SurveyAgentControlV2Tests.test_new_contract_version_can_validate_next_stage_without_rewriting_initial_profile) ... ok
test_normal_progress_stops_at_architecture_human_gate_not_internal_stages (tests.test_survey_agent_control_v2.SurveyAgentControlV2Tests.test_normal_progress_stops_at_architecture_human_gate_not_internal_stages) ... ok
test_stage_checkpoint_records_current_implementation_not_initialization_pin (tests.test_survey_agent_control_v2.SurveyAgentControlV2Tests.test_stage_checkpoint_records_current_implementation_not_initialization_pin) ... ok
test_candidate_rejects_actions_only_pdf_authority_because_exact_reviewed_bytes_must_be_repository_resident (tests.test_survey_publication_v2.SurveyPublicationV2Tests.test_candidate_rejects_actions_only_pdf_authority_because_exact_reviewed_bytes_must_be_repository_resident) ... ok
test_exact_reviewed_pdf_chain_reaches_release_without_postapproval_quality_gate (tests.test_survey_publication_v2.SurveyPublicationV2Tests.test_exact_reviewed_pdf_chain_reaches_release_without_postapproval_quality_gate) ... ok
test_missing_architecture_coverage_blocks_reader_manifest (tests.test_survey_publication_v2.SurveyPublicationV2Tests.test_missing_architecture_coverage_blocks_reader_manifest) ... ok
test_pdf_change_after_human_preview_invalidates_downstream_chain (tests.test_survey_publication_v2.SurveyPublicationV2Tests.test_pdf_change_after_human_preview_invalidates_downstream_chain) ... ok
test_release_manifest_fails_if_frozen_source_changes (tests.test_survey_publication_v2.SurveyPublicationV2Tests.test_release_manifest_fails_if_frozen_source_changes) ... ok
test_review_contract_preserves_thematic_longform_and_retrospective_semantics (tests.test_survey_publication_v2.SurveyPublicationV2Tests.test_review_contract_preserves_thematic_longform_and_retrospective_semantics) ... ok
test_review_page_count_must_match_exact_pdf_bytes (tests.test_survey_publication_v2.SurveyPublicationV2Tests.test_review_page_count_must_match_exact_pdf_bytes) ... ok
test_weekly_requires_community_movement_before_candidate_work (tests.test_survey_publication_v2.SurveyPublicationV2Tests.test_weekly_requires_community_movement_before_candidate_work) ... ok

----------------------------------------------------------------------
Ran 24 tests in 45.154s

OK
