test_survey_longform_publication_integration_v2 (unittest.loader._FailedTest.test_survey_longform_publication_integration_v2) ... ERROR
test_every_json_schema_parses_and_has_schema_version_marker (tests.test_schema_syntax.SchemaSyntaxTests.test_every_json_schema_parses_and_has_schema_version_marker) ... ok
test_all_json_schemas_and_configuration_parse (tests.test_repository_contract_syntax.RepositoryContractSyntaxTests.test_all_json_schemas_and_configuration_parse) ... ok
test_every_pipeline_script_compiles (tests.test_repository_contract_syntax.RepositoryContractSyntaxTests.test_every_pipeline_script_compiles) ... /tmp/opencode/jgas-lf2-design-20261009T113013Z/scripts/normalize_special_legacy_partial_enums.py:4: SyntaxWarning: "\_" is an invalid escape sequence. Such sequences will not work in the future. Did you mean "\\_"? A raw string is also an option.
  Older derived Special revisions could contain labels such as ``モデル\_RELEASE``
ok
test_survey_reader_surface_gate_v2 (unittest.loader._FailedTest.test_survey_reader_surface_gate_v2) ... ERROR
test_survey_longform_derivation_v2 (unittest.loader._FailedTest.test_survey_longform_derivation_v2) ... ERROR
test_survey_longform_derivation_v2 (unittest.loader._FailedTest.test_survey_longform_derivation_v2) ... ERROR
test_survey_longform_derivation_v2 (unittest.loader._FailedTest.test_survey_longform_derivation_v2) ... ERROR

======================================================================
ERROR: test_survey_longform_publication_integration_v2 (unittest.loader._FailedTest.test_survey_longform_publication_integration_v2)
----------------------------------------------------------------------
ImportError: Failed to import test module: test_survey_longform_publication_integration_v2
Traceback (most recent call last):
  File "/usr/lib/python3.14/unittest/loader.py", line 137, in loadTestsFromName
    module = __import__(module_name)
  File "/tmp/opencode/jgas-lf2-design-20261009T113013Z/tests/test_survey_longform_publication_integration_v2.py", line 22, in <module>
    from pypdf import PdfReader, PdfWriter
ModuleNotFoundError: No module named 'pypdf'


======================================================================
ERROR: test_survey_reader_surface_gate_v2 (unittest.loader._FailedTest.test_survey_reader_surface_gate_v2)
----------------------------------------------------------------------
ImportError: Failed to import test module: test_survey_reader_surface_gate_v2
Traceback (most recent call last):
  File "/usr/lib/python3.14/unittest/loader.py", line 137, in loadTestsFromName
    module = __import__(module_name)
  File "/tmp/opencode/jgas-lf2-design-20261009T113013Z/tests/test_survey_reader_surface_gate_v2.py", line 10, in <module>
    from scripts import survey_reader_publication_v2 as reader
  File "/tmp/opencode/jgas-lf2-design-20261009T113013Z/scripts/survey_reader_publication_v2.py", line 17, in <module>
    from pypdf import PdfReader
ModuleNotFoundError: No module named 'pypdf'


======================================================================
ERROR: test_survey_longform_derivation_v2 (unittest.loader._FailedTest.test_survey_longform_derivation_v2)
----------------------------------------------------------------------
ImportError: Failed to import test module: test_survey_longform_derivation_v2
Traceback (most recent call last):
  File "/usr/lib/python3.14/unittest/loader.py", line 137, in loadTestsFromName
    module = __import__(module_name)
  File "/tmp/opencode/jgas-lf2-design-20261009T113013Z/tests/test_survey_longform_derivation_v2.py", line 23, in <module>
    from scripts import survey_agent_control_v2 as agent
  File "/tmp/opencode/jgas-lf2-design-20261009T113013Z/scripts/survey_agent_control_v2.py", line 34, in <module>
    from scripts import survey_publication_v2 as publication
  File "/tmp/opencode/jgas-lf2-design-20261009T113013Z/scripts/survey_publication_v2.py", line 22, in <module>
    from scripts import survey_reader_publication_v2 as reader
  File "/tmp/opencode/jgas-lf2-design-20261009T113013Z/scripts/survey_reader_publication_v2.py", line 17, in <module>
    from pypdf import PdfReader
ModuleNotFoundError: No module named 'pypdf'


======================================================================
ERROR: test_survey_longform_derivation_v2 (unittest.loader._FailedTest.test_survey_longform_derivation_v2)
----------------------------------------------------------------------
ImportError: Failed to import test module: test_survey_longform_derivation_v2
Traceback (most recent call last):
  File "/usr/lib/python3.14/unittest/loader.py", line 137, in loadTestsFromName
    module = __import__(module_name)
  File "/tmp/opencode/jgas-lf2-design-20261009T113013Z/tests/test_survey_longform_derivation_v2.py", line 23, in <module>
    from scripts import survey_agent_control_v2 as agent
  File "/tmp/opencode/jgas-lf2-design-20261009T113013Z/scripts/survey_agent_control_v2.py", line 34, in <module>
    from scripts import survey_publication_v2 as publication
  File "/tmp/opencode/jgas-lf2-design-20261009T113013Z/scripts/survey_publication_v2.py", line 22, in <module>
    from scripts import survey_reader_publication_v2 as reader
  File "/tmp/opencode/jgas-lf2-design-20261009T113013Z/scripts/survey_reader_publication_v2.py", line 17, in <module>
    from pypdf import PdfReader
ModuleNotFoundError: No module named 'pypdf'


======================================================================
ERROR: test_survey_longform_derivation_v2 (unittest.loader._FailedTest.test_survey_longform_derivation_v2)
----------------------------------------------------------------------
ImportError: Failed to import test module: test_survey_longform_derivation_v2
Traceback (most recent call last):
  File "/usr/lib/python3.14/unittest/loader.py", line 137, in loadTestsFromName
    module = __import__(module_name)
  File "/tmp/opencode/jgas-lf2-design-20261009T113013Z/tests/test_survey_longform_derivation_v2.py", line 23, in <module>
    from scripts import survey_agent_control_v2 as agent
  File "/tmp/opencode/jgas-lf2-design-20261009T113013Z/scripts/survey_agent_control_v2.py", line 34, in <module>
    from scripts import survey_publication_v2 as publication
  File "/tmp/opencode/jgas-lf2-design-20261009T113013Z/scripts/survey_publication_v2.py", line 22, in <module>
    from scripts import survey_reader_publication_v2 as reader
  File "/tmp/opencode/jgas-lf2-design-20261009T113013Z/scripts/survey_reader_publication_v2.py", line 17, in <module>
    from pypdf import PdfReader
ModuleNotFoundError: No module named 'pypdf'


----------------------------------------------------------------------
Ran 8 tests in 0.648s

FAILED (errors=5)
