test_accepted_weekly_current_state_probe (tests.test_survey_increment_b_weekly_derivation_v2.IncrementBWeeklyDerivationV2Tests.test_accepted_weekly_current_state_probe) ... ERROR

======================================================================
ERROR: test_accepted_weekly_current_state_probe (tests.test_survey_increment_b_weekly_derivation_v2.IncrementBWeeklyDerivationV2Tests.test_accepted_weekly_current_state_probe)
----------------------------------------------------------------------
Traceback (most recent call last):
  File "/tmp/jgas-rephase-increment-b-sol-implementation/tests/test_survey_increment_b_weekly_derivation_v2.py", line 291, in test_accepted_weekly_current_state_probe
    state_path = self._current_state(chain)
                 ^^^^^^^^^^^^^^^^^^^^^^^^^^
  File "/tmp/jgas-rephase-increment-b-sol-implementation/tests/test_survey_increment_b_weekly_derivation_v2.py", line 265, in _current_state
    package = chain["worker"].derive_package(chain)
              ^^^^^^^^^^^^^^^^^^^^^^^^^^^^^^^^^^^^^
  File "/tmp/jgas-rephase-increment-b-sol-implementation/tests/test_survey_drafting_v2.py", line 94, in derive_package
    return drafting.derive_draft_package(
           ^^^^^^^^^^^^^^^^^^^^^^^^^^^^^^
  File "/tmp/jgas-rephase-increment-b-sol-implementation/scripts/survey_drafting_v2.py", line 260, in derive_draft_package
    return _ORIGINAL_DERIVE_DRAFT_PACKAGE(
           ^^^^^^^^^^^^^^^^^^^^^^^^^^^^^^^
  File "/tmp/jgas-rephase-increment-b-sol-implementation/scripts/survey_drafting_v2_base.py", line 291, in derive_draft_package
    upstream = _load_drafting_basis(
               ^^^^^^^^^^^^^^^^^^^^^
  File "/tmp/jgas-rephase-increment-b-sol-implementation/scripts/survey_drafting_v2_base.py", line 219, in _load_drafting_basis
    _resolve_effective_screening_discovery(
  File "/tmp/jgas-rephase-increment-b-sol-implementation/scripts/survey_drafting_v2_base.py", line 170, in _resolve_effective_screening_discovery
    screening.validate_package_basis(repo_root, package_path, package, implementation_sha)
  File "/tmp/jgas-rephase-increment-b-sol-implementation/scripts/survey_screening_v2.py", line 639, in validate_package_basis
    raise ValueError(f"Screening package basis drift: {hash_key}")
ValueError: Screening package basis drift: state_sha256

----------------------------------------------------------------------
Ran 1 test in 19.641s

FAILED (errors=1)
