test_historical_visible_omission_projection_matrix (tests.test_survey_increment_b_weekly_derivation_v2.IncrementBWeeklyDerivationV2Tests.test_historical_visible_omission_projection_matrix) ... 
  test_historical_visible_omission_projection_matrix (tests.test_survey_increment_b_weekly_derivation_v2.IncrementBWeeklyDerivationV2Tests.test_historical_visible_omission_projection_matrix) (name='cover anchors') ... FAIL
  test_historical_visible_omission_projection_matrix (tests.test_survey_increment_b_weekly_derivation_v2.IncrementBWeeklyDerivationV2Tests.test_historical_visible_omission_projection_matrix) (name='front heading') ... FAIL
  test_historical_visible_omission_projection_matrix (tests.test_survey_increment_b_weekly_derivation_v2.IncrementBWeeklyDerivationV2Tests.test_historical_visible_omission_projection_matrix) (name='front lede') ... FAIL
  test_historical_visible_omission_projection_matrix (tests.test_survey_increment_b_weekly_derivation_v2.IncrementBWeeklyDerivationV2Tests.test_historical_visible_omission_projection_matrix) (name='front scope') ... FAIL
  test_historical_visible_omission_projection_matrix (tests.test_survey_increment_b_weekly_derivation_v2.IncrementBWeeklyDerivationV2Tests.test_historical_visible_omission_projection_matrix) (name='final heading') ... FAIL
  test_historical_visible_omission_projection_matrix (tests.test_survey_increment_b_weekly_derivation_v2.IncrementBWeeklyDerivationV2Tests.test_historical_visible_omission_projection_matrix) (name='section label') ... FAIL
  test_historical_visible_omission_projection_matrix (tests.test_survey_increment_b_weekly_derivation_v2.IncrementBWeeklyDerivationV2Tests.test_historical_visible_omission_projection_matrix) (name='result claim boundary') ... FAIL
  test_historical_visible_omission_projection_matrix (tests.test_survey_increment_b_weekly_derivation_v2.IncrementBWeeklyDerivationV2Tests.test_historical_visible_omission_projection_matrix) (name='display date') ... FAIL
  test_historical_visible_omission_projection_matrix (tests.test_survey_increment_b_weekly_derivation_v2.IncrementBWeeklyDerivationV2Tests.test_historical_visible_omission_projection_matrix) (name='window boundary') ... FAIL
  test_historical_visible_omission_projection_matrix (tests.test_survey_increment_b_weekly_derivation_v2.IncrementBWeeklyDerivationV2Tests.test_historical_visible_omission_projection_matrix) (name='citation identity') ... FAIL
  test_historical_visible_omission_projection_matrix (tests.test_survey_increment_b_weekly_derivation_v2.IncrementBWeeklyDerivationV2Tests.test_historical_visible_omission_projection_matrix) (name='cover headline control') ... FAIL
  test_historical_visible_omission_projection_matrix (tests.test_survey_increment_b_weekly_derivation_v2.IncrementBWeeklyDerivationV2Tests.test_historical_visible_omission_projection_matrix) (name='summary paragraph control') ... FAIL

======================================================================
FAIL: test_historical_visible_omission_projection_matrix (tests.test_survey_increment_b_weekly_derivation_v2.IncrementBWeeklyDerivationV2Tests.test_historical_visible_omission_projection_matrix) (name='cover anchors')
----------------------------------------------------------------------
ValueError: Reviewed surface bytes drifted for sources/2026-W37/publication/v2/reader-surface-input-v2.json: recorded ffa1bedacf6c9a1775e178430aa1c2760f272719bdd36f4ba50d2ce6cb0312b1, current disk f78c2cb0262179859b0dddf0e20cd2e545c4d4a0356801d68bc6b4131dae0ef5

During handling of the above exception, another exception occurred:

Traceback (most recent call last):
  File "/tmp/jgas-rephase-increment-b-sol-implementation/tests/test_survey_increment_b_weekly_derivation_v2.py", line 638, in test_historical_visible_omission_projection_matrix
    with self.assertRaisesRegex(ValueError, "SHA-256 mismatch"):
         ^^^^^^^^^^^^^^^^^^^^^^^^^^^^^^^^^^^^^^^^^^^^^^^^^^^^^^
AssertionError: "SHA-256 mismatch" does not match "Reviewed surface bytes drifted for sources/2026-W37/publication/v2/reader-surface-input-v2.json: recorded ffa1bedacf6c9a1775e178430aa1c2760f272719bdd36f4ba50d2ce6cb0312b1, current disk f78c2cb0262179859b0dddf0e20cd2e545c4d4a0356801d68bc6b4131dae0ef5"

======================================================================
FAIL: test_historical_visible_omission_projection_matrix (tests.test_survey_increment_b_weekly_derivation_v2.IncrementBWeeklyDerivationV2Tests.test_historical_visible_omission_projection_matrix) (name='front heading')
----------------------------------------------------------------------
ValueError: Reviewed surface bytes drifted for sources/2026-W37/publication/v2/reader-surface-input-v2.json: recorded ffa1bedacf6c9a1775e178430aa1c2760f272719bdd36f4ba50d2ce6cb0312b1, current disk 5eee6537dcf69c4643a01d22ef720dc5a05296c21353b97acd7b885f13029c81

During handling of the above exception, another exception occurred:

Traceback (most recent call last):
  File "/tmp/jgas-rephase-increment-b-sol-implementation/tests/test_survey_increment_b_weekly_derivation_v2.py", line 638, in test_historical_visible_omission_projection_matrix
    with self.assertRaisesRegex(ValueError, "SHA-256 mismatch"):
         ^^^^^^^^^^^^^^^^^^^^^^^^^^^^^^^^^^^^^^^^^^^^^^^^^^^^^^
AssertionError: "SHA-256 mismatch" does not match "Reviewed surface bytes drifted for sources/2026-W37/publication/v2/reader-surface-input-v2.json: recorded ffa1bedacf6c9a1775e178430aa1c2760f272719bdd36f4ba50d2ce6cb0312b1, current disk 5eee6537dcf69c4643a01d22ef720dc5a05296c21353b97acd7b885f13029c81"

======================================================================
FAIL: test_historical_visible_omission_projection_matrix (tests.test_survey_increment_b_weekly_derivation_v2.IncrementBWeeklyDerivationV2Tests.test_historical_visible_omission_projection_matrix) (name='front lede')
----------------------------------------------------------------------
ValueError: Reviewed surface bytes drifted for sources/2026-W37/publication/v2/reader-surface-input-v2.json: recorded ffa1bedacf6c9a1775e178430aa1c2760f272719bdd36f4ba50d2ce6cb0312b1, current disk 5381cf58f699ce1400975959c99f501e13dad6f70f9048f8a6e1930ab3bd5164

During handling of the above exception, another exception occurred:

Traceback (most recent call last):
  File "/tmp/jgas-rephase-increment-b-sol-implementation/tests/test_survey_increment_b_weekly_derivation_v2.py", line 638, in test_historical_visible_omission_projection_matrix
    with self.assertRaisesRegex(ValueError, "SHA-256 mismatch"):
         ^^^^^^^^^^^^^^^^^^^^^^^^^^^^^^^^^^^^^^^^^^^^^^^^^^^^^^
AssertionError: "SHA-256 mismatch" does not match "Reviewed surface bytes drifted for sources/2026-W37/publication/v2/reader-surface-input-v2.json: recorded ffa1bedacf6c9a1775e178430aa1c2760f272719bdd36f4ba50d2ce6cb0312b1, current disk 5381cf58f699ce1400975959c99f501e13dad6f70f9048f8a6e1930ab3bd5164"

======================================================================
FAIL: test_historical_visible_omission_projection_matrix (tests.test_survey_increment_b_weekly_derivation_v2.IncrementBWeeklyDerivationV2Tests.test_historical_visible_omission_projection_matrix) (name='front scope')
----------------------------------------------------------------------
ValueError: Reviewed surface bytes drifted for sources/2026-W37/publication/v2/reader-surface-input-v2.json: recorded ffa1bedacf6c9a1775e178430aa1c2760f272719bdd36f4ba50d2ce6cb0312b1, current disk 3e88b120be847c4065e20a56acfb6c1ca3b02e98dd87922b0f9fb40a9014120f

During handling of the above exception, another exception occurred:

Traceback (most recent call last):
  File "/tmp/jgas-rephase-increment-b-sol-implementation/tests/test_survey_increment_b_weekly_derivation_v2.py", line 638, in test_historical_visible_omission_projection_matrix
    with self.assertRaisesRegex(ValueError, "SHA-256 mismatch"):
         ^^^^^^^^^^^^^^^^^^^^^^^^^^^^^^^^^^^^^^^^^^^^^^^^^^^^^^
AssertionError: "SHA-256 mismatch" does not match "Reviewed surface bytes drifted for sources/2026-W37/publication/v2/reader-surface-input-v2.json: recorded ffa1bedacf6c9a1775e178430aa1c2760f272719bdd36f4ba50d2ce6cb0312b1, current disk 3e88b120be847c4065e20a56acfb6c1ca3b02e98dd87922b0f9fb40a9014120f"

======================================================================
FAIL: test_historical_visible_omission_projection_matrix (tests.test_survey_increment_b_weekly_derivation_v2.IncrementBWeeklyDerivationV2Tests.test_historical_visible_omission_projection_matrix) (name='final heading')
----------------------------------------------------------------------
ValueError: Reviewed surface bytes drifted for sources/2026-W37/publication/v2/reader-surface-input-v2.json: recorded ffa1bedacf6c9a1775e178430aa1c2760f272719bdd36f4ba50d2ce6cb0312b1, current disk d3d9ca074c4041d07b23a5c9b66a56140f1aabcb5d165fc4187363891935a5e3

During handling of the above exception, another exception occurred:

Traceback (most recent call last):
  File "/tmp/jgas-rephase-increment-b-sol-implementation/tests/test_survey_increment_b_weekly_derivation_v2.py", line 638, in test_historical_visible_omission_projection_matrix
    with self.assertRaisesRegex(ValueError, "SHA-256 mismatch"):
         ^^^^^^^^^^^^^^^^^^^^^^^^^^^^^^^^^^^^^^^^^^^^^^^^^^^^^^
AssertionError: "SHA-256 mismatch" does not match "Reviewed surface bytes drifted for sources/2026-W37/publication/v2/reader-surface-input-v2.json: recorded ffa1bedacf6c9a1775e178430aa1c2760f272719bdd36f4ba50d2ce6cb0312b1, current disk d3d9ca074c4041d07b23a5c9b66a56140f1aabcb5d165fc4187363891935a5e3"

======================================================================
FAIL: test_historical_visible_omission_projection_matrix (tests.test_survey_increment_b_weekly_derivation_v2.IncrementBWeeklyDerivationV2Tests.test_historical_visible_omission_projection_matrix) (name='section label')
----------------------------------------------------------------------
ValueError: Reviewed surface bytes drifted for sources/2026-W37/publication/v2/reader-surface-input-v2.json: recorded ffa1bedacf6c9a1775e178430aa1c2760f272719bdd36f4ba50d2ce6cb0312b1, current disk 6940055de043f45c86b1df030d7cb6247e00d6114bce38ae7c220f319aa47c94

During handling of the above exception, another exception occurred:

Traceback (most recent call last):
  File "/tmp/jgas-rephase-increment-b-sol-implementation/tests/test_survey_increment_b_weekly_derivation_v2.py", line 638, in test_historical_visible_omission_projection_matrix
    with self.assertRaisesRegex(ValueError, "SHA-256 mismatch"):
         ^^^^^^^^^^^^^^^^^^^^^^^^^^^^^^^^^^^^^^^^^^^^^^^^^^^^^^
AssertionError: "SHA-256 mismatch" does not match "Reviewed surface bytes drifted for sources/2026-W37/publication/v2/reader-surface-input-v2.json: recorded ffa1bedacf6c9a1775e178430aa1c2760f272719bdd36f4ba50d2ce6cb0312b1, current disk 6940055de043f45c86b1df030d7cb6247e00d6114bce38ae7c220f319aa47c94"

======================================================================
FAIL: test_historical_visible_omission_projection_matrix (tests.test_survey_increment_b_weekly_derivation_v2.IncrementBWeeklyDerivationV2Tests.test_historical_visible_omission_projection_matrix) (name='result claim boundary')
----------------------------------------------------------------------
ValueError: Reviewed surface bytes drifted for sources/2026-W37/publication/v2/reader-surface-input-v2.json: recorded ffa1bedacf6c9a1775e178430aa1c2760f272719bdd36f4ba50d2ce6cb0312b1, current disk 52b8905cdf99709be1dafdec372b6d3db96c10865ab3fabc3a991dffc5e967d0

During handling of the above exception, another exception occurred:

Traceback (most recent call last):
  File "/tmp/jgas-rephase-increment-b-sol-implementation/tests/test_survey_increment_b_weekly_derivation_v2.py", line 638, in test_historical_visible_omission_projection_matrix
    with self.assertRaisesRegex(ValueError, "SHA-256 mismatch"):
         ^^^^^^^^^^^^^^^^^^^^^^^^^^^^^^^^^^^^^^^^^^^^^^^^^^^^^^
AssertionError: "SHA-256 mismatch" does not match "Reviewed surface bytes drifted for sources/2026-W37/publication/v2/reader-surface-input-v2.json: recorded ffa1bedacf6c9a1775e178430aa1c2760f272719bdd36f4ba50d2ce6cb0312b1, current disk 52b8905cdf99709be1dafdec372b6d3db96c10865ab3fabc3a991dffc5e967d0"

======================================================================
FAIL: test_historical_visible_omission_projection_matrix (tests.test_survey_increment_b_weekly_derivation_v2.IncrementBWeeklyDerivationV2Tests.test_historical_visible_omission_projection_matrix) (name='display date')
----------------------------------------------------------------------
ValueError: Reviewed surface bytes drifted for sources/2026-W37/publication/v2/reader-surface-input-v2.json: recorded ffa1bedacf6c9a1775e178430aa1c2760f272719bdd36f4ba50d2ce6cb0312b1, current disk af77709f999c585650b6dcce0ec62f20ffbfbf4e1d1a708e79fea53b44d35d1f

During handling of the above exception, another exception occurred:

Traceback (most recent call last):
  File "/tmp/jgas-rephase-increment-b-sol-implementation/tests/test_survey_increment_b_weekly_derivation_v2.py", line 638, in test_historical_visible_omission_projection_matrix
    with self.assertRaisesRegex(ValueError, "SHA-256 mismatch"):
         ^^^^^^^^^^^^^^^^^^^^^^^^^^^^^^^^^^^^^^^^^^^^^^^^^^^^^^
AssertionError: "SHA-256 mismatch" does not match "Reviewed surface bytes drifted for sources/2026-W37/publication/v2/reader-surface-input-v2.json: recorded ffa1bedacf6c9a1775e178430aa1c2760f272719bdd36f4ba50d2ce6cb0312b1, current disk af77709f999c585650b6dcce0ec62f20ffbfbf4e1d1a708e79fea53b44d35d1f"

======================================================================
FAIL: test_historical_visible_omission_projection_matrix (tests.test_survey_increment_b_weekly_derivation_v2.IncrementBWeeklyDerivationV2Tests.test_historical_visible_omission_projection_matrix) (name='window boundary')
----------------------------------------------------------------------
ValueError: Reviewed surface bytes drifted for sources/2026-W37/publication/v2/reader-surface-input-v2.json: recorded ffa1bedacf6c9a1775e178430aa1c2760f272719bdd36f4ba50d2ce6cb0312b1, current disk 5a628cbef2b30ffa9ff02ae7fce0384132c4c3c4a358bcf305910675bc7ffffe

During handling of the above exception, another exception occurred:

Traceback (most recent call last):
  File "/tmp/jgas-rephase-increment-b-sol-implementation/tests/test_survey_increment_b_weekly_derivation_v2.py", line 638, in test_historical_visible_omission_projection_matrix
    with self.assertRaisesRegex(ValueError, "SHA-256 mismatch"):
         ^^^^^^^^^^^^^^^^^^^^^^^^^^^^^^^^^^^^^^^^^^^^^^^^^^^^^^
AssertionError: "SHA-256 mismatch" does not match "Reviewed surface bytes drifted for sources/2026-W37/publication/v2/reader-surface-input-v2.json: recorded ffa1bedacf6c9a1775e178430aa1c2760f272719bdd36f4ba50d2ce6cb0312b1, current disk 5a628cbef2b30ffa9ff02ae7fce0384132c4c3c4a358bcf305910675bc7ffffe"

======================================================================
FAIL: test_historical_visible_omission_projection_matrix (tests.test_survey_increment_b_weekly_derivation_v2.IncrementBWeeklyDerivationV2Tests.test_historical_visible_omission_projection_matrix) (name='citation identity')
----------------------------------------------------------------------
ValueError: Reviewed surface bytes drifted for sources/2026-W37/publication/v2/reader-surface-input-v2.json: recorded ffa1bedacf6c9a1775e178430aa1c2760f272719bdd36f4ba50d2ce6cb0312b1, current disk cba8d21fc7beaa392d70aa2fdf80248557e2d442aa7cbbb1e9ee173b800cb53e

During handling of the above exception, another exception occurred:

Traceback (most recent call last):
  File "/tmp/jgas-rephase-increment-b-sol-implementation/tests/test_survey_increment_b_weekly_derivation_v2.py", line 638, in test_historical_visible_omission_projection_matrix
    with self.assertRaisesRegex(ValueError, "SHA-256 mismatch"):
         ^^^^^^^^^^^^^^^^^^^^^^^^^^^^^^^^^^^^^^^^^^^^^^^^^^^^^^
AssertionError: "SHA-256 mismatch" does not match "Reviewed surface bytes drifted for sources/2026-W37/publication/v2/reader-surface-input-v2.json: recorded ffa1bedacf6c9a1775e178430aa1c2760f272719bdd36f4ba50d2ce6cb0312b1, current disk cba8d21fc7beaa392d70aa2fdf80248557e2d442aa7cbbb1e9ee173b800cb53e"

======================================================================
FAIL: test_historical_visible_omission_projection_matrix (tests.test_survey_increment_b_weekly_derivation_v2.IncrementBWeeklyDerivationV2Tests.test_historical_visible_omission_projection_matrix) (name='cover headline control')
----------------------------------------------------------------------
ValueError: Reviewed surface bytes drifted for sources/2026-W37/publication/v2/reader-surface-input-v2.json: recorded ffa1bedacf6c9a1775e178430aa1c2760f272719bdd36f4ba50d2ce6cb0312b1, current disk b2decb0885ba6305f33d60ef2f14c6e8d0068b3ac9e052c2e340593054c831a2

During handling of the above exception, another exception occurred:

Traceback (most recent call last):
  File "/tmp/jgas-rephase-increment-b-sol-implementation/tests/test_survey_increment_b_weekly_derivation_v2.py", line 638, in test_historical_visible_omission_projection_matrix
    with self.assertRaisesRegex(ValueError, "SHA-256 mismatch"):
         ^^^^^^^^^^^^^^^^^^^^^^^^^^^^^^^^^^^^^^^^^^^^^^^^^^^^^^
AssertionError: "SHA-256 mismatch" does not match "Reviewed surface bytes drifted for sources/2026-W37/publication/v2/reader-surface-input-v2.json: recorded ffa1bedacf6c9a1775e178430aa1c2760f272719bdd36f4ba50d2ce6cb0312b1, current disk b2decb0885ba6305f33d60ef2f14c6e8d0068b3ac9e052c2e340593054c831a2"

======================================================================
FAIL: test_historical_visible_omission_projection_matrix (tests.test_survey_increment_b_weekly_derivation_v2.IncrementBWeeklyDerivationV2Tests.test_historical_visible_omission_projection_matrix) (name='summary paragraph control')
----------------------------------------------------------------------
ValueError: Reviewed surface bytes drifted for sources/2026-W37/publication/v2/reader-surface-input-v2.json: recorded ffa1bedacf6c9a1775e178430aa1c2760f272719bdd36f4ba50d2ce6cb0312b1, current disk 565d25f8b05665f834345b259f8b0c0edf60d5dc365d85df50db0997a627726d

During handling of the above exception, another exception occurred:

Traceback (most recent call last):
  File "/tmp/jgas-rephase-increment-b-sol-implementation/tests/test_survey_increment_b_weekly_derivation_v2.py", line 638, in test_historical_visible_omission_projection_matrix
    with self.assertRaisesRegex(ValueError, "SHA-256 mismatch"):
         ^^^^^^^^^^^^^^^^^^^^^^^^^^^^^^^^^^^^^^^^^^^^^^^^^^^^^^
AssertionError: "SHA-256 mismatch" does not match "Reviewed surface bytes drifted for sources/2026-W37/publication/v2/reader-surface-input-v2.json: recorded ffa1bedacf6c9a1775e178430aa1c2760f272719bdd36f4ba50d2ce6cb0312b1, current disk 565d25f8b05665f834345b259f8b0c0edf60d5dc365d85df50db0997a627726d"

----------------------------------------------------------------------
Ran 1 test in 24.863s

FAILED (failures=12)
