test_accepted_weekly_current_state_probe (tests.test_survey_increment_b_weekly_derivation_v2.IncrementBWeeklyDerivationV2Tests.test_accepted_weekly_current_state_probe) ... ERROR

======================================================================
ERROR: test_accepted_weekly_current_state_probe (tests.test_survey_increment_b_weekly_derivation_v2.IncrementBWeeklyDerivationV2Tests.test_accepted_weekly_current_state_probe)
----------------------------------------------------------------------
Traceback (most recent call last):
  File "/tmp/jgas-rephase-increment-b-sol-implementation/tests/test_survey_increment_b_weekly_derivation_v2.py", line 269, in test_accepted_weekly_current_state_probe
    state_path = self._current_state(chain)
                 ^^^^^^^^^^^^^^^^^^^^^^^^^^
  File "/tmp/jgas-rephase-increment-b-sol-implementation/tests/test_survey_increment_b_weekly_derivation_v2.py", line 253, in _current_state
    self._advance(chain, stage, artifacts, number + 1)
  File "/tmp/jgas-rephase-increment-b-sol-implementation/tests/test_survey_increment_b_weekly_derivation_v2.py", line 207, in _advance
    stage_validation.validate_stage(self.root, self.cfg, state_path, artifacts, report, stamp)
  File "/tmp/jgas-rephase-increment-b-sol-implementation/scripts/survey_stage_validation_v2.py", line 627, in validate_stage
    _validate_stage_semantics(repo_root, cfg, state, profile_path, profile, artifacts, current, current_impl, state_path)
  File "/tmp/jgas-rephase-increment-b-sol-implementation/scripts/survey_stage_validation_v2.py", line 450, in _validate_stage_semantics
    raise StageValidationError(f"Draft extension propagation invalid for {package_id}: " + "; ".join(errors))
scripts.survey_stage_validation_v2.StageValidationError: Draft extension propagation invalid for pkg-001: Research Profile Draft extensions must exactly preserve the authorized Draft Package directives; Publication Profile Draft extensions must exactly preserve the authorized Draft Package directives

----------------------------------------------------------------------
Ran 1 test in 20.331s

FAILED (errors=1)
