test_n10_full_weekly_chain_no_human_decision (tests.test_survey_publication_revalidation_v2.PublicationRevalidationTests.test_n10_full_weekly_chain_no_human_decision) ... ok
test_n1_unreferenced_forged_record_inert (tests.test_survey_publication_revalidation_v2.PublicationRevalidationTests.test_n1_unreferenced_forged_record_inert) ... ok
test_n2_state_authority_sha_mismatch (tests.test_survey_publication_revalidation_v2.PublicationRevalidationTests.test_n2_state_authority_sha_mismatch) ... ok
test_n3_referenced_record_tamper (tests.test_survey_publication_revalidation_v2.PublicationRevalidationTests.test_n3_referenced_record_tamper) ... ok
test_n4_post_preview_forged_activation_fails (tests.test_survey_publication_revalidation_v2.PublicationRevalidationTests.test_n4_post_preview_forged_activation_fails) ... ok
test_n5_post_freeze_forged_activation_fails (tests.test_survey_publication_revalidation_v2.PublicationRevalidationTests.test_n5_post_freeze_forged_activation_fails) ... ok
test_n6_immutable_multi_round_chain (tests.test_survey_publication_revalidation_v2.PublicationRevalidationTests.test_n6_immutable_multi_round_chain) ... ok
test_n7_historical_chain_tamper_fails (tests.test_survey_publication_revalidation_v2.PublicationRevalidationTests.test_n7_historical_chain_tamper_fails) ... ok
test_n8_unrelated_historical_record_inert (tests.test_survey_publication_revalidation_v2.PublicationRevalidationTests.test_n8_unrelated_historical_record_inert) ... ok
test_n9_gate_separation (tests.test_survey_publication_revalidation_v2.PublicationRevalidationTests.test_n9_gate_separation) ... ok
test_no_edition_conditionals_in_new_paths (tests.test_survey_publication_revalidation_v2.PublicationRevalidationTests.test_no_edition_conditionals_in_new_paths) ... ok
test_t10_after_freeze_forbidden (tests.test_survey_publication_revalidation_v2.PublicationRevalidationTests.test_t10_after_freeze_forbidden) ... ok
test_t11_weekly_viability_and_t13_chain (tests.test_survey_publication_revalidation_v2.PublicationRevalidationTests.test_t11_weekly_viability_and_t13_chain) ... ok
test_t12_special_layout_genericity (tests.test_survey_publication_revalidation_v2.PublicationRevalidationTests.test_t12_special_layout_genericity) ... ok
test_t1_legitimate_regeneration_revalidates (tests.test_survey_publication_revalidation_v2.PublicationRevalidationTests.test_t1_legitimate_regeneration_revalidates) ... ok
test_t2_old_checkpoint_immutable (tests.test_survey_publication_revalidation_v2.PublicationRevalidationTests.test_t2_old_checkpoint_immutable) ... ok
test_t3_upstream_mutation_rejected (tests.test_survey_publication_revalidation_v2.PublicationRevalidationTests.test_t3_upstream_mutation_rejected) ... ok
test_t4_architecture_approval_mismatch_rejected (tests.test_survey_publication_revalidation_v2.PublicationRevalidationTests.test_t4_architecture_approval_mismatch_rejected) ... ok
test_t5_draft_mutation_rejected (tests.test_survey_publication_revalidation_v2.PublicationRevalidationTests.test_t5_draft_mutation_rejected) ... ok
test_t6_incomplete_qa_rejected (tests.test_survey_publication_revalidation_v2.PublicationRevalidationTests.test_t6_incomplete_qa_rejected) ... ok
test_t7_stale_candidate_no_longer_validates (tests.test_survey_publication_revalidation_v2.PublicationRevalidationTests.test_t7_stale_candidate_no_longer_validates) ... ok
test_t8_exact_new_byte_binding (tests.test_survey_publication_revalidation_v2.PublicationRevalidationTests.test_t8_exact_new_byte_binding) ... ok
test_t9_after_preview_decision_forbidden (tests.test_survey_publication_revalidation_v2.PublicationRevalidationTests.test_t9_after_preview_decision_forbidden) ... ok
test_no_edition_conditionals_in_revision_pointer (tests.test_survey_human_gate_revalidation_revision_v2.RevalidationRevisionTests.test_no_edition_conditionals_in_revision_pointer) ... ok
test_r1_draft_complete_clears_pointer (tests.test_survey_human_gate_revalidation_revision_v2.RevalidationRevisionTests.test_r1_draft_complete_clears_pointer) ... ok
test_r2_validated_draft_preserves_pointer (tests.test_survey_human_gate_revalidation_revision_v2.RevalidationRevisionTests.test_r2_validated_draft_preserves_pointer) ... ok
test_r3_earlier_boundary_clears_pointer (tests.test_survey_human_gate_revalidation_revision_v2.RevalidationRevisionTests.test_r3_earlier_boundary_clears_pointer) ... ok
test_r4_corrupt_pointer_fails_preflight (tests.test_survey_human_gate_revalidation_revision_v2.RevalidationRevisionTests.test_r4_corrupt_pointer_fails_preflight) ... ok
test_r5_historical_record_retained_byte_identical (tests.test_survey_human_gate_revalidation_revision_v2.RevalidationRevisionTests.test_r5_historical_record_retained_byte_identical) ... ok
test_r6_forward_recovery_roundtrip (tests.test_survey_human_gate_revalidation_revision_v2.RevalidationRevisionTests.test_r6_forward_recovery_roundtrip) ... ok
test_r7_later_revalidation_sequence_usable (tests.test_survey_human_gate_revalidation_revision_v2.RevalidationRevisionTests.test_r7_later_revalidation_sequence_usable) ... ok
test_draft_complete_exact_selected_manuscript_passes (tests.test_survey_exact_manuscript_admission_v2.ExactManuscriptAdmissionV2Tests.test_draft_complete_exact_selected_manuscript_passes) ... ok
test_draft_complete_rejects_valid_same_identity_alternate_manuscript (tests.test_survey_exact_manuscript_admission_v2.ExactManuscriptAdmissionV2Tests.test_draft_complete_rejects_valid_same_identity_alternate_manuscript) ... ok
test_gate_rejects_fresh_forged_digest_for_other_valid_manifest (tests.test_survey_exact_manuscript_admission_v2.ExactManuscriptAdmissionV2Tests.test_gate_rejects_fresh_forged_digest_for_other_valid_manifest) ... ok
test_gate_rejects_stale_selected_manifest_bytes (tests.test_survey_exact_manuscript_admission_v2.ExactManuscriptAdmissionV2Tests.test_gate_rejects_stale_selected_manifest_bytes) ... ok
test_gate_rejects_swapped_primary_from_exact_manifest (tests.test_survey_exact_manuscript_admission_v2.ExactManuscriptAdmissionV2Tests.test_gate_rejects_swapped_primary_from_exact_manifest) ... ok
test_gate_requires_unique_manifest_and_primary_surfaces (tests.test_survey_exact_manuscript_admission_v2.ExactManuscriptAdmissionV2Tests.test_gate_requires_unique_manifest_and_primary_surfaces) ... ok
test_later_stage_rejects_fresh_wrong_gate_under_active_revalidation (tests.test_survey_exact_manuscript_admission_v2.ExactManuscriptAdmissionV2Tests.test_later_stage_rejects_fresh_wrong_gate_under_active_revalidation) ... ok
test_revalidation_exact_gate_passes_and_later_stage_reads_it (tests.test_survey_exact_manuscript_admission_v2.ExactManuscriptAdmissionV2Tests.test_revalidation_exact_gate_passes_and_later_stage_reads_it) ... ok
test_revalidation_rejects_wrong_gate_before_authority_write (tests.test_survey_exact_manuscript_admission_v2.ExactManuscriptAdmissionV2Tests.test_revalidation_rejects_wrong_gate_before_authority_write) ... ok
test_validated_draft_exact_selected_manuscript_passes (tests.test_survey_exact_manuscript_admission_v2.ExactManuscriptAdmissionV2Tests.test_validated_draft_exact_selected_manuscript_passes) ... ok
test_validated_draft_rejects_valid_same_identity_alternate_manuscript (tests.test_survey_exact_manuscript_admission_v2.ExactManuscriptAdmissionV2Tests.test_validated_draft_rejects_valid_same_identity_alternate_manuscript) ... ok
test_archived_evidence_may_revalidate_after_canonical_state_bytes_advance (tests.test_survey_agent_tool_v2.SurveyAgentToolV2Tests.test_archived_evidence_may_revalidate_after_canonical_state_bytes_advance) ... ok
test_archived_screening_may_revalidate_after_canonical_state_bytes_advance (tests.test_survey_agent_tool_v2.SurveyAgentToolV2Tests.test_archived_screening_may_revalidate_after_canonical_state_bytes_advance) ... ok
test_historical_state_exception_requires_content_addressed_acceptance (tests.test_survey_agent_tool_v2.SurveyAgentToolV2Tests.test_historical_state_exception_requires_content_addressed_acceptance) ... ok
test_non_state_evidence_drift_is_never_relaxed (tests.test_survey_agent_tool_v2.SurveyAgentToolV2Tests.test_non_state_evidence_drift_is_never_relaxed) ... ok
test_non_state_screening_drift_is_never_relaxed (tests.test_survey_agent_tool_v2.SurveyAgentToolV2Tests.test_non_state_screening_drift_is_never_relaxed) ... ok
test_agent_review_cannot_fake_deterministic_result (tests.test_survey_agent_control_v2.SurveyAgentControlV2Tests.test_agent_review_cannot_fake_deterministic_result) ... ok
test_compact_checkpoint_cannot_advance_on_review_only_without_stage_authority (tests.test_survey_agent_control_v2.SurveyAgentControlV2Tests.test_compact_checkpoint_cannot_advance_on_review_only_without_stage_authority) ... ok
test_new_contract_version_can_validate_next_stage_without_rewriting_initial_profile (tests.test_survey_agent_control_v2.SurveyAgentControlV2Tests.test_new_contract_version_can_validate_next_stage_without_rewriting_initial_profile) ... ok
test_normal_progress_stops_at_architecture_human_gate_not_internal_stages (tests.test_survey_agent_control_v2.SurveyAgentControlV2Tests.test_normal_progress_stops_at_architecture_human_gate_not_internal_stages) ... ok
test_stage_checkpoint_records_current_implementation_not_initialization_pin (tests.test_survey_agent_control_v2.SurveyAgentControlV2Tests.test_stage_checkpoint_records_current_implementation_not_initialization_pin) ... ok

----------------------------------------------------------------------
Ran 52 tests in 101.260s

OK
